== Abstract Syntax Tree ==
Select(GroupBy(As(Root(ArraySeq((word,String), (count,Integer))), a,b), 'a), 'a,('b).sum as 'c)

== Physical Execution Plan ==
Stage 6 : Data Source
	content : at org.apache.flink.api.scala.ExecutionEnvironment.fromElements(ExecutionEnvironment.scala:520) (org.apache.flink.api.java.io.CollectionInputFormat)
	Partitioning : RANDOM_PARTITIONED
	Partitioning Order : (none)
	Uniqueness : not unique
	Order : (none)
	Grouping : not grouped
	Uniqueness : not unique
	Est. Output Size : (unknown)
	Est. Cardinality : (unknown)
	Network : 0.0
	Disk I/O : 0.0
	CPU : 0.0
	Cumulative Network : 0.0
	Cumulative Disk I/O : 0.0
	Cumulative CPU : 0.0
	Output Size (bytes) : (none)
	Output Cardinality : (none)
	Avg. Output Record Size (bytes) : (none)
	Filter Factor : (none)

	Stage 5 : Map
		content : Map at select('word as 'word,'count as 'count)
		ship_strategy : Forward
		exchange_mode : PIPELINED
		driver_strategy : Map
		Partitioning : RANDOM_PARTITIONED
		Partitioning Order : (none)
		Uniqueness : not unique
		Order : (none)
		Grouping : not grouped
		Uniqueness : not unique
		Est. Output Size : (unknown)
		Est. Cardinality : (unknown)
		Network : 0.0
		Disk I/O : 0.0
		CPU : 0.0
		Cumulative Network : 0.0
		Cumulative Disk I/O : 0.0
		Cumulative CPU : 0.0
		Output Size (bytes) : (none)
		Output Cardinality : (none)
		Avg. Output Record Size (bytes) : (none)
		Filter Factor : (none)

		Stage 4 : Map
			content : Map at select('b as 'intermediate.1,'a as 'a)
			ship_strategy : Forward
			exchange_mode : PIPELINED
			driver_strategy : Map
			Partitioning : RANDOM_PARTITIONED
			Partitioning Order : (none)
			Uniqueness : not unique
			Order : (none)
			Grouping : not grouped
			Uniqueness : not unique
			Est. Output Size : (unknown)
			Est. Cardinality : (unknown)
			Network : 0.0
			Disk I/O : 0.0
			CPU : 0.0
			Cumulative Network : 0.0
			Cumulative Disk I/O : 0.0
			Cumulative CPU : 0.0
			Output Size (bytes) : (none)
			Output Cardinality : (none)
			Avg. Output Record Size (bytes) : (none)
			Filter Factor : (none)

			Stage 3 : GroupCombine
				content : GroupReduce at Expression Aggregation: Aggregate(GroupBy(Select(As(Root(ArraySeq((word,String), (count,Integer))), a,b), 'b as 'intermediate.1,'a as 'a), 'a), (intermediate.1,SUM))
				ship_strategy : Forward
				exchange_mode : PIPELINED
				driver_strategy : Sorted Combine
				Partitioning : RANDOM_PARTITIONED
				Partitioning Order : (none)
				Uniqueness : not unique
				Order : (none)
				Grouping : not grouped
				Uniqueness : not unique
				Est. Output Size : (unknown)
				Est. Cardinality : (unknown)
				Network : 0.0
				Disk I/O : 0.0
				CPU : 0.0
				Cumulative Network : 0.0
				Cumulative Disk I/O : 0.0
				Cumulative CPU : 0.0
				Output Size (bytes) : (none)
				Output Cardinality : (none)
				Avg. Output Record Size (bytes) : (none)
				Filter Factor : (none)

				Stage 2 : GroupReduce
					content : GroupReduce at Expression Aggregation: Aggregate(GroupBy(Select(As(Root(ArraySeq((word,String), (count,Integer))), a,b), 'b as 'intermediate.1,'a as 'a), 'a), (intermediate.1,SUM))
					ship_strategy : Hash Partition on [1]
					exchange_mode : PIPELINED
					driver_strategy : Sorted Group Reduce
					Partitioning : RANDOM_PARTITIONED
					Partitioning Order : (none)
					Uniqueness : not unique
					Order : (none)
					Grouping : not grouped
					Uniqueness : not unique
					Est. Output Size : (unknown)
					Est. Cardinality : (unknown)
					Network : (unknown)
					Disk I/O : (unknown)
					CPU : (unknown)
					Cumulative Network : (unknown)
					Cumulative Disk I/O : (unknown)
					Cumulative CPU : (unknown)
					Output Size (bytes) : (none)
					Output Cardinality : (none)
					Avg. Output Record Size (bytes) : (none)
					Filter Factor : (none)

					Stage 1 : Map
						content : Map at select('a,'intermediate.1 as 'result.1 as 'c)
						ship_strategy : Forward
						exchange_mode : PIPELINED
						driver_strategy : Map
						Partitioning : RANDOM_PARTITIONED
						Partitioning Order : (none)
						Uniqueness : not unique
						Order : (none)
						Grouping : not grouped
						Uniqueness : not unique
						Est. Output Size : (unknown)
						Est. Cardinality : (unknown)
						Network : 0.0
						Disk I/O : 0.0
						CPU : 0.0
						Cumulative Network : (unknown)
						Cumulative Disk I/O : (unknown)
						Cumulative CPU : (unknown)
						Output Size (bytes) : (none)
						Output Cardinality : (none)
						Avg. Output Record Size (bytes) : (none)
						Filter Factor : (none)

						Stage 0 : Data Sink
							content : org.apache.flink.api.java.io.DiscardingOutputFormat
							ship_strategy : Forward
							exchange_mode : PIPELINED
							Partitioning : RANDOM_PARTITIONED
							Partitioning Order : (none)
							Uniqueness : not unique
							Order : (none)
							Grouping : not grouped
							Uniqueness : not unique
							Est. Output Size : (unknown)
							Est. Cardinality : (unknown)
							Network : 0.0
							Disk I/O : 0.0
							CPU : 0.0
							Cumulative Network : (unknown)
							Cumulative Disk I/O : (unknown)
							Cumulative CPU : (unknown)
							Output Size (bytes) : (none)
							Output Cardinality : (none)
							Avg. Output Record Size (bytes) : (none)
							Filter Factor : (none)

