== Abstract Syntax Tree ==
Select(Filter(Join(As(Root(ArraySeq((count,Integer), (word,String))), a,b), As(Root(ArraySeq((count,Integer), (word,String))), c,d)), 'b === 'd), 'a,'c)

== Physical Execution Plan ==
Stage 3 : Data Source
	content : collect elements with CollectionInputFormat
	Partitioning : RANDOM_PARTITIONED
	Partitioning Order : (none)
	Uniqueness : not unique
	Order : (none)
	Grouping : not grouped
	Uniqueness : not unique
	Est. Output Size : (unknown)
	Est. Cardinality : (unknown)
	Network : 0.0
	Disk I/O : 0.0
	CPU : 0.0
	Cumulative Network : 0.0
	Cumulative Disk I/O : 0.0
	Cumulative CPU : 0.0
	Output Size (bytes) : (none)
	Output Cardinality : (none)
	Avg. Output Record Size (bytes) : (none)
	Filter Factor : (none)

	Stage 2 : Map
		content : Map at select('count as 'count,'word as 'word)
		ship_strategy : Forward
		exchange_mode : PIPELINED
		driver_strategy : Map
		Partitioning : RANDOM_PARTITIONED
		Partitioning Order : (none)
		Uniqueness : not unique
		Order : (none)
		Grouping : not grouped
		Uniqueness : not unique
		Est. Output Size : (unknown)
		Est. Cardinality : (unknown)
		Network : 0.0
		Disk I/O : 0.0
		CPU : 0.0
		Cumulative Network : 0.0
		Cumulative Disk I/O : 0.0
		Cumulative CPU : 0.0
		Output Size (bytes) : (none)
		Output Cardinality : (none)
		Avg. Output Record Size (bytes) : (none)
		Filter Factor : (none)

Stage 5 : Data Source
	content : collect elements with CollectionInputFormat
	Partitioning : RANDOM_PARTITIONED
	Partitioning Order : (none)
	Uniqueness : not unique
	Order : (none)
	Grouping : not grouped
	Uniqueness : not unique
	Est. Output Size : (unknown)
	Est. Cardinality : (unknown)
	Network : 0.0
	Disk I/O : 0.0
	CPU : 0.0
	Cumulative Network : 0.0
	Cumulative Disk I/O : 0.0
	Cumulative CPU : 0.0
	Output Size (bytes) : (none)
	Output Cardinality : (none)
	Avg. Output Record Size (bytes) : (none)
	Filter Factor : (none)

	Stage 4 : Map
		content : Map at select('count as 'count,'word as 'word)
		ship_strategy : Forward
		exchange_mode : PIPELINED
		driver_strategy : Map
		Partitioning : RANDOM_PARTITIONED
		Partitioning Order : (none)
		Uniqueness : not unique
		Order : (none)
		Grouping : not grouped
		Uniqueness : not unique
		Est. Output Size : (unknown)
		Est. Cardinality : (unknown)
		Network : 0.0
		Disk I/O : 0.0
		CPU : 0.0
		Cumulative Network : 0.0
		Cumulative Disk I/O : 0.0
		Cumulative CPU : 0.0
		Output Size (bytes) : (none)
		Output Cardinality : (none)
		Avg. Output Record Size (bytes) : (none)
		Filter Factor : (none)

		Stage 1 : Join
			content : Join at 'b === 'd
			ship_strategy : Hash Partition on [1]
			exchange_mode : PIPELINED
			driver_strategy : Hybrid Hash (build: Map at select('count as 'count,'word as 'word))
			Partitioning : RANDOM_PARTITIONED
			Partitioning Order : (none)
			Uniqueness : not unique
			Order : (none)
			Grouping : not grouped
			Uniqueness : not unique
			Est. Output Size : (unknown)
			Est. Cardinality : (unknown)
			Network : (unknown)
			Disk I/O : (unknown)
			CPU : (unknown)
			Cumulative Network : (unknown)
			Cumulative Disk I/O : (unknown)
			Cumulative CPU : (unknown)
			Output Size (bytes) : (none)
			Output Cardinality : (none)
			Avg. Output Record Size (bytes) : (none)
			Filter Factor : (none)

			Stage 0 : Data Sink
				content : org.apache.flink.api.java.io.DiscardingOutputFormat
				ship_strategy : Forward
				exchange_mode : PIPELINED
				Partitioning : RANDOM_PARTITIONED
				Partitioning Order : (none)
				Uniqueness : not unique
				Order : (none)
				Grouping : not grouped
				Uniqueness : not unique
				Est. Output Size : (unknown)
				Est. Cardinality : (unknown)
				Network : 0.0
				Disk I/O : 0.0
				CPU : 0.0
				Cumulative Network : (unknown)
				Cumulative Disk I/O : (unknown)
				Cumulative CPU : (unknown)
				Output Size (bytes) : (none)
				Output Cardinality : (none)
				Avg. Output Record Size (bytes) : (none)
				Filter Factor : (none)

