{
  "flinkVersion" : "",
  "nodes" : [ {
    "class" : "org.apache.flink.table.planner.plan.nodes.exec.stream.StreamExecTableSourceScan",
    "scanTableSource" : {
      "identifier" : {
        "catalogName" : "default_catalog",
        "databaseName" : "default_database",
        "tableName" : "MyTable"
      },
      "catalogTable" : {
        "schema.3.data-type" : "TIMESTAMP(3)",
        "schema.2.data-type" : "VARCHAR(2147483647)",
        "schema.3.name" : "d",
        "connector" : "values",
        "schema.0.data-type" : "BIGINT",
        "schema.2.name" : "c",
        "schema.1.name" : "b",
        "bounded" : "false",
        "schema.0.name" : "a",
        "schema.1.data-type" : "INT NOT NULL"
      },
      "sourceAbilitySpecs" : [ {
        "type" : "ProjectPushDown",
        "projectedFields" : [ [ 0 ], [ 1 ] ],
        "producedType" : {
          "type" : "ROW",
          "nullable" : false,
          "fields" : [ {
            "a" : "BIGINT"
          }, {
            "b" : "INT NOT NULL"
          } ]
        }
      } ]
    },
    "id" : 1,
    "outputType" : {
      "type" : "ROW",
      "nullable" : true,
      "fields" : [ {
        "a" : "BIGINT"
      }, {
        "b" : "INT NOT NULL"
      } ]
    },
    "description" : "TableSourceScan(table=[[default_catalog, default_database, MyTable, project=[a, b]]], fields=[a, b])",
    "inputProperties" : [ ]
  }, {
    "class" : "org.apache.flink.table.planner.plan.nodes.exec.stream.StreamExecTableSourceScan",
    "scanTableSource" : {
      "identifier" : {
        "catalogName" : "default_catalog",
        "databaseName" : "default_database",
        "tableName" : "MyTable2"
      },
      "catalogTable" : {
        "connector" : "values",
        "schema.0.data-type" : "BIGINT",
        "schema.1.name" : "e",
        "bounded" : "false",
        "schema.0.name" : "d",
        "schema.1.data-type" : "INT NOT NULL"
      }
    },
    "id" : 2,
    "outputType" : {
      "type" : "ROW",
      "nullable" : true,
      "fields" : [ {
        "d" : "BIGINT"
      }, {
        "e" : "INT NOT NULL"
      } ]
    },
    "description" : "TableSourceScan(table=[[default_catalog, default_database, MyTable2]], fields=[d, e])",
    "inputProperties" : [ ]
  }, {
    "class" : "org.apache.flink.table.planner.plan.nodes.exec.stream.StreamExecUnion",
    "id" : 3,
    "inputProperties" : [ {
      "requiredDistribution" : {
        "type" : "UNKNOWN"
      },
      "damBehavior" : "PIPELINED",
      "priority" : 0
    }, {
      "requiredDistribution" : {
        "type" : "UNKNOWN"
      },
      "damBehavior" : "PIPELINED",
      "priority" : 0
    } ],
    "outputType" : {
      "type" : "ROW",
      "nullable" : true,
      "fields" : [ {
        "a" : "BIGINT"
      }, {
        "b" : "INT NOT NULL"
      } ]
    },
    "description" : "Union(all=[true], union=[a, b])"
  }, {
    "class" : "org.apache.flink.table.planner.plan.nodes.exec.stream.StreamExecSink",
    "dynamicTableSink" : {
      "identifier" : {
        "catalogName" : "default_catalog",
        "databaseName" : "default_database",
        "tableName" : "MySink"
      },
      "catalogTable" : {
        "table-sink-class" : "DEFAULT",
        "connector" : "values",
        "schema.0.data-type" : "BIGINT",
        "schema.1.name" : "b",
        "schema.0.name" : "a",
        "schema.1.data-type" : "INT"
      }
    },
    "inputChangelogMode" : [ "INSERT" ],
    "id" : 4,
    "inputProperties" : [ {
      "requiredDistribution" : {
        "type" : "UNKNOWN"
      },
      "damBehavior" : "PIPELINED",
      "priority" : 0
    } ],
    "outputType" : {
      "type" : "ROW",
      "nullable" : true,
      "fields" : [ {
        "a" : "BIGINT"
      }, {
        "b" : "INT NOT NULL"
      } ]
    },
    "description" : "Sink(table=[default_catalog.default_database.MySink], fields=[a, b])"
  } ],
  "edges" : [ {
    "source" : 1,
    "target" : 3,
    "shuffle" : {
      "type" : "FORWARD"
    },
    "shuffleMode" : "PIPELINED"
  }, {
    "source" : 2,
    "target" : 3,
    "shuffle" : {
      "type" : "FORWARD"
    },
    "shuffleMode" : "PIPELINED"
  }, {
    "source" : 3,
    "target" : 4,
    "shuffle" : {
      "type" : "FORWARD"
    },
    "shuffleMode" : "PIPELINED"
  } ]
}