{
  "flinkVersion" : "",
  "nodes" : [ {
    "class" : "org.apache.flink.table.planner.plan.nodes.exec.stream.StreamExecTableSourceScan",
    "scanTableSource" : {
      "identifier" : {
        "catalogName" : "default_catalog",
        "databaseName" : "default_database",
        "tableName" : "A"
      },
      "catalogTable" : {
        "schema.2.data-type" : "BIGINT",
        "connector" : "values",
        "schema.0.data-type" : "INT",
        "schema.2.name" : "a3",
        "schema.1.name" : "a2",
        "bounded" : "false",
        "schema.0.name" : "a1",
        "schema.1.data-type" : "BIGINT"
      },
      "sourceAbilitySpecs" : [ {
        "type" : "ProjectPushDown",
        "projectedFields" : [ [ 0 ] ],
        "producedType" : {
          "type" : "ROW",
          "nullable" : false,
          "fields" : [ {
            "a1" : "INT"
          } ]
        }
      } ]
    },
    "id" : 31,
    "outputType" : {
      "type" : "ROW",
      "nullable" : true,
      "fields" : [ {
        "a1" : "INT"
      } ]
    },
    "description" : "TableSourceScan(table=[[default_catalog, default_database, A, project=[a1]]], fields=[a1])",
    "inputProperties" : [ ]
  }, {
    "class" : "org.apache.flink.table.planner.plan.nodes.exec.stream.StreamExecExchange",
    "id" : 32,
    "inputProperties" : [ {
      "requiredDistribution" : {
        "type" : "HASH",
        "keys" : [ 0 ]
      },
      "damBehavior" : "PIPELINED",
      "priority" : 0
    } ],
    "outputType" : {
      "type" : "ROW",
      "nullable" : true,
      "fields" : [ {
        "a1" : "INT"
      } ]
    },
    "description" : "Exchange(distribution=[hash[a1]])"
  }, {
    "class" : "org.apache.flink.table.planner.plan.nodes.exec.stream.StreamExecTableSourceScan",
    "scanTableSource" : {
      "identifier" : {
        "catalogName" : "default_catalog",
        "databaseName" : "default_database",
        "tableName" : "B"
      },
      "catalogTable" : {
        "schema.2.data-type" : "BIGINT",
        "connector" : "values",
        "schema.0.data-type" : "INT",
        "schema.2.name" : "b3",
        "schema.1.name" : "b2",
        "bounded" : "false",
        "schema.0.name" : "b1",
        "schema.1.data-type" : "BIGINT"
      },
      "sourceAbilitySpecs" : [ {
        "type" : "ProjectPushDown",
        "projectedFields" : [ [ 0 ] ],
        "producedType" : {
          "type" : "ROW",
          "nullable" : false,
          "fields" : [ {
            "b1" : "INT"
          } ]
        }
      } ]
    },
    "id" : 33,
    "outputType" : {
      "type" : "ROW",
      "nullable" : true,
      "fields" : [ {
        "b1" : "INT"
      } ]
    },
    "description" : "TableSourceScan(table=[[default_catalog, default_database, B, project=[b1]]], fields=[b1])",
    "inputProperties" : [ ]
  }, {
    "class" : "org.apache.flink.table.planner.plan.nodes.exec.stream.StreamExecExchange",
    "id" : 34,
    "inputProperties" : [ {
      "requiredDistribution" : {
        "type" : "HASH",
        "keys" : [ 0 ]
      },
      "damBehavior" : "PIPELINED",
      "priority" : 0
    } ],
    "outputType" : {
      "type" : "ROW",
      "nullable" : true,
      "fields" : [ {
        "b1" : "INT"
      } ]
    },
    "description" : "Exchange(distribution=[hash[b1]])"
  }, {
    "class" : "org.apache.flink.table.planner.plan.nodes.exec.stream.StreamExecJoin",
    "joinSpec" : {
      "joinType" : "INNER",
      "leftKeys" : [ 0 ],
      "rightKeys" : [ 0 ],
      "filterNulls" : [ true ],
      "nonEquiCondition" : null
    },
    "leftUniqueKeys" : [ ],
    "rightUniqueKeys" : [ ],
    "id" : 35,
    "inputProperties" : [ {
      "requiredDistribution" : {
        "type" : "UNKNOWN"
      },
      "damBehavior" : "PIPELINED",
      "priority" : 0
    }, {
      "requiredDistribution" : {
        "type" : "UNKNOWN"
      },
      "damBehavior" : "PIPELINED",
      "priority" : 0
    } ],
    "outputType" : {
      "type" : "ROW",
      "nullable" : true,
      "fields" : [ {
        "a1" : "INT"
      }, {
        "b1" : "INT"
      } ]
    },
    "description" : "Join(joinType=[InnerJoin], where=[(a1 = b1)], select=[a1, b1], leftInputSpec=[NoUniqueKey], rightInputSpec=[NoUniqueKey])"
  }, {
    "class" : "org.apache.flink.table.planner.plan.nodes.exec.stream.StreamExecSink",
    "dynamicTableSink" : {
      "identifier" : {
        "catalogName" : "default_catalog",
        "databaseName" : "default_database",
        "tableName" : "MySink"
      },
      "catalogTable" : {
        "table-sink-class" : "DEFAULT",
        "connector" : "values",
        "schema.0.data-type" : "INT",
        "schema.1.name" : "b1",
        "schema.0.name" : "a1",
        "schema.1.data-type" : "INT"
      }
    },
    "inputChangelogMode" : [ "INSERT" ],
    "id" : 36,
    "inputProperties" : [ {
      "requiredDistribution" : {
        "type" : "UNKNOWN"
      },
      "damBehavior" : "PIPELINED",
      "priority" : 0
    } ],
    "outputType" : {
      "type" : "ROW",
      "nullable" : true,
      "fields" : [ {
        "a1" : "INT"
      }, {
        "b1" : "INT"
      } ]
    },
    "description" : "Sink(table=[default_catalog.default_database.MySink], fields=[a1, b1])"
  } ],
  "edges" : [ {
    "source" : 31,
    "target" : 32,
    "shuffle" : {
      "type" : "FORWARD"
    },
    "shuffleMode" : "PIPELINED"
  }, {
    "source" : 33,
    "target" : 34,
    "shuffle" : {
      "type" : "FORWARD"
    },
    "shuffleMode" : "PIPELINED"
  }, {
    "source" : 32,
    "target" : 35,
    "shuffle" : {
      "type" : "FORWARD"
    },
    "shuffleMode" : "PIPELINED"
  }, {
    "source" : 34,
    "target" : 35,
    "shuffle" : {
      "type" : "FORWARD"
    },
    "shuffleMode" : "PIPELINED"
  }, {
    "source" : 35,
    "target" : 36,
    "shuffle" : {
      "type" : "FORWARD"
    },
    "shuffleMode" : "PIPELINED"
  } ]
}