{
  "flinkVersion" : "",
  "nodes" : [ {
    "class" : "org.apache.flink.table.planner.plan.nodes.exec.stream.StreamExecTableSourceScan",
    "scanTableSource" : {
      "identifier" : {
        "catalogName" : "default_catalog",
        "databaseName" : "default_database",
        "tableName" : "t"
      },
      "catalogTable" : {
        "schema.2.data-type" : "VARCHAR(2147483647)",
        "connector" : "values",
        "schema.0.data-type" : "INT",
        "schema.2.name" : "c",
        "schema.1.name" : "b",
        "bounded" : "false",
        "schema.0.name" : "a",
        "schema.1.data-type" : "BIGINT"
      },
      "sourceAbilitySpecs" : [ {
        "type" : "ProjectPushDown",
        "projectedFields" : [ [ 0 ], [ 1 ] ],
        "producedType" : "ROW<`a` INT, `b` BIGINT> NOT NULL"
      } ]
    },
    "id" : 196,
    "outputType" : "ROW<`a` INT, `b` BIGINT>",
    "description" : "TableSourceScan(table=[[default_catalog, default_database, t, project=[a, b]]], fields=[a, b])",
    "inputProperties" : [ ]
  }, {
    "class" : "org.apache.flink.table.planner.plan.nodes.exec.stream.StreamExecExchange",
    "id" : 197,
    "inputProperties" : [ {
      "requiredDistribution" : {
        "type" : "HASH",
        "keys" : [ 0 ]
      },
      "damBehavior" : "PIPELINED",
      "priority" : 0
    } ],
    "outputType" : "ROW<`a` INT, `b` BIGINT>",
    "description" : "Exchange(distribution=[hash[a]])"
  }, {
    "class" : "org.apache.flink.table.planner.plan.nodes.exec.stream.StreamExecTableSourceScan",
    "scanTableSource" : {
      "identifier" : {
        "catalogName" : "default_catalog",
        "databaseName" : "default_database",
        "tableName" : "s"
      },
      "catalogTable" : {
        "schema.2.data-type" : "INT",
        "connector" : "values",
        "schema.0.data-type" : "BIGINT",
        "schema.2.name" : "z",
        "schema.1.name" : "y",
        "bounded" : "false",
        "schema.0.name" : "x",
        "schema.1.data-type" : "VARCHAR(2147483647)"
      }
    },
    "id" : 198,
    "outputType" : "ROW<`x` BIGINT, `y` VARCHAR(2147483647), `z` INT>",
    "description" : "TableSourceScan(table=[[default_catalog, default_database, s]], fields=[x, y, z])",
    "inputProperties" : [ ]
  }, {
    "class" : "org.apache.flink.table.planner.plan.nodes.exec.stream.StreamExecExchange",
    "id" : 199,
    "inputProperties" : [ {
      "requiredDistribution" : {
        "type" : "HASH",
        "keys" : [ 2 ]
      },
      "damBehavior" : "PIPELINED",
      "priority" : 0
    } ],
    "outputType" : "ROW<`x` BIGINT, `y` VARCHAR(2147483647), `z` INT>",
    "description" : "Exchange(distribution=[hash[z]])"
  }, {
    "class" : "org.apache.flink.table.planner.plan.nodes.exec.stream.StreamExecJoin",
    "joinSpec" : {
      "joinType" : "LEFT",
      "leftKeys" : [ 0 ],
      "rightKeys" : [ 2 ],
      "filterNulls" : [ true ],
      "nonEquiCondition" : {
        "kind" : "REX_CALL",
        "operator" : {
          "name" : "<",
          "kind" : "LESS_THAN",
          "syntax" : "BINARY"
        },
        "operands" : [ {
          "kind" : "INPUT_REF",
          "inputIndex" : 1,
          "type" : {
            "typeName" : "BIGINT",
            "nullable" : true
          }
        }, {
          "kind" : "INPUT_REF",
          "inputIndex" : 2,
          "type" : {
            "typeName" : "BIGINT",
            "nullable" : true
          }
        } ],
        "type" : {
          "typeName" : "BOOLEAN",
          "nullable" : true
        }
      }
    },
    "leftUniqueKeys" : [ ],
    "rightUniqueKeys" : [ ],
    "id" : 200,
    "inputProperties" : [ {
      "requiredDistribution" : {
        "type" : "UNKNOWN"
      },
      "damBehavior" : "PIPELINED",
      "priority" : 0
    }, {
      "requiredDistribution" : {
        "type" : "UNKNOWN"
      },
      "damBehavior" : "PIPELINED",
      "priority" : 0
    } ],
    "outputType" : "ROW<`a` INT, `b` BIGINT, `x` BIGINT, `y` VARCHAR(2147483647), `z` INT>",
    "description" : "Join(joinType=[LeftOuterJoin], where=[((a = z) AND (b < x))], select=[a, b, x, y, z], leftInputSpec=[NoUniqueKey], rightInputSpec=[NoUniqueKey])"
  }, {
    "class" : "org.apache.flink.table.planner.plan.nodes.exec.stream.StreamExecCalc",
    "projection" : [ {
      "kind" : "INPUT_REF",
      "inputIndex" : 1,
      "type" : {
        "typeName" : "BIGINT",
        "nullable" : true
      }
    }, {
      "kind" : "INPUT_REF",
      "inputIndex" : 3,
      "type" : {
        "typeName" : "VARCHAR",
        "nullable" : true,
        "precision" : 2147483647
      }
    } ],
    "condition" : null,
    "id" : 201,
    "inputProperties" : [ {
      "requiredDistribution" : {
        "type" : "UNKNOWN"
      },
      "damBehavior" : "PIPELINED",
      "priority" : 0
    } ],
    "outputType" : "ROW<`b` BIGINT, `y` VARCHAR(2147483647)>",
    "description" : "Calc(select=[b, y])"
  }, {
    "class" : "org.apache.flink.table.planner.plan.nodes.exec.stream.StreamExecSink",
    "dynamicTableSink" : {
      "identifier" : {
        "catalogName" : "default_catalog",
        "databaseName" : "default_database",
        "tableName" : "MySink"
      },
      "catalogTable" : {
        "sink-insert-only" : "false",
        "table-sink-class" : "DEFAULT",
        "connector" : "values",
        "schema.0.data-type" : "BIGINT",
        "schema.1.name" : "y",
        "schema.0.name" : "b",
        "schema.1.data-type" : "VARCHAR(2147483647)"
      }
    },
    "inputChangelogMode" : [ "INSERT", "UPDATE_BEFORE", "UPDATE_AFTER", "DELETE" ],
    "id" : 202,
    "inputProperties" : [ {
      "requiredDistribution" : {
        "type" : "UNKNOWN"
      },
      "damBehavior" : "PIPELINED",
      "priority" : 0
    } ],
    "outputType" : "ROW<`b` BIGINT, `y` VARCHAR(2147483647)>",
    "description" : "Sink(table=[default_catalog.default_database.MySink], fields=[b, y])"
  } ],
  "edges" : [ {
    "source" : 196,
    "target" : 197,
    "shuffle" : {
      "type" : "FORWARD"
    },
    "shuffleMode" : "PIPELINED"
  }, {
    "source" : 198,
    "target" : 199,
    "shuffle" : {
      "type" : "FORWARD"
    },
    "shuffleMode" : "PIPELINED"
  }, {
    "source" : 197,
    "target" : 200,
    "shuffle" : {
      "type" : "FORWARD"
    },
    "shuffleMode" : "PIPELINED"
  }, {
    "source" : 199,
    "target" : 200,
    "shuffle" : {
      "type" : "FORWARD"
    },
    "shuffleMode" : "PIPELINED"
  }, {
    "source" : 200,
    "target" : 201,
    "shuffle" : {
      "type" : "FORWARD"
    },
    "shuffleMode" : "PIPELINED"
  }, {
    "source" : 201,
    "target" : 202,
    "shuffle" : {
      "type" : "FORWARD"
    },
    "shuffleMode" : "PIPELINED"
  } ]
}