{
  "flinkVersion" : "",
  "nodes" : [ {
    "id" : 1,
    "type" : "stream-exec-table-source-scan_1",
    "scanTableSource" : {
      "table" : {
        "identifier" : "`default_catalog`.`default_database`.`MyTable`",
        "resolvedTable" : {
          "schema" : {
            "columns" : [ {
              "name" : "a",
              "dataType" : "INT"
            }, {
              "name" : "b",
              "dataType" : "VARCHAR(2147483647)"
            }, {
              "name" : "c",
              "dataType" : "BIGINT"
            }, {
              "name" : "rowtime",
              "dataType" : {
                "type" : "TIMESTAMP_WITHOUT_TIME_ZONE",
                "precision" : 3,
                "kind" : "ROWTIME"
              }
            }, {
              "name" : "proctime",
              "kind" : "COMPUTED",
              "expression" : {
                "rexNode" : {
                  "kind" : "CALL",
                  "internalName" : "$PROCTIME$1",
                  "operands" : [ ],
                  "type" : {
                    "type" : "TIMESTAMP_WITH_LOCAL_TIME_ZONE",
                    "nullable" : false,
                    "precision" : 3,
                    "kind" : "PROCTIME"
                  }
                },
                "serializableString" : "PROCTIME()"
              }
            } ],
            "watermarkSpecs" : [ {
              "rowtimeAttribute" : "rowtime",
              "expression" : {
                "rexNode" : {
                  "kind" : "INPUT_REF",
                  "inputIndex" : 3,
                  "type" : "TIMESTAMP(3)"
                },
                "serializableString" : "`rowtime`"
              }
            } ]
          },
          "partitionKeys" : [ ],
          "options" : {
            "connector" : "values",
            "bounded" : "false"
          }
        }
      },
      "abilities" : [ {
        "type" : "ProjectPushDown",
        "projectedFields" : [ [ 0 ], [ 2 ], [ 3 ] ],
        "producedType" : "ROW<`a` INT, `c` BIGINT, `rowtime` TIMESTAMP(3)> NOT NULL"
      }, {
        "type" : "ReadingMetadata",
        "metadataKeys" : [ ],
        "producedType" : "ROW<`a` INT, `c` BIGINT, `rowtime` TIMESTAMP(3)> NOT NULL"
      } ]
    },
    "outputType" : "ROW<`a` INT, `c` BIGINT, `rowtime` TIMESTAMP(3)>",
    "description" : "TableSourceScan(table=[[default_catalog, default_database, MyTable, project=[a, c, rowtime], metadata=[]]], fields=[a, c, rowtime])",
    "inputProperties" : [ ]
  }, {
    "id" : 2,
    "type" : "stream-exec-calc_1",
    "projection" : [ {
      "kind" : "INPUT_REF",
      "inputIndex" : 0,
      "type" : "INT"
    }, {
      "kind" : "INPUT_REF",
      "inputIndex" : 1,
      "type" : "BIGINT"
    }, {
      "kind" : "CALL",
      "internalName" : "$PROCTIME$1",
      "operands" : [ ],
      "type" : {
        "type" : "TIMESTAMP_WITH_LOCAL_TIME_ZONE",
        "nullable" : false,
        "precision" : 3,
        "kind" : "PROCTIME"
      }
    }, {
      "kind" : "INPUT_REF",
      "inputIndex" : 2,
      "type" : "TIMESTAMP(3)"
    } ],
    "condition" : null,
    "inputProperties" : [ {
      "requiredDistribution" : {
        "type" : "UNKNOWN"
      },
      "damBehavior" : "PIPELINED",
      "priority" : 0
    } ],
    "outputType" : {
      "type" : "ROW",
      "fields" : [ {
        "name" : "a",
        "fieldType" : "INT"
      }, {
        "name" : "c",
        "fieldType" : "BIGINT"
      }, {
        "name" : "proctime",
        "fieldType" : {
          "type" : "TIMESTAMP_WITH_LOCAL_TIME_ZONE",
          "nullable" : false,
          "precision" : 3,
          "kind" : "PROCTIME"
        }
      }, {
        "name" : "rowtime",
        "fieldType" : "TIMESTAMP(3)"
      } ]
    },
    "description" : "Calc(select=[a, c, PROCTIME() AS proctime, rowtime])"
  }, {
    "id" : 3,
    "type" : "stream-exec-watermark-assigner_1",
    "watermarkExpr" : {
      "kind" : "INPUT_REF",
      "inputIndex" : 3,
      "type" : "TIMESTAMP(3)"
    },
    "rowtimeFieldIndex" : 3,
    "inputProperties" : [ {
      "requiredDistribution" : {
        "type" : "UNKNOWN"
      },
      "damBehavior" : "PIPELINED",
      "priority" : 0
    } ],
    "outputType" : {
      "type" : "ROW",
      "fields" : [ {
        "name" : "a",
        "fieldType" : "INT"
      }, {
        "name" : "c",
        "fieldType" : "BIGINT"
      }, {
        "name" : "proctime",
        "fieldType" : {
          "type" : "TIMESTAMP_WITH_LOCAL_TIME_ZONE",
          "nullable" : false,
          "precision" : 3,
          "kind" : "PROCTIME"
        }
      }, {
        "name" : "rowtime",
        "fieldType" : {
          "type" : "TIMESTAMP_WITHOUT_TIME_ZONE",
          "precision" : 3,
          "kind" : "ROWTIME"
        }
      } ]
    },
    "description" : "WatermarkAssigner(rowtime=[rowtime], watermark=[rowtime])"
  }, {
    "id" : 4,
    "type" : "stream-exec-calc_1",
    "projection" : [ {
      "kind" : "INPUT_REF",
      "inputIndex" : 0,
      "type" : "INT"
    }, {
      "kind" : "INPUT_REF",
      "inputIndex" : 1,
      "type" : "BIGINT"
    }, {
      "kind" : "INPUT_REF",
      "inputIndex" : 2,
      "type" : {
        "type" : "TIMESTAMP_WITH_LOCAL_TIME_ZONE",
        "nullable" : false,
        "precision" : 3,
        "kind" : "PROCTIME"
      }
    }, {
      "kind" : "CALL",
      "syntax" : "SPECIAL",
      "internalName" : "$CAST$1",
      "operands" : [ {
        "kind" : "INPUT_REF",
        "inputIndex" : 0,
        "type" : "INT"
      } ],
      "type" : "BIGINT"
    } ],
    "condition" : null,
    "inputProperties" : [ {
      "requiredDistribution" : {
        "type" : "UNKNOWN"
      },
      "damBehavior" : "PIPELINED",
      "priority" : 0
    } ],
    "outputType" : {
      "type" : "ROW",
      "fields" : [ {
        "name" : "a",
        "fieldType" : "INT"
      }, {
        "name" : "c",
        "fieldType" : "BIGINT"
      }, {
        "name" : "proctime",
        "fieldType" : {
          "type" : "TIMESTAMP_WITH_LOCAL_TIME_ZONE",
          "nullable" : false,
          "precision" : 3,
          "kind" : "PROCTIME"
        }
      }, {
        "name" : "$3",
        "fieldType" : "BIGINT"
      } ]
    },
    "description" : "Calc(select=[a, c, proctime, CAST(a AS BIGINT) AS $3])"
  }, {
    "id" : 5,
    "type" : "stream-exec-exchange_1",
    "inputProperties" : [ {
      "requiredDistribution" : {
        "type" : "HASH",
        "keys" : [ 0 ]
      },
      "damBehavior" : "PIPELINED",
      "priority" : 0
    } ],
    "outputType" : {
      "type" : "ROW",
      "fields" : [ {
        "name" : "a",
        "fieldType" : "INT"
      }, {
        "name" : "c",
        "fieldType" : "BIGINT"
      }, {
        "name" : "proctime",
        "fieldType" : {
          "type" : "TIMESTAMP_WITH_LOCAL_TIME_ZONE",
          "nullable" : false,
          "precision" : 3,
          "kind" : "PROCTIME"
        }
      }, {
        "name" : "$3",
        "fieldType" : "BIGINT"
      } ]
    },
    "description" : "Exchange(distribution=[hash[a]])"
  }, {
    "id" : 6,
    "type" : "stream-exec-over-aggregate_1",
    "overSpec" : {
      "partition" : {
        "fields" : [ 0 ]
      },
      "groups" : [ {
        "orderBy" : {
          "fields" : [ {
            "index" : 2,
            "isAscending" : true,
            "nullIsLast" : false
          } ]
        },
        "isRows" : false,
        "lowerBound" : {
          "kind" : "BOUNDED_WINDOW",
          "isPreceding" : true,
          "offset" : {
            "kind" : "INPUT_REF",
            "inputIndex" : 4,
            "type" : "INTERVAL HOUR NOT NULL"
          }
        },
        "upperBound" : {
          "kind" : "CURRENT_ROW"
        },
        "aggCalls" : [ {
          "name" : "w0$o0",
          "syntax" : "FUNCTION_STAR",
          "internalName" : "$COUNT$1",
          "argList" : [ 1 ],
          "filterArg" : -1,
          "distinct" : false,
          "approximate" : false,
          "ignoreNulls" : false,
          "type" : "BIGINT NOT NULL"
        }, {
          "name" : "w0$o1",
          "internalName" : "$$SUM0$1",
          "argList" : [ 1 ],
          "filterArg" : -1,
          "distinct" : false,
          "approximate" : false,
          "ignoreNulls" : false,
          "type" : "BIGINT NOT NULL"
        } ]
      } ],
      "constants" : [ {
        "kind" : "LITERAL",
        "value" : "7200000",
        "type" : "INTERVAL HOUR NOT NULL"
      } ],
      "originalInputFields" : 4
    },
    "inputProperties" : [ {
      "requiredDistribution" : {
        "type" : "UNKNOWN"
      },
      "damBehavior" : "PIPELINED",
      "priority" : 0
    } ],
    "outputType" : {
      "type" : "ROW",
      "fields" : [ {
        "name" : "a",
        "fieldType" : "INT"
      }, {
        "name" : "c",
        "fieldType" : "BIGINT"
      }, {
        "name" : "proctime",
        "fieldType" : {
          "type" : "TIMESTAMP_WITH_LOCAL_TIME_ZONE",
          "nullable" : false,
          "precision" : 3,
          "kind" : "PROCTIME"
        }
      }, {
        "name" : "$3",
        "fieldType" : "BIGINT"
      }, {
        "name" : "w0$o0",
        "fieldType" : "BIGINT NOT NULL"
      }, {
        "name" : "w0$o1",
        "fieldType" : "BIGINT NOT NULL"
      } ]
    },
    "description" : "OverAggregate(partitionBy=[a], orderBy=[proctime ASC], window=[ RANG BETWEEN 7200000 PRECEDING AND CURRENT ROW], select=[a, c, proctime, $3, COUNT(c) AS w0$o0, $SUM0(c) AS w0$o1])"
  }, {
    "id" : 7,
    "type" : "stream-exec-calc_1",
    "projection" : [ {
      "kind" : "INPUT_REF",
      "inputIndex" : 3,
      "type" : "BIGINT"
    }, {
      "kind" : "CALL",
      "syntax" : "SPECIAL",
      "internalName" : "$CAST$1",
      "operands" : [ {
        "kind" : "CALL",
        "syntax" : "BINARY",
        "internalName" : "$/$1",
        "operands" : [ {
          "kind" : "CALL",
          "syntax" : "SPECIAL",
          "internalName" : "$CASE$1",
          "operands" : [ {
            "kind" : "CALL",
            "syntax" : "BINARY",
            "internalName" : "$>$1",
            "operands" : [ {
              "kind" : "INPUT_REF",
              "inputIndex" : 4,
              "type" : "BIGINT NOT NULL"
            }, {
              "kind" : "LITERAL",
              "value" : "0",
              "type" : "BIGINT NOT NULL"
            } ],
            "type" : "BOOLEAN NOT NULL"
          }, {
            "kind" : "INPUT_REF",
            "inputIndex" : 5,
            "type" : "BIGINT NOT NULL"
          }, {
            "kind" : "LITERAL",
            "value" : null,
            "type" : "BIGINT"
          } ],
          "type" : "BIGINT"
        }, {
          "kind" : "INPUT_REF",
          "inputIndex" : 4,
          "type" : "BIGINT NOT NULL"
        } ],
        "type" : "BIGINT"
      } ],
      "type" : "DOUBLE"
    } ],
    "condition" : null,
    "inputProperties" : [ {
      "requiredDistribution" : {
        "type" : "UNKNOWN"
      },
      "damBehavior" : "PIPELINED",
      "priority" : 0
    } ],
    "outputType" : "ROW<`a` BIGINT, `b` DOUBLE>",
    "description" : "Calc(select=[$3 AS a, CAST((CASE((w0$o0 > 0), w0$o1, null:BIGINT) / w0$o0) AS DOUBLE) AS b])"
  }, {
    "id" : 8,
    "type" : "stream-exec-sink_1",
    "configuration" : {
      "table.exec.sink.keyed-shuffle" : "AUTO",
      "table.exec.sink.not-null-enforcer" : "ERROR",
      "table.exec.sink.type-length-enforcer" : "IGNORE",
      "table.exec.sink.upsert-materialize" : "AUTO"
    },
    "dynamicTableSink" : {
      "table" : {
        "identifier" : "`default_catalog`.`default_database`.`MySink`",
        "resolvedTable" : {
          "schema" : {
            "columns" : [ {
              "name" : "a",
              "dataType" : "BIGINT"
            }, {
              "name" : "b",
              "dataType" : "DOUBLE"
            } ],
            "watermarkSpecs" : [ ]
          },
          "partitionKeys" : [ ],
          "options" : {
            "sink-insert-only" : "false",
            "table-sink-class" : "DEFAULT",
            "connector" : "values"
          }
        }
      }
    },
    "inputChangelogMode" : [ "INSERT" ],
    "inputProperties" : [ {
      "requiredDistribution" : {
        "type" : "UNKNOWN"
      },
      "damBehavior" : "PIPELINED",
      "priority" : 0
    } ],
    "outputType" : "ROW<`a` BIGINT, `b` DOUBLE>",
    "description" : "Sink(table=[default_catalog.default_database.MySink], fields=[a, b])"
  } ],
  "edges" : [ {
    "source" : 1,
    "target" : 2,
    "shuffle" : {
      "type" : "FORWARD"
    },
    "shuffleMode" : "PIPELINED"
  }, {
    "source" : 2,
    "target" : 3,
    "shuffle" : {
      "type" : "FORWARD"
    },
    "shuffleMode" : "PIPELINED"
  }, {
    "source" : 3,
    "target" : 4,
    "shuffle" : {
      "type" : "FORWARD"
    },
    "shuffleMode" : "PIPELINED"
  }, {
    "source" : 4,
    "target" : 5,
    "shuffle" : {
      "type" : "FORWARD"
    },
    "shuffleMode" : "PIPELINED"
  }, {
    "source" : 5,
    "target" : 6,
    "shuffle" : {
      "type" : "FORWARD"
    },
    "shuffleMode" : "PIPELINED"
  }, {
    "source" : 6,
    "target" : 7,
    "shuffle" : {
      "type" : "FORWARD"
    },
    "shuffleMode" : "PIPELINED"
  }, {
    "source" : 7,
    "target" : 8,
    "shuffle" : {
      "type" : "FORWARD"
    },
    "shuffleMode" : "PIPELINED"
  } ]
}