== Abstract Syntax Tree ==
LogicalProject(a=[$0], b=[$1], c=[$2])
  LogicalFilter(condition=[>($0, 10)])
    LogicalTableScan(table=[[default_catalog, default_database, MyTable]])

== Optimized Logical Plan ==
DataStreamCalc(select=[a, b, c], where=[>(a, 10)])
  StreamTableSourceScan(table=[[default_catalog, default_database, MyTable]], fields=[a, b, c], source=[CollectionTableSource(a, b, c)])

== Physical Execution Plan ==
 : Data Source
	content : collect elements with CollectionInputFormat

	 : Operator
		content : Map
		ship_strategy : FORWARD

		 : Operator
			content : where: (>(a, 10)), select: (a, b, c)
			ship_strategy : FORWARD

