== Abstract Syntax Tree ==
LogicalSink(name=[default_catalog.default_database.MySink], fields=[d, e])
  LogicalProject(d=[$0], e=[$1])
    LogicalFilter(condition=[>($0, 10)])
      LogicalTableScan(table=[[default_catalog, default_database, MyTable]])

== Optimized Logical Plan ==
DataStreamSink(name=[default_catalog.default_database.MySink], fields=[d, e])
  DataStreamCalc(select=[a, b], where=[>(a, 10)])
    StreamTableSourceScan(table=[[default_catalog, default_database, MyTable]], fields=[a, b], source=[CollectionTableSource(a, b, c)])

== Physical Execution Plan ==
 : Data Source
	content : collect elements with CollectionInputFormat

	 : Operator
		content : from: (a, b)
		ship_strategy : FORWARD

		 : Operator
			content : where: (>(a, 10)), select: (a, b)
			ship_strategy : FORWARD

			 : Operator
				content : to: Row
				ship_strategy : FORWARD

				 : Data Sink
					content : Sink: Unnamed
					ship_strategy : FORWARD

