{
  "flinkVersion" : "",
  "nodes" : [ {
    "class" : "org.apache.flink.table.planner.plan.nodes.exec.stream.StreamExecTableSourceScan",
    "scanTableSource" : {
      "identifier" : {
        "catalogName" : "default_catalog",
        "databaseName" : "default_database",
        "tableName" : "MyTable"
      },
      "catalogTable" : {
        "schema.3.data-type" : "BIGINT",
        "schema.2.data-type" : "VARCHAR(2147483647)",
        "schema.3.name" : "d",
        "connector" : "values",
        "schema.0.data-type" : "BIGINT",
        "schema.2.name" : "c",
        "schema.1.name" : "b",
        "bounded" : "false",
        "schema.0.name" : "a",
        "schema.1.data-type" : "INT NOT NULL"
      }
    },
    "id" : 1,
    "outputType" : {
      "type" : "ROW",
      "nullable" : true,
      "fields" : [ {
        "a" : "BIGINT"
      }, {
        "b" : "INT NOT NULL"
      }, {
        "c" : "VARCHAR(2147483647)"
      }, {
        "d" : "BIGINT"
      } ]
    },
    "description" : "TableSourceScan(table=[[default_catalog, default_database, MyTable]], fields=[a, b, c, d])",
    "inputProperties" : [ ]
  }, {
    "class" : "org.apache.flink.table.planner.plan.nodes.exec.stream.StreamExecCalc",
    "projection" : [ {
      "kind" : "INPUT_REF",
      "inputIndex" : 3,
      "type" : {
        "typeName" : "BIGINT",
        "nullable" : true
      }
    }, {
      "kind" : "INPUT_REF",
      "inputIndex" : 0,
      "type" : {
        "typeName" : "BIGINT",
        "nullable" : true
      }
    }, {
      "kind" : "REX_CALL",
      "operator" : {
        "name" : ">",
        "kind" : "GREATER_THAN",
        "syntax" : "BINARY"
      },
      "operands" : [ {
        "kind" : "INPUT_REF",
        "inputIndex" : 1,
        "type" : {
          "typeName" : "INTEGER",
          "nullable" : false
        }
      }, {
        "kind" : "LITERAL",
        "value" : "10",
        "type" : {
          "typeName" : "INTEGER",
          "nullable" : false
        }
      } ],
      "type" : {
        "typeName" : "BOOLEAN",
        "nullable" : false
      }
    }, {
      "kind" : "INPUT_REF",
      "inputIndex" : 1,
      "type" : {
        "typeName" : "INTEGER",
        "nullable" : false
      }
    }, {
      "kind" : "INPUT_REF",
      "inputIndex" : 2,
      "type" : {
        "typeName" : "VARCHAR",
        "nullable" : true,
        "precision" : 2147483647
      }
    } ],
    "condition" : null,
    "id" : 2,
    "inputProperties" : [ {
      "requiredDistribution" : {
        "type" : "UNKNOWN"
      },
      "damBehavior" : "PIPELINED",
      "priority" : 0
    } ],
    "outputType" : {
      "type" : "ROW",
      "nullable" : true,
      "fields" : [ {
        "d" : "BIGINT"
      }, {
        "a" : "BIGINT"
      }, {
        "$f2" : "BOOLEAN NOT NULL"
      }, {
        "b" : "INT NOT NULL"
      }, {
        "c" : "VARCHAR(2147483647)"
      } ]
    },
    "description" : "Calc(select=[d, a, (b > 10) AS $f2, b, c])"
  }, {
    "class" : "org.apache.flink.table.planner.plan.nodes.exec.stream.StreamExecExchange",
    "id" : 3,
    "inputProperties" : [ {
      "requiredDistribution" : {
        "type" : "HASH",
        "keys" : [ 0 ]
      },
      "damBehavior" : "PIPELINED",
      "priority" : 0
    } ],
    "outputType" : {
      "type" : "ROW",
      "nullable" : true,
      "fields" : [ {
        "d" : "BIGINT"
      }, {
        "a" : "BIGINT"
      }, {
        "$f2" : "BOOLEAN NOT NULL"
      }, {
        "b" : "INT NOT NULL"
      }, {
        "c" : "VARCHAR(2147483647)"
      } ]
    },
    "description" : "Exchange(distribution=[hash[d]])"
  }, {
    "class" : "org.apache.flink.table.planner.plan.nodes.exec.stream.StreamExecGroupAggregate",
    "grouping" : [ 0 ],
    "aggCalls" : [ {
      "name" : "cnt_a1",
      "aggFunction" : {
        "name" : "COUNT",
        "kind" : "COUNT",
        "syntax" : "FUNCTION_STAR"
      },
      "argList" : [ 1 ],
      "filterArg" : 2,
      "distinct" : true,
      "approximate" : false,
      "ignoreNulls" : false,
      "type" : {
        "typeName" : "BIGINT",
        "nullable" : false
      }
    }, {
      "name" : "cnt_a2",
      "aggFunction" : {
        "name" : "COUNT",
        "kind" : "COUNT",
        "syntax" : "FUNCTION_STAR"
      },
      "argList" : [ 1 ],
      "filterArg" : -1,
      "distinct" : true,
      "approximate" : false,
      "ignoreNulls" : false,
      "type" : {
        "typeName" : "BIGINT",
        "nullable" : false
      }
    }, {
      "name" : "sum_a",
      "aggFunction" : {
        "name" : "SUM",
        "kind" : "SUM",
        "syntax" : "FUNCTION"
      },
      "argList" : [ 1 ],
      "filterArg" : -1,
      "distinct" : true,
      "approximate" : false,
      "ignoreNulls" : false,
      "type" : {
        "typeName" : "BIGINT",
        "nullable" : true
      }
    }, {
      "name" : "sum_b",
      "aggFunction" : {
        "name" : "SUM",
        "kind" : "SUM",
        "syntax" : "FUNCTION"
      },
      "argList" : [ 3 ],
      "filterArg" : -1,
      "distinct" : true,
      "approximate" : false,
      "ignoreNulls" : false,
      "type" : {
        "typeName" : "INTEGER",
        "nullable" : false
      }
    }, {
      "name" : "avg_b",
      "aggFunction" : {
        "name" : "AVG",
        "kind" : "AVG",
        "syntax" : "FUNCTION"
      },
      "argList" : [ 3 ],
      "filterArg" : -1,
      "distinct" : false,
      "approximate" : false,
      "ignoreNulls" : false,
      "type" : {
        "typeName" : "INTEGER",
        "nullable" : false
      }
    }, {
      "name" : "cnt_d",
      "aggFunction" : {
        "name" : "COUNT",
        "kind" : "COUNT",
        "syntax" : "FUNCTION_STAR"
      },
      "argList" : [ 4 ],
      "filterArg" : -1,
      "distinct" : true,
      "approximate" : false,
      "ignoreNulls" : false,
      "type" : {
        "typeName" : "BIGINT",
        "nullable" : false
      }
    } ],
    "aggCallNeedRetractions" : [ false, false, false, false, false, false ],
    "generateUpdateBefore" : true,
    "needRetraction" : false,
    "id" : 4,
    "inputProperties" : [ {
      "requiredDistribution" : {
        "type" : "UNKNOWN"
      },
      "damBehavior" : "PIPELINED",
      "priority" : 0
    } ],
    "outputType" : {
      "type" : "ROW",
      "nullable" : true,
      "fields" : [ {
        "d" : "BIGINT"
      }, {
        "cnt_a1" : "BIGINT NOT NULL"
      }, {
        "cnt_a2" : "BIGINT NOT NULL"
      }, {
        "sum_a" : "BIGINT"
      }, {
        "sum_b" : "INT NOT NULL"
      }, {
        "avg_b" : "INT NOT NULL"
      }, {
        "cnt_d" : "BIGINT NOT NULL"
      } ]
    },
    "description" : "GroupAggregate(groupBy=[d], select=[d, COUNT(DISTINCT a) FILTER $f2 AS cnt_a1, COUNT(DISTINCT a) AS cnt_a2, SUM(DISTINCT a) AS sum_a, SUM(DISTINCT b) AS sum_b, AVG(b) AS avg_b, COUNT(DISTINCT c) AS cnt_d])"
  }, {
    "class" : "org.apache.flink.table.planner.plan.nodes.exec.stream.StreamExecCalc",
    "projection" : [ {
      "kind" : "INPUT_REF",
      "inputIndex" : 0,
      "type" : {
        "typeName" : "BIGINT",
        "nullable" : true
      }
    }, {
      "kind" : "REX_CALL",
      "operator" : {
        "name" : "CAST",
        "kind" : "CAST",
        "syntax" : "SPECIAL"
      },
      "operands" : [ {
        "kind" : "INPUT_REF",
        "inputIndex" : 1,
        "type" : {
          "typeName" : "BIGINT",
          "nullable" : false
        }
      } ],
      "type" : {
        "typeName" : "BIGINT",
        "nullable" : true
      }
    }, {
      "kind" : "REX_CALL",
      "operator" : {
        "name" : "CAST",
        "kind" : "CAST",
        "syntax" : "SPECIAL"
      },
      "operands" : [ {
        "kind" : "INPUT_REF",
        "inputIndex" : 2,
        "type" : {
          "typeName" : "BIGINT",
          "nullable" : false
        }
      } ],
      "type" : {
        "typeName" : "BIGINT",
        "nullable" : true
      }
    }, {
      "kind" : "INPUT_REF",
      "inputIndex" : 3,
      "type" : {
        "typeName" : "BIGINT",
        "nullable" : true
      }
    }, {
      "kind" : "REX_CALL",
      "operator" : {
        "name" : "CAST",
        "kind" : "CAST",
        "syntax" : "SPECIAL"
      },
      "operands" : [ {
        "kind" : "INPUT_REF",
        "inputIndex" : 4,
        "type" : {
          "typeName" : "INTEGER",
          "nullable" : false
        }
      } ],
      "type" : {
        "typeName" : "INTEGER",
        "nullable" : true
      }
    }, {
      "kind" : "REX_CALL",
      "operator" : {
        "name" : "CAST",
        "kind" : "CAST",
        "syntax" : "SPECIAL"
      },
      "operands" : [ {
        "kind" : "INPUT_REF",
        "inputIndex" : 5,
        "type" : {
          "typeName" : "INTEGER",
          "nullable" : false
        }
      } ],
      "type" : {
        "typeName" : "DOUBLE",
        "nullable" : true
      }
    }, {
      "kind" : "REX_CALL",
      "operator" : {
        "name" : "CAST",
        "kind" : "CAST",
        "syntax" : "SPECIAL"
      },
      "operands" : [ {
        "kind" : "INPUT_REF",
        "inputIndex" : 6,
        "type" : {
          "typeName" : "BIGINT",
          "nullable" : false
        }
      } ],
      "type" : {
        "typeName" : "BIGINT",
        "nullable" : true
      }
    } ],
    "condition" : null,
    "id" : 5,
    "inputProperties" : [ {
      "requiredDistribution" : {
        "type" : "UNKNOWN"
      },
      "damBehavior" : "PIPELINED",
      "priority" : 0
    } ],
    "outputType" : {
      "type" : "ROW",
      "nullable" : true,
      "fields" : [ {
        "d" : "BIGINT"
      }, {
        "cnt_a1" : "BIGINT"
      }, {
        "cnt_a2" : "BIGINT"
      }, {
        "sum_a" : "BIGINT"
      }, {
        "sum_b" : "INT"
      }, {
        "avg_b" : "DOUBLE"
      }, {
        "cnt_c" : "BIGINT"
      } ]
    },
    "description" : "Calc(select=[d, CAST(cnt_a1) AS cnt_a1, CAST(cnt_a2) AS cnt_a2, sum_a, CAST(sum_b) AS sum_b, CAST(avg_b) AS avg_b, CAST(cnt_d) AS cnt_c])"
  }, {
    "class" : "org.apache.flink.table.planner.plan.nodes.exec.stream.StreamExecSink",
    "dynamicTableSink" : {
      "identifier" : {
        "catalogName" : "default_catalog",
        "databaseName" : "default_database",
        "tableName" : "MySink"
      },
      "catalogTable" : {
        "schema.5.name" : "avg_b",
        "sink-insert-only" : "false",
        "schema.0.data-type" : "BIGINT",
        "schema.2.name" : "cnt_a2",
        "schema.1.name" : "cnt_a1",
        "schema.6.data-type" : "BIGINT",
        "schema.4.name" : "sum_b",
        "schema.1.data-type" : "BIGINT",
        "schema.3.data-type" : "BIGINT",
        "table-sink-class" : "DEFAULT",
        "schema.2.data-type" : "BIGINT",
        "schema.3.name" : "sum_a",
        "connector" : "values",
        "schema.6.name" : "cnt_c",
        "schema.5.data-type" : "DOUBLE",
        "schema.4.data-type" : "INT",
        "schema.0.name" : "d"
      }
    },
    "inputChangelogMode" : [ "INSERT", "UPDATE_BEFORE", "UPDATE_AFTER" ],
    "id" : 6,
    "inputProperties" : [ {
      "requiredDistribution" : {
        "type" : "UNKNOWN"
      },
      "damBehavior" : "PIPELINED",
      "priority" : 0
    } ],
    "outputType" : {
      "type" : "ROW",
      "nullable" : true,
      "fields" : [ {
        "d" : "BIGINT"
      }, {
        "cnt_a1" : "BIGINT"
      }, {
        "cnt_a2" : "BIGINT"
      }, {
        "sum_a" : "BIGINT"
      }, {
        "sum_b" : "INT"
      }, {
        "avg_b" : "DOUBLE"
      }, {
        "cnt_c" : "BIGINT"
      } ]
    },
    "description" : "Sink(table=[default_catalog.default_database.MySink], fields=[d, cnt_a1, cnt_a2, sum_a, sum_b, avg_b, cnt_c])"
  } ],
  "edges" : [ {
    "source" : 1,
    "target" : 2,
    "shuffle" : {
      "type" : "FORWARD"
    },
    "shuffleMode" : "PIPELINED"
  }, {
    "source" : 2,
    "target" : 3,
    "shuffle" : {
      "type" : "FORWARD"
    },
    "shuffleMode" : "PIPELINED"
  }, {
    "source" : 3,
    "target" : 4,
    "shuffle" : {
      "type" : "FORWARD"
    },
    "shuffleMode" : "PIPELINED"
  }, {
    "source" : 4,
    "target" : 5,
    "shuffle" : {
      "type" : "FORWARD"
    },
    "shuffleMode" : "PIPELINED"
  }, {
    "source" : 5,
    "target" : 6,
    "shuffle" : {
      "type" : "FORWARD"
    },
    "shuffleMode" : "PIPELINED"
  } ]
}