{
  "flinkVersion" : "",
  "nodes" : [ {
    "class" : "org.apache.flink.table.planner.plan.nodes.exec.stream.StreamExecTableSourceScan",
    "scanTableSource" : {
      "identifier" : {
        "catalogName" : "default_catalog",
        "databaseName" : "default_database",
        "tableName" : "MyTable"
      },
      "catalogTable" : {
        "schema.3.data-type" : "BIGINT",
        "schema.2.data-type" : "VARCHAR(2147483647)",
        "schema.3.name" : "d",
        "connector" : "values",
        "schema.0.data-type" : "BIGINT",
        "schema.2.name" : "c",
        "schema.1.name" : "b",
        "bounded" : "false",
        "schema.0.name" : "a",
        "schema.1.data-type" : "INT NOT NULL"
      },
      "sourceAbilitySpecs" : [ {
        "type" : "ProjectPushDown",
        "projectedFields" : [ [ 1 ], [ 0 ], [ 2 ] ],
        "producedType" : {
          "type" : "ROW",
          "nullable" : false,
          "fields" : [ {
            "b" : "INT NOT NULL"
          }, {
            "a" : "BIGINT"
          }, {
            "c" : "VARCHAR(2147483647)"
          } ]
        }
      }, {
        "type" : "ReadingMetadata",
        "metadataKeys" : [ ],
        "producedType" : {
          "type" : "ROW",
          "nullable" : false,
          "fields" : [ {
            "b" : "INT NOT NULL"
          }, {
            "a" : "BIGINT"
          }, {
            "c" : "VARCHAR(2147483647)"
          } ]
        }
      } ]
    },
    "id" : 1,
    "outputType" : {
      "type" : "ROW",
      "nullable" : true,
      "fields" : [ {
        "b" : "INT NOT NULL"
      }, {
        "a" : "BIGINT"
      }, {
        "c" : "VARCHAR(2147483647)"
      } ]
    },
    "description" : "TableSourceScan(table=[[default_catalog, default_database, MyTable, project=[b, a, c], metadata=[]]], fields=[b, a, c])",
    "inputProperties" : [ ]
  }, {
    "class" : "org.apache.flink.table.planner.plan.nodes.exec.stream.StreamExecMiniBatchAssigner",
    "miniBatchInterval" : {
      "interval" : 10000,
      "mode" : "ProcTime"
    },
    "id" : 2,
    "inputProperties" : [ {
      "requiredDistribution" : {
        "type" : "UNKNOWN"
      },
      "damBehavior" : "PIPELINED",
      "priority" : 0
    } ],
    "outputType" : {
      "type" : "ROW",
      "nullable" : true,
      "fields" : [ {
        "b" : "INT NOT NULL"
      }, {
        "a" : "BIGINT"
      }, {
        "c" : "VARCHAR(2147483647)"
      } ]
    },
    "description" : "MiniBatchAssigner(interval=[10000ms], mode=[ProcTime])"
  }, {
    "class" : "org.apache.flink.table.planner.plan.nodes.exec.stream.StreamExecCalc",
    "projection" : [ {
      "kind" : "INPUT_REF",
      "inputIndex" : 0,
      "type" : {
        "typeName" : "INTEGER",
        "nullable" : false
      }
    }, {
      "kind" : "INPUT_REF",
      "inputIndex" : 1,
      "type" : {
        "typeName" : "BIGINT",
        "nullable" : true
      }
    }, {
      "kind" : "REX_CALL",
      "operator" : {
        "name" : ">",
        "kind" : "GREATER_THAN",
        "syntax" : "BINARY"
      },
      "operands" : [ {
        "kind" : "INPUT_REF",
        "inputIndex" : 0,
        "type" : {
          "typeName" : "INTEGER",
          "nullable" : false
        }
      }, {
        "kind" : "LITERAL",
        "value" : "1",
        "type" : {
          "typeName" : "INTEGER",
          "nullable" : false
        }
      } ],
      "type" : {
        "typeName" : "BOOLEAN",
        "nullable" : false
      }
    }, {
      "kind" : "INPUT_REF",
      "inputIndex" : 2,
      "type" : {
        "typeName" : "VARCHAR",
        "nullable" : true,
        "precision" : 2147483647
      }
    } ],
    "condition" : null,
    "id" : 3,
    "inputProperties" : [ {
      "requiredDistribution" : {
        "type" : "UNKNOWN"
      },
      "damBehavior" : "PIPELINED",
      "priority" : 0
    } ],
    "outputType" : {
      "type" : "ROW",
      "nullable" : true,
      "fields" : [ {
        "b" : "INT NOT NULL"
      }, {
        "a" : "BIGINT"
      }, {
        "$f2" : "BOOLEAN NOT NULL"
      }, {
        "c" : "VARCHAR(2147483647)"
      } ]
    },
    "description" : "Calc(select=[b, a, (b > 1) AS $f2, c])"
  }, {
    "class" : "org.apache.flink.table.planner.plan.nodes.exec.stream.StreamExecLocalGroupAggregate",
    "grouping" : [ 0 ],
    "aggCalls" : [ {
      "name" : "cnt_a",
      "aggFunction" : {
        "name" : "COUNT",
        "kind" : "COUNT",
        "syntax" : "FUNCTION_STAR"
      },
      "argList" : [ 1 ],
      "filterArg" : -1,
      "distinct" : false,
      "approximate" : false,
      "ignoreNulls" : false,
      "type" : {
        "typeName" : "BIGINT",
        "nullable" : false
      }
    }, {
      "name" : "max_b",
      "aggFunction" : {
        "name" : "MAX",
        "kind" : "MAX",
        "syntax" : "FUNCTION"
      },
      "argList" : [ 0 ],
      "filterArg" : 2,
      "distinct" : false,
      "approximate" : false,
      "ignoreNulls" : false,
      "type" : {
        "typeName" : "INTEGER",
        "nullable" : true
      }
    }, {
      "name" : "min_c",
      "aggFunction" : {
        "name" : "MIN",
        "kind" : "MIN",
        "syntax" : "FUNCTION"
      },
      "argList" : [ 3 ],
      "filterArg" : -1,
      "distinct" : false,
      "approximate" : false,
      "ignoreNulls" : false,
      "type" : {
        "typeName" : "VARCHAR",
        "nullable" : true,
        "precision" : 2147483647
      }
    } ],
    "aggCallNeedRetractions" : [ false, false, false ],
    "needRetraction" : false,
    "id" : 4,
    "inputProperties" : [ {
      "requiredDistribution" : {
        "type" : "UNKNOWN"
      },
      "damBehavior" : "PIPELINED",
      "priority" : 0
    } ],
    "outputType" : {
      "type" : "ROW",
      "nullable" : true,
      "fields" : [ {
        "b" : "INT NOT NULL"
      }, {
        "count$0" : "BIGINT"
      }, {
        "max$1" : "INT"
      }, {
        "min$2" : "VARCHAR(2147483647)"
      } ]
    },
    "description" : "LocalGroupAggregate(groupBy=[b], select=[b, COUNT(a) AS count$0, MAX(b) FILTER $f2 AS max$1, MIN(c) AS min$2])"
  }, {
    "class" : "org.apache.flink.table.planner.plan.nodes.exec.stream.StreamExecExchange",
    "id" : 5,
    "inputProperties" : [ {
      "requiredDistribution" : {
        "type" : "HASH",
        "keys" : [ 0 ]
      },
      "damBehavior" : "PIPELINED",
      "priority" : 0
    } ],
    "outputType" : {
      "type" : "ROW",
      "nullable" : true,
      "fields" : [ {
        "b" : "INT NOT NULL"
      }, {
        "count$0" : "BIGINT"
      }, {
        "max$1" : "INT"
      }, {
        "min$2" : "VARCHAR(2147483647)"
      } ]
    },
    "description" : "Exchange(distribution=[hash[b]])"
  }, {
    "class" : "org.apache.flink.table.planner.plan.nodes.exec.stream.StreamExecGlobalGroupAggregate",
    "grouping" : [ 0 ],
    "aggCalls" : [ {
      "name" : "cnt_a",
      "aggFunction" : {
        "name" : "COUNT",
        "kind" : "COUNT",
        "syntax" : "FUNCTION_STAR"
      },
      "argList" : [ 1 ],
      "filterArg" : -1,
      "distinct" : false,
      "approximate" : false,
      "ignoreNulls" : false,
      "type" : {
        "typeName" : "BIGINT",
        "nullable" : false
      }
    }, {
      "name" : "max_b",
      "aggFunction" : {
        "name" : "MAX",
        "kind" : "MAX",
        "syntax" : "FUNCTION"
      },
      "argList" : [ 0 ],
      "filterArg" : 2,
      "distinct" : false,
      "approximate" : false,
      "ignoreNulls" : false,
      "type" : {
        "typeName" : "INTEGER",
        "nullable" : true
      }
    }, {
      "name" : "min_c",
      "aggFunction" : {
        "name" : "MIN",
        "kind" : "MIN",
        "syntax" : "FUNCTION"
      },
      "argList" : [ 3 ],
      "filterArg" : -1,
      "distinct" : false,
      "approximate" : false,
      "ignoreNulls" : false,
      "type" : {
        "typeName" : "VARCHAR",
        "nullable" : true,
        "precision" : 2147483647
      }
    } ],
    "aggCallNeedRetractions" : [ false, false, false ],
    "localAggInputRowType" : {
      "type" : "ROW",
      "nullable" : true,
      "fields" : [ {
        "b" : "INT NOT NULL"
      }, {
        "a" : "BIGINT"
      }, {
        "$f2" : "BOOLEAN NOT NULL"
      }, {
        "c" : "VARCHAR(2147483647)"
      } ]
    },
    "generateUpdateBefore" : true,
    "needRetraction" : false,
    "id" : 6,
    "inputProperties" : [ {
      "requiredDistribution" : {
        "type" : "UNKNOWN"
      },
      "damBehavior" : "PIPELINED",
      "priority" : 0
    } ],
    "outputType" : {
      "type" : "ROW",
      "nullable" : true,
      "fields" : [ {
        "b" : "INT NOT NULL"
      }, {
        "cnt_a" : "BIGINT NOT NULL"
      }, {
        "max_b" : "INT"
      }, {
        "min_c" : "VARCHAR(2147483647)"
      } ]
    },
    "description" : "GlobalGroupAggregate(groupBy=[b], select=[b, COUNT(count$0) AS cnt_a, MAX(max$1) AS max_b, MIN(min$2) AS min_c])"
  }, {
    "class" : "org.apache.flink.table.planner.plan.nodes.exec.stream.StreamExecCalc",
    "projection" : [ {
      "kind" : "REX_CALL",
      "operator" : {
        "name" : "CAST",
        "kind" : "CAST",
        "syntax" : "SPECIAL"
      },
      "operands" : [ {
        "kind" : "INPUT_REF",
        "inputIndex" : 0,
        "type" : {
          "typeName" : "INTEGER",
          "nullable" : false
        }
      } ],
      "type" : {
        "typeName" : "BIGINT",
        "nullable" : true
      }
    }, {
      "kind" : "REX_CALL",
      "operator" : {
        "name" : "CAST",
        "kind" : "CAST",
        "syntax" : "SPECIAL"
      },
      "operands" : [ {
        "kind" : "INPUT_REF",
        "inputIndex" : 1,
        "type" : {
          "typeName" : "BIGINT",
          "nullable" : false
        }
      } ],
      "type" : {
        "typeName" : "BIGINT",
        "nullable" : true
      }
    }, {
      "kind" : "REX_CALL",
      "operator" : {
        "name" : "CAST",
        "kind" : "CAST",
        "syntax" : "SPECIAL"
      },
      "operands" : [ {
        "kind" : "INPUT_REF",
        "inputIndex" : 2,
        "type" : {
          "typeName" : "INTEGER",
          "nullable" : true
        }
      } ],
      "type" : {
        "typeName" : "BIGINT",
        "nullable" : true
      }
    }, {
      "kind" : "INPUT_REF",
      "inputIndex" : 3,
      "type" : {
        "typeName" : "VARCHAR",
        "nullable" : true,
        "precision" : 2147483647
      }
    } ],
    "condition" : null,
    "id" : 7,
    "inputProperties" : [ {
      "requiredDistribution" : {
        "type" : "UNKNOWN"
      },
      "damBehavior" : "PIPELINED",
      "priority" : 0
    } ],
    "outputType" : {
      "type" : "ROW",
      "nullable" : true,
      "fields" : [ {
        "b" : "BIGINT"
      }, {
        "cnt_a" : "BIGINT"
      }, {
        "max_b" : "BIGINT"
      }, {
        "min_c" : "VARCHAR(2147483647)"
      } ]
    },
    "description" : "Calc(select=[CAST(b) AS b, CAST(cnt_a) AS cnt_a, CAST(max_b) AS max_b, min_c])"
  }, {
    "class" : "org.apache.flink.table.planner.plan.nodes.exec.stream.StreamExecSink",
    "dynamicTableSink" : {
      "identifier" : {
        "catalogName" : "default_catalog",
        "databaseName" : "default_database",
        "tableName" : "MySink"
      },
      "catalogTable" : {
        "schema.3.data-type" : "VARCHAR(2147483647)",
        "sink-insert-only" : "false",
        "table-sink-class" : "DEFAULT",
        "schema.2.data-type" : "BIGINT",
        "schema.3.name" : "min_c",
        "connector" : "values",
        "schema.0.data-type" : "BIGINT",
        "schema.2.name" : "max_b",
        "schema.1.name" : "cnt_a",
        "schema.0.name" : "b",
        "schema.1.data-type" : "BIGINT"
      }
    },
    "inputChangelogMode" : [ "INSERT", "UPDATE_BEFORE", "UPDATE_AFTER" ],
    "id" : 8,
    "inputProperties" : [ {
      "requiredDistribution" : {
        "type" : "UNKNOWN"
      },
      "damBehavior" : "PIPELINED",
      "priority" : 0
    } ],
    "outputType" : {
      "type" : "ROW",
      "nullable" : true,
      "fields" : [ {
        "b" : "BIGINT"
      }, {
        "cnt_a" : "BIGINT"
      }, {
        "max_b" : "BIGINT"
      }, {
        "min_c" : "VARCHAR(2147483647)"
      } ]
    },
    "description" : "Sink(table=[default_catalog.default_database.MySink], fields=[b, cnt_a, max_b, min_c])"
  } ],
  "edges" : [ {
    "source" : 1,
    "target" : 2,
    "shuffle" : {
      "type" : "FORWARD"
    },
    "shuffleMode" : "PIPELINED"
  }, {
    "source" : 2,
    "target" : 3,
    "shuffle" : {
      "type" : "FORWARD"
    },
    "shuffleMode" : "PIPELINED"
  }, {
    "source" : 3,
    "target" : 4,
    "shuffle" : {
      "type" : "FORWARD"
    },
    "shuffleMode" : "PIPELINED"
  }, {
    "source" : 4,
    "target" : 5,
    "shuffle" : {
      "type" : "FORWARD"
    },
    "shuffleMode" : "PIPELINED"
  }, {
    "source" : 5,
    "target" : 6,
    "shuffle" : {
      "type" : "FORWARD"
    },
    "shuffleMode" : "PIPELINED"
  }, {
    "source" : 6,
    "target" : 7,
    "shuffle" : {
      "type" : "FORWARD"
    },
    "shuffleMode" : "PIPELINED"
  }, {
    "source" : 7,
    "target" : 8,
    "shuffle" : {
      "type" : "FORWARD"
    },
    "shuffleMode" : "PIPELINED"
  } ]
}