== Abstract Syntax Tree ==
LogicalFilter(condition=[=(MOD($0, 2), 0)])
  LogicalTableScan(table=[[_DataSetTable_0]])

== Optimized Logical Plan ==
DataSetCalc(select=[a, b], where=[=(MOD(a, 2), 0)])
  DataSetScan(table=[[_DataSetTable_0]])

== Physical Execution Plan ==
Stage 3 : Data Source
	content : collect elements with CollectionInputFormat
	Partitioning : RANDOM_PARTITIONED
	Partitioning Order : (none)
	Uniqueness : not unique
	Order : (none)
	Grouping : not grouped
	Uniqueness : not unique
	Est. Output Size : (unknown)
	Est. Cardinality : (unknown)
	Network : 0.0
	Disk I/O : 0.0
	CPU : 0.0
	Cumulative Network : 0.0
	Cumulative Disk I/O : 0.0
	Cumulative CPU : 0.0
	Output Size (bytes) : (none)
	Output Cardinality : (none)
	Avg. Output Record Size (bytes) : (none)
	Filter Factor : (none)

	Stage 2 : Map
		content : from: (a, b)
		ship_strategy : Forward
		exchange_mode : PIPELINED
		driver_strategy : Map
		Partitioning : RANDOM_PARTITIONED
		Partitioning Order : (none)
		Uniqueness : not unique
		Order : (none)
		Grouping : not grouped
		Uniqueness : not unique
		Est. Output Size : (unknown)
		Est. Cardinality : (unknown)
		Network : 0.0
		Disk I/O : 0.0
		CPU : 0.0
		Cumulative Network : 0.0
		Cumulative Disk I/O : 0.0
		Cumulative CPU : 0.0
		Output Size (bytes) : (none)
		Output Cardinality : (none)
		Avg. Output Record Size (bytes) : (none)
		Filter Factor : (none)

		Stage 1 : FlatMap
			content : where: (=(MOD(a, 2), 0)), select: (a, b)
			ship_strategy : Forward
			exchange_mode : PIPELINED
			driver_strategy : FlatMap
			Partitioning : RANDOM_PARTITIONED
			Partitioning Order : (none)
			Uniqueness : not unique
			Order : (none)
			Grouping : not grouped
			Uniqueness : not unique
			Est. Output Size : (unknown)
			Est. Cardinality : (unknown)
			Network : 0.0
			Disk I/O : 0.0
			CPU : 0.0
			Cumulative Network : 0.0
			Cumulative Disk I/O : 0.0
			Cumulative CPU : 0.0
			Output Size (bytes) : (none)
			Output Cardinality : (none)
			Avg. Output Record Size (bytes) : (none)
			Filter Factor : (none)

			Stage 0 : Data Sink
				content : org.apache.flink.api.java.io.DiscardingOutputFormat
				ship_strategy : Forward
				exchange_mode : PIPELINED
				Partitioning : RANDOM_PARTITIONED
				Partitioning Order : (none)
				Uniqueness : not unique
				Order : (none)
				Grouping : not grouped
				Uniqueness : not unique
				Est. Output Size : (unknown)
				Est. Cardinality : (unknown)
				Network : 0.0
				Disk I/O : 0.0
				CPU : 0.0
				Cumulative Network : 0.0
				Cumulative Disk I/O : 0.0
				Cumulative CPU : 0.0
				Output Size (bytes) : (none)
				Output Cardinality : (none)
				Avg. Output Record Size (bytes) : (none)
				Filter Factor : (none)

