{
  "flinkVersion" : "",
  "nodes" : [ {
    "class" : "org.apache.flink.table.planner.plan.nodes.exec.stream.StreamExecTableSourceScan",
    "scanTableSource" : {
      "identifier" : {
        "catalogName" : "default_catalog",
        "databaseName" : "default_database",
        "tableName" : "MyTable"
      },
      "catalogTable" : {
        "schema.3.data-type" : "BIGINT",
        "schema.2.data-type" : "VARCHAR(2147483647)",
        "schema.3.name" : "d",
        "connector" : "values",
        "schema.0.data-type" : "BIGINT",
        "schema.2.name" : "c",
        "schema.1.name" : "b",
        "bounded" : "false",
        "schema.0.name" : "a",
        "schema.1.data-type" : "INT NOT NULL"
      },
      "sourceAbilitySpecs" : [ {
        "type" : "ProjectPushDown",
        "projectedFields" : [ [ 0 ], [ 2 ] ],
        "producedType" : {
          "type" : "ROW",
          "nullable" : false,
          "fields" : [ {
            "a" : "BIGINT"
          }, {
            "c" : "VARCHAR(2147483647)"
          } ]
        }
      }, {
        "type" : "ReadingMetadata",
        "metadataKeys" : [ ],
        "producedType" : {
          "type" : "ROW",
          "nullable" : false,
          "fields" : [ {
            "a" : "BIGINT"
          }, {
            "c" : "VARCHAR(2147483647)"
          } ]
        }
      } ]
    },
    "id" : 1,
    "outputType" : {
      "type" : "ROW",
      "nullable" : true,
      "fields" : [ {
        "a" : "BIGINT"
      }, {
        "c" : "VARCHAR(2147483647)"
      } ]
    },
    "description" : "TableSourceScan(table=[[default_catalog, default_database, MyTable, project=[a, c], metadata=[]]], fields=[a, c])",
    "inputProperties" : [ ]
  }, {
    "class" : "org.apache.flink.table.planner.plan.nodes.exec.stream.StreamExecMiniBatchAssigner",
    "miniBatchInterval" : {
      "interval" : 10000,
      "mode" : "ProcTime"
    },
    "id" : 2,
    "inputProperties" : [ {
      "requiredDistribution" : {
        "type" : "UNKNOWN"
      },
      "damBehavior" : "PIPELINED",
      "priority" : 0
    } ],
    "outputType" : {
      "type" : "ROW",
      "nullable" : true,
      "fields" : [ {
        "a" : "BIGINT"
      }, {
        "c" : "VARCHAR(2147483647)"
      } ]
    },
    "description" : "MiniBatchAssigner(interval=[10000ms], mode=[ProcTime])"
  }, {
    "class" : "org.apache.flink.table.planner.plan.nodes.exec.stream.StreamExecCalc",
    "projection" : [ {
      "kind" : "INPUT_REF",
      "inputIndex" : 0,
      "type" : {
        "typeName" : "BIGINT",
        "nullable" : true
      }
    }, {
      "kind" : "INPUT_REF",
      "inputIndex" : 1,
      "type" : {
        "typeName" : "VARCHAR",
        "nullable" : true,
        "precision" : 2147483647
      }
    }, {
      "kind" : "REX_CALL",
      "operator" : {
        "name" : "MOD",
        "kind" : "MOD",
        "syntax" : "FUNCTION"
      },
      "operands" : [ {
        "kind" : "REX_CALL",
        "operator" : {
          "name" : "HASH_CODE",
          "kind" : "OTHER_FUNCTION",
          "syntax" : "FUNCTION"
        },
        "operands" : [ {
          "kind" : "INPUT_REF",
          "inputIndex" : 1,
          "type" : {
            "typeName" : "VARCHAR",
            "nullable" : true,
            "precision" : 2147483647
          }
        } ],
        "type" : {
          "typeName" : "INTEGER",
          "nullable" : true
        }
      }, {
        "kind" : "LITERAL",
        "value" : "1024",
        "type" : {
          "typeName" : "INTEGER",
          "nullable" : false
        }
      } ],
      "type" : {
        "typeName" : "INTEGER",
        "nullable" : true
      }
    } ],
    "condition" : null,
    "id" : 3,
    "inputProperties" : [ {
      "requiredDistribution" : {
        "type" : "UNKNOWN"
      },
      "damBehavior" : "PIPELINED",
      "priority" : 0
    } ],
    "outputType" : {
      "type" : "ROW",
      "nullable" : true,
      "fields" : [ {
        "a" : "BIGINT"
      }, {
        "c" : "VARCHAR(2147483647)"
      }, {
        "$f2" : "INT"
      } ]
    },
    "description" : "Calc(select=[a, c, MOD(HASH_CODE(c), 1024) AS $f2])"
  }, {
    "class" : "org.apache.flink.table.planner.plan.nodes.exec.stream.StreamExecLocalGroupAggregate",
    "grouping" : [ 0, 2 ],
    "aggCalls" : [ {
      "name" : null,
      "aggFunction" : {
        "name" : "COUNT",
        "kind" : "COUNT",
        "syntax" : "FUNCTION_STAR"
      },
      "argList" : [ 1 ],
      "filterArg" : -1,
      "distinct" : true,
      "approximate" : false,
      "ignoreNulls" : false,
      "type" : {
        "typeName" : "BIGINT",
        "nullable" : false
      }
    } ],
    "aggCallNeedRetractions" : [ false ],
    "needRetraction" : false,
    "id" : 4,
    "inputProperties" : [ {
      "requiredDistribution" : {
        "type" : "UNKNOWN"
      },
      "damBehavior" : "PIPELINED",
      "priority" : 0
    } ],
    "outputType" : {
      "type" : "ROW",
      "nullable" : true,
      "fields" : [ {
        "a" : "BIGINT"
      }, {
        "$f2" : "INT"
      }, {
        "count$0" : "BIGINT"
      }, {
        "distinct$0" : {
          "type" : "RAW",
          "nullable" : true,
          "dataViewClass" : "org.apache.flink.table.api.dataview.MapView",
          "keyType" : {
            "isInternal" : true,
            "type" : "VARCHAR(2147483647)"
          },
          "valueType" : {
            "isInternal" : true,
            "type" : "BIGINT NOT NULL"
          }
        }
      } ]
    },
    "description" : "LocalGroupAggregate(groupBy=[a, $f2], partialFinalType=[PARTIAL], select=[a, $f2, COUNT(distinct$0 c) AS count$0, DISTINCT(c) AS distinct$0])"
  }, {
    "class" : "org.apache.flink.table.planner.plan.nodes.exec.stream.StreamExecExchange",
    "id" : 5,
    "inputProperties" : [ {
      "requiredDistribution" : {
        "type" : "HASH",
        "keys" : [ 0, 1 ]
      },
      "damBehavior" : "PIPELINED",
      "priority" : 0
    } ],
    "outputType" : {
      "type" : "ROW",
      "nullable" : true,
      "fields" : [ {
        "a" : "BIGINT"
      }, {
        "$f2" : "INT"
      }, {
        "count$0" : "BIGINT"
      }, {
        "distinct$0" : {
          "type" : "RAW",
          "nullable" : true,
          "dataViewClass" : "org.apache.flink.table.api.dataview.MapView",
          "keyType" : {
            "isInternal" : true,
            "type" : "VARCHAR(2147483647)"
          },
          "valueType" : {
            "isInternal" : true,
            "type" : "BIGINT NOT NULL"
          }
        }
      } ]
    },
    "description" : "Exchange(distribution=[hash[a, $f2]])"
  }, {
    "class" : "org.apache.flink.table.planner.plan.nodes.exec.stream.StreamExecIncrementalGroupAggregate",
    "partialAggGrouping" : [ 0, 1 ],
    "finalAggGrouping" : [ 0 ],
    "partialOriginalAggCalls" : [ {
      "name" : null,
      "aggFunction" : {
        "name" : "COUNT",
        "kind" : "COUNT",
        "syntax" : "FUNCTION_STAR"
      },
      "argList" : [ 1 ],
      "filterArg" : -1,
      "distinct" : true,
      "approximate" : false,
      "ignoreNulls" : false,
      "type" : {
        "typeName" : "BIGINT",
        "nullable" : false
      }
    } ],
    "partialAggCallNeedRetractions" : [ false ],
    "partialLocalAggInputRowType" : {
      "type" : "ROW",
      "nullable" : true,
      "fields" : [ {
        "a" : "BIGINT"
      }, {
        "c" : "VARCHAR(2147483647)"
      }, {
        "$f2" : "INT"
      } ]
    },
    "partialAggNeedRetraction" : false,
    "id" : 6,
    "inputProperties" : [ {
      "requiredDistribution" : {
        "type" : "UNKNOWN"
      },
      "damBehavior" : "PIPELINED",
      "priority" : 0
    } ],
    "outputType" : {
      "type" : "ROW",
      "nullable" : true,
      "fields" : [ {
        "a" : "BIGINT"
      }, {
        "count$0" : "BIGINT"
      } ]
    },
    "description" : "IncrementalGroupAggregate(partialAggGrouping=[a, $f2], finalAggGrouping=[a], select=[a, COUNT(distinct$0 count$0) AS count$0])"
  }, {
    "class" : "org.apache.flink.table.planner.plan.nodes.exec.stream.StreamExecExchange",
    "id" : 7,
    "inputProperties" : [ {
      "requiredDistribution" : {
        "type" : "HASH",
        "keys" : [ 0 ]
      },
      "damBehavior" : "PIPELINED",
      "priority" : 0
    } ],
    "outputType" : {
      "type" : "ROW",
      "nullable" : true,
      "fields" : [ {
        "a" : "BIGINT"
      }, {
        "count$0" : "BIGINT"
      } ]
    },
    "description" : "Exchange(distribution=[hash[a]])"
  }, {
    "class" : "org.apache.flink.table.planner.plan.nodes.exec.stream.StreamExecGlobalGroupAggregate",
    "grouping" : [ 0 ],
    "aggCalls" : [ {
      "name" : null,
      "aggFunction" : {
        "name" : "$SUM0",
        "kind" : "SUM0",
        "syntax" : "FUNCTION"
      },
      "argList" : [ 2 ],
      "filterArg" : -1,
      "distinct" : false,
      "approximate" : false,
      "ignoreNulls" : false,
      "type" : {
        "typeName" : "BIGINT",
        "nullable" : false
      }
    } ],
    "aggCallNeedRetractions" : [ false ],
    "localAggInputRowType" : {
      "type" : "ROW",
      "nullable" : true,
      "fields" : [ {
        "a" : "BIGINT"
      }, {
        "$f2" : "INT"
      }, {
        "$f2_0" : "BIGINT NOT NULL"
      } ]
    },
    "generateUpdateBefore" : true,
    "needRetraction" : false,
    "id" : 8,
    "inputProperties" : [ {
      "requiredDistribution" : {
        "type" : "UNKNOWN"
      },
      "damBehavior" : "PIPELINED",
      "priority" : 0
    } ],
    "outputType" : {
      "type" : "ROW",
      "nullable" : true,
      "fields" : [ {
        "a" : "BIGINT"
      }, {
        "$f1" : "BIGINT NOT NULL"
      } ]
    },
    "description" : "GlobalGroupAggregate(groupBy=[a], partialFinalType=[FINAL], select=[a, $SUM0(count$0) AS $f1])"
  }, {
    "class" : "org.apache.flink.table.planner.plan.nodes.exec.stream.StreamExecSink",
    "dynamicTableSink" : {
      "identifier" : {
        "catalogName" : "default_catalog",
        "databaseName" : "default_database",
        "tableName" : "MySink"
      },
      "catalogTable" : {
        "sink-insert-only" : "false",
        "table-sink-class" : "DEFAULT",
        "connector" : "values",
        "schema.0.data-type" : "BIGINT",
        "schema.1.name" : "c",
        "schema.0.name" : "a",
        "schema.1.data-type" : "BIGINT"
      }
    },
    "inputChangelogMode" : [ "INSERT", "UPDATE_BEFORE", "UPDATE_AFTER", "DELETE" ],
    "id" : 9,
    "inputProperties" : [ {
      "requiredDistribution" : {
        "type" : "UNKNOWN"
      },
      "damBehavior" : "PIPELINED",
      "priority" : 0
    } ],
    "outputType" : {
      "type" : "ROW",
      "nullable" : true,
      "fields" : [ {
        "a" : "BIGINT"
      }, {
        "$f1" : "BIGINT NOT NULL"
      } ]
    },
    "description" : "Sink(table=[default_catalog.default_database.MySink], fields=[a, $f1])"
  } ],
  "edges" : [ {
    "source" : 1,
    "target" : 2,
    "shuffle" : {
      "type" : "FORWARD"
    },
    "shuffleMode" : "PIPELINED"
  }, {
    "source" : 2,
    "target" : 3,
    "shuffle" : {
      "type" : "FORWARD"
    },
    "shuffleMode" : "PIPELINED"
  }, {
    "source" : 3,
    "target" : 4,
    "shuffle" : {
      "type" : "FORWARD"
    },
    "shuffleMode" : "PIPELINED"
  }, {
    "source" : 4,
    "target" : 5,
    "shuffle" : {
      "type" : "FORWARD"
    },
    "shuffleMode" : "PIPELINED"
  }, {
    "source" : 5,
    "target" : 6,
    "shuffle" : {
      "type" : "FORWARD"
    },
    "shuffleMode" : "PIPELINED"
  }, {
    "source" : 6,
    "target" : 7,
    "shuffle" : {
      "type" : "FORWARD"
    },
    "shuffleMode" : "PIPELINED"
  }, {
    "source" : 7,
    "target" : 8,
    "shuffle" : {
      "type" : "FORWARD"
    },
    "shuffleMode" : "PIPELINED"
  }, {
    "source" : 8,
    "target" : 9,
    "shuffle" : {
      "type" : "FORWARD"
    },
    "shuffleMode" : "PIPELINED"
  } ]
}