{
  "flinkVersion" : "",
  "nodes" : [ {
    "class" : "org.apache.flink.table.planner.plan.nodes.exec.stream.StreamExecTableSourceScan",
    "scanTableSource" : {
      "identifier" : {
        "catalogName" : "default_catalog",
        "databaseName" : "default_database",
        "tableName" : "A"
      },
      "catalogTable" : {
        "schema.watermark.0.strategy.expr" : "`rowtime` - INTERVAL '1' SECOND",
        "schema.4.expr" : "TO_TIMESTAMP(FROM_UNIXTIME(`c`))",
        "schema.0.data-type" : "INT",
        "schema.2.name" : "c",
        "schema.1.name" : "b",
        "bounded" : "false",
        "schema.4.name" : "rowtime",
        "schema.1.data-type" : "VARCHAR(2147483647)",
        "schema.3.data-type" : "TIMESTAMP(3) WITH LOCAL TIME ZONE NOT NULL",
        "schema.2.data-type" : "BIGINT",
        "schema.3.name" : "proctime",
        "connector" : "values",
        "schema.watermark.0.rowtime" : "rowtime",
        "schema.watermark.0.strategy.data-type" : "TIMESTAMP(3)",
        "schema.3.expr" : "PROCTIME()",
        "schema.4.data-type" : "TIMESTAMP(3)",
        "schema.0.name" : "a"
      },
      "sourceAbilitySpecs" : [ {
        "type" : "ProjectPushDown",
        "projectedFields" : [ [ 0 ], [ 2 ] ],
        "producedType" : {
          "type" : "ROW",
          "nullable" : false,
          "fields" : [ {
            "a" : "INT"
          }, {
            "c" : "BIGINT"
          } ]
        }
      }, {
        "type" : "ReadingMetadata",
        "metadataKeys" : [ ],
        "producedType" : {
          "type" : "ROW",
          "nullable" : false,
          "fields" : [ {
            "a" : "INT"
          }, {
            "c" : "BIGINT"
          } ]
        }
      } ]
    },
    "id" : 1,
    "outputType" : {
      "type" : "ROW",
      "nullable" : true,
      "fields" : [ {
        "a" : "INT"
      }, {
        "c" : "BIGINT"
      } ]
    },
    "description" : "TableSourceScan(table=[[default_catalog, default_database, A, project=[a, c], metadata=[]]], fields=[a, c])",
    "inputProperties" : [ ]
  }, {
    "class" : "org.apache.flink.table.planner.plan.nodes.exec.stream.StreamExecCalc",
    "projection" : [ {
      "kind" : "INPUT_REF",
      "inputIndex" : 0,
      "type" : {
        "typeName" : "INTEGER",
        "nullable" : true
      }
    }, {
      "kind" : "REX_CALL",
      "operator" : {
        "name" : "TO_TIMESTAMP",
        "kind" : "OTHER_FUNCTION",
        "syntax" : "FUNCTION"
      },
      "operands" : [ {
        "kind" : "REX_CALL",
        "operator" : {
          "name" : "FROM_UNIXTIME",
          "kind" : "OTHER_FUNCTION",
          "syntax" : "FUNCTION"
        },
        "operands" : [ {
          "kind" : "INPUT_REF",
          "inputIndex" : 1,
          "type" : {
            "typeName" : "BIGINT",
            "nullable" : true
          }
        } ],
        "type" : {
          "typeName" : "VARCHAR",
          "nullable" : true,
          "precision" : 2000
        }
      } ],
      "type" : {
        "typeName" : "TIMESTAMP",
        "nullable" : true,
        "precision" : 3
      }
    } ],
    "condition" : null,
    "id" : 2,
    "inputProperties" : [ {
      "requiredDistribution" : {
        "type" : "UNKNOWN"
      },
      "damBehavior" : "PIPELINED",
      "priority" : 0
    } ],
    "outputType" : {
      "type" : "ROW",
      "nullable" : true,
      "fields" : [ {
        "a" : "INT"
      }, {
        "rowtime" : {
          "type" : "TIMESTAMP_WITHOUT_TIME_ZONE",
          "nullable" : true,
          "precision" : 3,
          "kind" : "REGULAR"
        }
      } ]
    },
    "description" : "Calc(select=[a, TO_TIMESTAMP(FROM_UNIXTIME(c)) AS rowtime])"
  }, {
    "class" : "org.apache.flink.table.planner.plan.nodes.exec.stream.StreamExecWatermarkAssigner",
    "watermarkExpr" : {
      "kind" : "REX_CALL",
      "operator" : {
        "name" : "-",
        "kind" : "MINUS",
        "syntax" : "SPECIAL"
      },
      "operands" : [ {
        "kind" : "INPUT_REF",
        "inputIndex" : 1,
        "type" : {
          "typeName" : "TIMESTAMP",
          "nullable" : true,
          "precision" : 3
        }
      }, {
        "kind" : "LITERAL",
        "value" : 1000,
        "type" : {
          "typeName" : "INTERVAL_SECOND",
          "nullable" : false,
          "precision" : 2,
          "scale" : 6
        }
      } ],
      "type" : {
        "typeName" : "TIMESTAMP",
        "nullable" : true,
        "precision" : 3
      }
    },
    "rowtimeFieldIndex" : 1,
    "id" : 3,
    "inputProperties" : [ {
      "requiredDistribution" : {
        "type" : "UNKNOWN"
      },
      "damBehavior" : "PIPELINED",
      "priority" : 0
    } ],
    "outputType" : {
      "type" : "ROW",
      "nullable" : true,
      "fields" : [ {
        "a" : "INT"
      }, {
        "rowtime" : {
          "type" : "TIMESTAMP_WITHOUT_TIME_ZONE",
          "nullable" : true,
          "precision" : 3,
          "kind" : "ROWTIME"
        }
      } ]
    },
    "description" : "WatermarkAssigner(rowtime=[rowtime], watermark=[(rowtime - 1000:INTERVAL SECOND)])"
  }, {
    "class" : "org.apache.flink.table.planner.plan.nodes.exec.stream.StreamExecExchange",
    "id" : 4,
    "inputProperties" : [ {
      "requiredDistribution" : {
        "type" : "HASH",
        "keys" : [ 0 ]
      },
      "damBehavior" : "PIPELINED",
      "priority" : 0
    } ],
    "outputType" : {
      "type" : "ROW",
      "nullable" : true,
      "fields" : [ {
        "a" : "INT"
      }, {
        "rowtime" : {
          "type" : "TIMESTAMP_WITHOUT_TIME_ZONE",
          "nullable" : true,
          "precision" : 3,
          "kind" : "ROWTIME"
        }
      } ]
    },
    "description" : "Exchange(distribution=[hash[a]])"
  }, {
    "class" : "org.apache.flink.table.planner.plan.nodes.exec.stream.StreamExecTableSourceScan",
    "scanTableSource" : {
      "identifier" : {
        "catalogName" : "default_catalog",
        "databaseName" : "default_database",
        "tableName" : "B"
      },
      "catalogTable" : {
        "schema.watermark.0.strategy.expr" : "`rowtime` - INTERVAL '1' SECOND",
        "schema.4.expr" : "TO_TIMESTAMP(FROM_UNIXTIME(`c`))",
        "schema.0.data-type" : "INT",
        "schema.2.name" : "c",
        "schema.1.name" : "b",
        "bounded" : "false",
        "schema.4.name" : "rowtime",
        "schema.1.data-type" : "VARCHAR(2147483647)",
        "schema.3.data-type" : "TIMESTAMP(3) WITH LOCAL TIME ZONE NOT NULL",
        "schema.2.data-type" : "BIGINT",
        "schema.3.name" : "proctime",
        "connector" : "values",
        "schema.watermark.0.rowtime" : "rowtime",
        "schema.watermark.0.strategy.data-type" : "TIMESTAMP(3)",
        "schema.3.expr" : "PROCTIME()",
        "schema.4.data-type" : "TIMESTAMP(3)",
        "schema.0.name" : "a"
      }
    },
    "id" : 5,
    "outputType" : {
      "type" : "ROW",
      "nullable" : true,
      "fields" : [ {
        "a" : "INT"
      }, {
        "b" : "VARCHAR(2147483647)"
      }, {
        "c" : "BIGINT"
      } ]
    },
    "description" : "TableSourceScan(table=[[default_catalog, default_database, B]], fields=[a, b, c])",
    "inputProperties" : [ ]
  }, {
    "class" : "org.apache.flink.table.planner.plan.nodes.exec.stream.StreamExecCalc",
    "projection" : [ {
      "kind" : "INPUT_REF",
      "inputIndex" : 0,
      "type" : {
        "typeName" : "INTEGER",
        "nullable" : true
      }
    }, {
      "kind" : "INPUT_REF",
      "inputIndex" : 1,
      "type" : {
        "typeName" : "VARCHAR",
        "nullable" : true,
        "precision" : 2147483647
      }
    }, {
      "kind" : "REX_CALL",
      "operator" : {
        "name" : "TO_TIMESTAMP",
        "kind" : "OTHER_FUNCTION",
        "syntax" : "FUNCTION"
      },
      "operands" : [ {
        "kind" : "REX_CALL",
        "operator" : {
          "name" : "FROM_UNIXTIME",
          "kind" : "OTHER_FUNCTION",
          "syntax" : "FUNCTION"
        },
        "operands" : [ {
          "kind" : "INPUT_REF",
          "inputIndex" : 2,
          "type" : {
            "typeName" : "BIGINT",
            "nullable" : true
          }
        } ],
        "type" : {
          "typeName" : "VARCHAR",
          "nullable" : true,
          "precision" : 2000
        }
      } ],
      "type" : {
        "typeName" : "TIMESTAMP",
        "nullable" : true,
        "precision" : 3
      }
    } ],
    "condition" : null,
    "id" : 6,
    "inputProperties" : [ {
      "requiredDistribution" : {
        "type" : "UNKNOWN"
      },
      "damBehavior" : "PIPELINED",
      "priority" : 0
    } ],
    "outputType" : {
      "type" : "ROW",
      "nullable" : true,
      "fields" : [ {
        "a" : "INT"
      }, {
        "b" : "VARCHAR(2147483647)"
      }, {
        "rowtime" : {
          "type" : "TIMESTAMP_WITHOUT_TIME_ZONE",
          "nullable" : true,
          "precision" : 3,
          "kind" : "REGULAR"
        }
      } ]
    },
    "description" : "Calc(select=[a, b, TO_TIMESTAMP(FROM_UNIXTIME(c)) AS rowtime])"
  }, {
    "class" : "org.apache.flink.table.planner.plan.nodes.exec.stream.StreamExecWatermarkAssigner",
    "watermarkExpr" : {
      "kind" : "REX_CALL",
      "operator" : {
        "name" : "-",
        "kind" : "MINUS",
        "syntax" : "SPECIAL"
      },
      "operands" : [ {
        "kind" : "INPUT_REF",
        "inputIndex" : 2,
        "type" : {
          "typeName" : "TIMESTAMP",
          "nullable" : true,
          "precision" : 3
        }
      }, {
        "kind" : "LITERAL",
        "value" : 1000,
        "type" : {
          "typeName" : "INTERVAL_SECOND",
          "nullable" : false,
          "precision" : 2,
          "scale" : 6
        }
      } ],
      "type" : {
        "typeName" : "TIMESTAMP",
        "nullable" : true,
        "precision" : 3
      }
    },
    "rowtimeFieldIndex" : 2,
    "id" : 7,
    "inputProperties" : [ {
      "requiredDistribution" : {
        "type" : "UNKNOWN"
      },
      "damBehavior" : "PIPELINED",
      "priority" : 0
    } ],
    "outputType" : {
      "type" : "ROW",
      "nullable" : true,
      "fields" : [ {
        "a" : "INT"
      }, {
        "b" : "VARCHAR(2147483647)"
      }, {
        "rowtime" : {
          "type" : "TIMESTAMP_WITHOUT_TIME_ZONE",
          "nullable" : true,
          "precision" : 3,
          "kind" : "ROWTIME"
        }
      } ]
    },
    "description" : "WatermarkAssigner(rowtime=[rowtime], watermark=[(rowtime - 1000:INTERVAL SECOND)])"
  }, {
    "class" : "org.apache.flink.table.planner.plan.nodes.exec.stream.StreamExecExchange",
    "id" : 8,
    "inputProperties" : [ {
      "requiredDistribution" : {
        "type" : "HASH",
        "keys" : [ 0 ]
      },
      "damBehavior" : "PIPELINED",
      "priority" : 0
    } ],
    "outputType" : {
      "type" : "ROW",
      "nullable" : true,
      "fields" : [ {
        "a" : "INT"
      }, {
        "b" : "VARCHAR(2147483647)"
      }, {
        "rowtime" : {
          "type" : "TIMESTAMP_WITHOUT_TIME_ZONE",
          "nullable" : true,
          "precision" : 3,
          "kind" : "ROWTIME"
        }
      } ]
    },
    "description" : "Exchange(distribution=[hash[a]])"
  }, {
    "class" : "org.apache.flink.table.planner.plan.nodes.exec.stream.StreamExecIntervalJoin",
    "intervalJoinSpec" : {
      "joinSpec" : {
        "joinType" : "INNER",
        "leftKeys" : [ 0 ],
        "rightKeys" : [ 0 ],
        "filterNulls" : [ true ],
        "nonEquiCondition" : null
      },
      "windowBounds" : {
        "isEventTime" : true,
        "leftLowerBound" : -10000,
        "leftUpperBound" : 3600000,
        "leftTimeIndex" : 1,
        "rightTimeIndex" : 2
      }
    },
    "id" : 9,
    "inputProperties" : [ {
      "requiredDistribution" : {
        "type" : "UNKNOWN"
      },
      "damBehavior" : "PIPELINED",
      "priority" : 0
    }, {
      "requiredDistribution" : {
        "type" : "UNKNOWN"
      },
      "damBehavior" : "PIPELINED",
      "priority" : 0
    } ],
    "outputType" : {
      "type" : "ROW",
      "nullable" : true,
      "fields" : [ {
        "a" : "INT"
      }, {
        "rowtime" : {
          "type" : "TIMESTAMP_WITHOUT_TIME_ZONE",
          "nullable" : true,
          "precision" : 3,
          "kind" : "ROWTIME"
        }
      }, {
        "a0" : "INT"
      }, {
        "b" : "VARCHAR(2147483647)"
      }, {
        "rowtime0" : {
          "type" : "TIMESTAMP_WITHOUT_TIME_ZONE",
          "nullable" : true,
          "precision" : 3,
          "kind" : "ROWTIME"
        }
      } ]
    },
    "description" : "IntervalJoin(joinType=[InnerJoin], windowBounds=[isRowTime=true, leftLowerBound=-10000, leftUpperBound=3600000, leftTimeIndex=1, rightTimeIndex=2], where=[((a = a0) AND (rowtime >= (rowtime0 - 10000:INTERVAL SECOND)) AND (rowtime <= (rowtime0 + 3600000:INTERVAL HOUR)))], select=[a, rowtime, a0, b, rowtime0])"
  }, {
    "class" : "org.apache.flink.table.planner.plan.nodes.exec.stream.StreamExecCalc",
    "projection" : [ {
      "kind" : "INPUT_REF",
      "inputIndex" : 0,
      "type" : {
        "typeName" : "INTEGER",
        "nullable" : true
      }
    }, {
      "kind" : "INPUT_REF",
      "inputIndex" : 3,
      "type" : {
        "typeName" : "VARCHAR",
        "nullable" : true,
        "precision" : 2147483647
      }
    } ],
    "condition" : null,
    "id" : 10,
    "inputProperties" : [ {
      "requiredDistribution" : {
        "type" : "UNKNOWN"
      },
      "damBehavior" : "PIPELINED",
      "priority" : 0
    } ],
    "outputType" : {
      "type" : "ROW",
      "nullable" : true,
      "fields" : [ {
        "a" : "INT"
      }, {
        "b" : "VARCHAR(2147483647)"
      } ]
    },
    "description" : "Calc(select=[a, b])"
  }, {
    "class" : "org.apache.flink.table.planner.plan.nodes.exec.stream.StreamExecSink",
    "dynamicTableSink" : {
      "identifier" : {
        "catalogName" : "default_catalog",
        "databaseName" : "default_database",
        "tableName" : "MySink"
      },
      "catalogTable" : {
        "table-sink-class" : "DEFAULT",
        "connector" : "values",
        "schema.0.data-type" : "INT",
        "schema.1.name" : "b",
        "schema.0.name" : "a",
        "schema.1.data-type" : "VARCHAR(2147483647)"
      }
    },
    "inputChangelogMode" : [ "INSERT" ],
    "id" : 11,
    "inputProperties" : [ {
      "requiredDistribution" : {
        "type" : "UNKNOWN"
      },
      "damBehavior" : "PIPELINED",
      "priority" : 0
    } ],
    "outputType" : {
      "type" : "ROW",
      "nullable" : true,
      "fields" : [ {
        "a" : "INT"
      }, {
        "b" : "VARCHAR(2147483647)"
      } ]
    },
    "description" : "Sink(table=[default_catalog.default_database.MySink], fields=[a, b])"
  } ],
  "edges" : [ {
    "source" : 1,
    "target" : 2,
    "shuffle" : {
      "type" : "FORWARD"
    },
    "shuffleMode" : "PIPELINED"
  }, {
    "source" : 2,
    "target" : 3,
    "shuffle" : {
      "type" : "FORWARD"
    },
    "shuffleMode" : "PIPELINED"
  }, {
    "source" : 3,
    "target" : 4,
    "shuffle" : {
      "type" : "FORWARD"
    },
    "shuffleMode" : "PIPELINED"
  }, {
    "source" : 5,
    "target" : 6,
    "shuffle" : {
      "type" : "FORWARD"
    },
    "shuffleMode" : "PIPELINED"
  }, {
    "source" : 6,
    "target" : 7,
    "shuffle" : {
      "type" : "FORWARD"
    },
    "shuffleMode" : "PIPELINED"
  }, {
    "source" : 7,
    "target" : 8,
    "shuffle" : {
      "type" : "FORWARD"
    },
    "shuffleMode" : "PIPELINED"
  }, {
    "source" : 4,
    "target" : 9,
    "shuffle" : {
      "type" : "FORWARD"
    },
    "shuffleMode" : "PIPELINED"
  }, {
    "source" : 8,
    "target" : 9,
    "shuffle" : {
      "type" : "FORWARD"
    },
    "shuffleMode" : "PIPELINED"
  }, {
    "source" : 9,
    "target" : 10,
    "shuffle" : {
      "type" : "FORWARD"
    },
    "shuffleMode" : "PIPELINED"
  }, {
    "source" : 10,
    "target" : 11,
    "shuffle" : {
      "type" : "FORWARD"
    },
    "shuffleMode" : "PIPELINED"
  } ]
}