{
  "flinkVersion" : "",
  "nodes" : [ {
    "id" : 1,
    "type" : "stream-exec-table-source-scan_1",
    "scanTableSource" : {
      "table" : {
        "identifier" : "`default_catalog`.`default_database`.`WatermarkTable`",
        "resolvedTable" : {
          "schema" : {
            "columns" : [ {
              "name" : "a",
              "dataType" : "BIGINT"
            }, {
              "name" : "b",
              "dataType" : "INT"
            }, {
              "name" : "c",
              "dataType" : {
                "type" : "TIMESTAMP_WITHOUT_TIME_ZONE",
                "precision" : 3,
                "kind" : "ROWTIME"
              }
            } ],
            "watermarkSpecs" : [ {
              "rowtimeAttribute" : "c",
              "expression" : {
                "rexNode" : {
                  "kind" : "CALL",
                  "syntax" : "SPECIAL",
                  "internalName" : "$-$1",
                  "operands" : [ {
                    "kind" : "INPUT_REF",
                    "inputIndex" : 2,
                    "type" : "TIMESTAMP(3)"
                  }, {
                    "kind" : "LITERAL",
                    "value" : "5000",
                    "type" : "INTERVAL SECOND(6) NOT NULL"
                  } ],
                  "type" : "TIMESTAMP(3)"
                },
                "serializableString" : "`c` - INTERVAL '5' SECOND"
              }
            } ]
          },
          "partitionKeys" : [ ],
          "options" : {
            "disable-lookup" : "true",
            "connector" : "values",
            "bounded" : "false",
            "enable-watermark-push-down" : "false"
          }
        }
      }
    },
    "outputType" : "ROW<`a` BIGINT, `b` INT, `c` TIMESTAMP(3)>",
    "description" : "TableSourceScan(table=[[default_catalog, default_database, WatermarkTable]], fields=[a, b, c])",
    "inputProperties" : [ ]
  }, {
    "id" : 2,
    "type" : "stream-exec-watermark-assigner_1",
    "watermarkExpr" : {
      "kind" : "CALL",
      "syntax" : "SPECIAL",
      "internalName" : "$-$1",
      "operands" : [ {
        "kind" : "INPUT_REF",
        "inputIndex" : 2,
        "type" : "TIMESTAMP(3)"
      }, {
        "kind" : "LITERAL",
        "value" : "5000",
        "type" : "INTERVAL SECOND(6) NOT NULL"
      } ],
      "type" : "TIMESTAMP(3)"
    },
    "rowtimeFieldIndex" : 2,
    "inputProperties" : [ {
      "requiredDistribution" : {
        "type" : "UNKNOWN"
      },
      "damBehavior" : "PIPELINED",
      "priority" : 0
    } ],
    "outputType" : {
      "type" : "ROW",
      "fields" : [ {
        "name" : "a",
        "fieldType" : "BIGINT"
      }, {
        "name" : "b",
        "fieldType" : "INT"
      }, {
        "name" : "c",
        "fieldType" : {
          "type" : "TIMESTAMP_WITHOUT_TIME_ZONE",
          "precision" : 3,
          "kind" : "ROWTIME"
        }
      } ]
    },
    "description" : "WatermarkAssigner(rowtime=[c], watermark=[(c - 5000:INTERVAL SECOND)])"
  }, {
    "id" : 3,
    "type" : "stream-exec-sink_1",
    "configuration" : {
      "table.exec.sink.keyed-shuffle" : "AUTO",
      "table.exec.sink.not-null-enforcer" : "ERROR",
      "table.exec.sink.type-length-enforcer" : "IGNORE",
      "table.exec.sink.upsert-materialize" : "AUTO"
    },
    "dynamicTableSink" : {
      "table" : {
        "identifier" : "`default_catalog`.`default_database`.`sink`",
        "resolvedTable" : {
          "schema" : {
            "columns" : [ {
              "name" : "a",
              "dataType" : "BIGINT"
            }, {
              "name" : "b",
              "dataType" : "INT"
            }, {
              "name" : "c",
              "dataType" : "TIMESTAMP(3)"
            } ],
            "watermarkSpecs" : [ ]
          },
          "partitionKeys" : [ ],
          "options" : {
            "connector" : "values",
            "table-sink-class" : "DEFAULT"
          }
        }
      }
    },
    "inputChangelogMode" : [ "INSERT" ],
    "inputProperties" : [ {
      "requiredDistribution" : {
        "type" : "UNKNOWN"
      },
      "damBehavior" : "PIPELINED",
      "priority" : 0
    } ],
    "outputType" : {
      "type" : "ROW",
      "fields" : [ {
        "name" : "a",
        "fieldType" : "BIGINT"
      }, {
        "name" : "b",
        "fieldType" : "INT"
      }, {
        "name" : "c",
        "fieldType" : {
          "type" : "TIMESTAMP_WITHOUT_TIME_ZONE",
          "precision" : 3,
          "kind" : "ROWTIME"
        }
      } ]
    },
    "description" : "Sink(table=[default_catalog.default_database.sink], fields=[a, b, c])"
  } ],
  "edges" : [ {
    "source" : 1,
    "target" : 2,
    "shuffle" : {
      "type" : "FORWARD"
    },
    "shuffleMode" : "PIPELINED"
  }, {
    "source" : 2,
    "target" : 3,
    "shuffle" : {
      "type" : "FORWARD"
    },
    "shuffleMode" : "PIPELINED"
  } ]
}