{
  myFun_rewriteGroup8(a, b);

  myFun_rewriteGroup9(a, b);
}
