{
  "flinkVersion" : "",
  "nodes" : [ {
    "id" : 1,
    "type" : "stream-exec-table-source-scan_1",
    "scanTableSource" : {
      "table" : {
        "identifier" : "`default_catalog`.`default_database`.`MyTable`",
        "resolvedTable" : {
          "schema" : {
            "columns" : [ {
              "name" : "a",
              "dataType" : "BIGINT"
            }, {
              "name" : "b",
              "dataType" : "INT NOT NULL"
            }, {
              "name" : "c",
              "dataType" : "VARCHAR(2147483647)"
            }, {
              "name" : "d",
              "dataType" : "TIMESTAMP(3)"
            } ],
            "watermarkSpecs" : [ ]
          },
          "partitionKeys" : [ ],
          "options" : {
            "connector" : "values",
            "bounded" : "false"
          }
        }
      },
      "abilities" : [ {
        "type" : "FilterPushDown",
        "predicates" : [ ]
      } ]
    },
    "outputType" : "ROW<`a` BIGINT, `b` INT NOT NULL, `c` VARCHAR(2147483647), `d` TIMESTAMP(3)>",
    "description" : "TableSourceScan(table=[[default_catalog, default_database, MyTable, filter=[]]], fields=[a, b, c, d])",
    "inputProperties" : [ ]
  }, {
    "id" : 2,
    "type" : "stream-exec-calc_1",
    "projection" : [ {
      "kind" : "INPUT_REF",
      "inputIndex" : 0,
      "type" : "BIGINT"
    }, {
      "kind" : "INPUT_REF",
      "inputIndex" : 1,
      "type" : "INT NOT NULL"
    }, {
      "kind" : "INPUT_REF",
      "inputIndex" : 2,
      "type" : "VARCHAR(2147483647)"
    }, {
      "kind" : "INPUT_REF",
      "inputIndex" : 3,
      "type" : "TIMESTAMP(3)"
    } ],
    "condition" : {
      "kind" : "CALL",
      "syntax" : "BINARY",
      "internalName" : "$>$1",
      "operands" : [ {
        "kind" : "INPUT_REF",
        "inputIndex" : 1,
        "type" : "INT NOT NULL"
      }, {
        "kind" : "LITERAL",
        "value" : "0",
        "type" : "INT NOT NULL"
      } ],
      "type" : "BOOLEAN NOT NULL"
    },
    "inputProperties" : [ {
      "requiredDistribution" : {
        "type" : "UNKNOWN"
      },
      "damBehavior" : "PIPELINED",
      "priority" : 0
    } ],
    "outputType" : "ROW<`a` BIGINT, `b` INT NOT NULL, `c` VARCHAR(2147483647), `d` TIMESTAMP(3)>",
    "description" : "Calc(select=[a, b, c, d], where=[(b > 0)])"
  }, {
    "id" : 3,
    "type" : "stream-exec-sink_1",
    "configuration" : {
      "table.exec.sink.keyed-shuffle" : "AUTO",
      "table.exec.sink.not-null-enforcer" : "ERROR",
      "table.exec.sink.type-length-enforcer" : "IGNORE",
      "table.exec.sink.upsert-materialize" : "AUTO"
    },
    "dynamicTableSink" : {
      "table" : {
        "identifier" : "`default_catalog`.`default_database`.`MySink`",
        "resolvedTable" : {
          "schema" : {
            "columns" : [ {
              "name" : "a",
              "dataType" : "BIGINT"
            }, {
              "name" : "b",
              "dataType" : "INT"
            }, {
              "name" : "c",
              "dataType" : "VARCHAR(2147483647)"
            }, {
              "name" : "d",
              "dataType" : "TIMESTAMP(3)"
            } ],
            "watermarkSpecs" : [ ]
          },
          "partitionKeys" : [ ],
          "options" : {
            "connector" : "values",
            "table-sink-class" : "DEFAULT"
          }
        }
      }
    },
    "inputChangelogMode" : [ "INSERT" ],
    "inputProperties" : [ {
      "requiredDistribution" : {
        "type" : "UNKNOWN"
      },
      "damBehavior" : "PIPELINED",
      "priority" : 0
    } ],
    "outputType" : "ROW<`a` BIGINT, `b` INT NOT NULL, `c` VARCHAR(2147483647), `d` TIMESTAMP(3)>",
    "description" : "Sink(table=[default_catalog.default_database.MySink], fields=[a, b, c, d])"
  } ],
  "edges" : [ {
    "source" : 1,
    "target" : 2,
    "shuffle" : {
      "type" : "FORWARD"
    },
    "shuffleMode" : "PIPELINED"
  }, {
    "source" : 2,
    "target" : 3,
    "shuffle" : {
      "type" : "FORWARD"
    },
    "shuffleMode" : "PIPELINED"
  } ]
}