{
  "flinkVersion" : "",
  "nodes" : [ {
    "class" : "org.apache.flink.table.planner.plan.nodes.exec.stream.StreamExecTableSourceScan",
    "scanTableSource" : {
      "identifier" : {
        "catalogName" : "default_catalog",
        "databaseName" : "default_database",
        "tableName" : "MyTable"
      },
      "catalogTable" : {
        "schema.watermark.0.strategy.expr" : "`rowtime` - INTERVAL '1' SECOND",
        "schema.4.expr" : "PROCTIME()",
        "schema.0.data-type" : "INT",
        "schema.2.name" : "c",
        "schema.1.name" : "b",
        "schema.4.name" : "proctime",
        "schema.1.data-type" : "BIGINT",
        "schema.3.data-type" : "TIMESTAMP(3)",
        "schema.2.data-type" : "VARCHAR(2147483647)",
        "schema.3.name" : "rowtime",
        "connector" : "values",
        "schema.watermark.0.rowtime" : "rowtime",
        "schema.watermark.0.strategy.data-type" : "TIMESTAMP(3)",
        "schema.3.expr" : "TO_TIMESTAMP(`c`)",
        "schema.4.data-type" : "TIMESTAMP(3) WITH LOCAL TIME ZONE NOT NULL",
        "schema.0.name" : "a"
      },
      "sourceAbilitySpecs" : [ {
        "type" : "ProjectPushDown",
        "projectedFields" : [ [ 0 ], [ 2 ] ],
        "producedType" : {
          "type" : "ROW",
          "nullable" : false,
          "fields" : [ {
            "a" : "INT"
          }, {
            "c" : "VARCHAR(2147483647)"
          } ]
        }
      }, {
        "type" : "ReadingMetadata",
        "metadataKeys" : [ ],
        "producedType" : {
          "type" : "ROW",
          "nullable" : false,
          "fields" : [ {
            "a" : "INT"
          }, {
            "c" : "VARCHAR(2147483647)"
          } ]
        }
      } ]
    },
    "id" : 1,
    "outputType" : {
      "type" : "ROW",
      "nullable" : true,
      "fields" : [ {
        "a" : "INT"
      }, {
        "c" : "VARCHAR(2147483647)"
      } ]
    },
    "description" : "TableSourceScan(table=[[default_catalog, default_database, MyTable, project=[a, c], metadata=[]]], fields=[a, c])",
    "inputProperties" : [ ]
  }, {
    "class" : "org.apache.flink.table.planner.plan.nodes.exec.stream.StreamExecCalc",
    "projection" : [ {
      "kind" : "INPUT_REF",
      "inputIndex" : 0,
      "type" : {
        "typeName" : "INTEGER",
        "nullable" : true
      }
    }, {
      "kind" : "INPUT_REF",
      "inputIndex" : 1,
      "type" : {
        "typeName" : "VARCHAR",
        "nullable" : true,
        "precision" : 2147483647
      }
    }, {
      "kind" : "REX_CALL",
      "operator" : {
        "name" : "TO_TIMESTAMP",
        "kind" : "OTHER_FUNCTION",
        "syntax" : "FUNCTION"
      },
      "operands" : [ {
        "kind" : "INPUT_REF",
        "inputIndex" : 1,
        "type" : {
          "typeName" : "VARCHAR",
          "nullable" : true,
          "precision" : 2147483647
        }
      } ],
      "type" : {
        "typeName" : "TIMESTAMP",
        "nullable" : true,
        "precision" : 3
      }
    } ],
    "condition" : null,
    "id" : 2,
    "inputProperties" : [ {
      "requiredDistribution" : {
        "type" : "UNKNOWN"
      },
      "damBehavior" : "PIPELINED",
      "priority" : 0
    } ],
    "outputType" : {
      "type" : "ROW",
      "nullable" : true,
      "fields" : [ {
        "a" : "INT"
      }, {
        "c" : "VARCHAR(2147483647)"
      }, {
        "rowtime" : {
          "type" : "TIMESTAMP_WITHOUT_TIME_ZONE",
          "nullable" : true,
          "precision" : 3,
          "kind" : "REGULAR"
        }
      } ]
    },
    "description" : "Calc(select=[a, c, TO_TIMESTAMP(c) AS rowtime])"
  }, {
    "class" : "org.apache.flink.table.planner.plan.nodes.exec.stream.StreamExecWatermarkAssigner",
    "watermarkExpr" : {
      "kind" : "REX_CALL",
      "operator" : {
        "name" : "-",
        "kind" : "MINUS",
        "syntax" : "SPECIAL"
      },
      "operands" : [ {
        "kind" : "INPUT_REF",
        "inputIndex" : 2,
        "type" : {
          "typeName" : "TIMESTAMP",
          "nullable" : true,
          "precision" : 3
        }
      }, {
        "kind" : "LITERAL",
        "value" : 1000,
        "type" : {
          "typeName" : "INTERVAL_SECOND",
          "nullable" : false,
          "precision" : 2,
          "scale" : 6
        }
      } ],
      "type" : {
        "typeName" : "TIMESTAMP",
        "nullable" : true,
        "precision" : 3
      }
    },
    "rowtimeFieldIndex" : 2,
    "id" : 3,
    "inputProperties" : [ {
      "requiredDistribution" : {
        "type" : "UNKNOWN"
      },
      "damBehavior" : "PIPELINED",
      "priority" : 0
    } ],
    "outputType" : {
      "type" : "ROW",
      "nullable" : true,
      "fields" : [ {
        "a" : "INT"
      }, {
        "c" : "VARCHAR(2147483647)"
      }, {
        "rowtime" : {
          "type" : "TIMESTAMP_WITHOUT_TIME_ZONE",
          "nullable" : true,
          "precision" : 3,
          "kind" : "ROWTIME"
        }
      } ]
    },
    "description" : "WatermarkAssigner(rowtime=[rowtime], watermark=[(rowtime - 1000:INTERVAL SECOND)])"
  }, {
    "class" : "org.apache.flink.table.planner.plan.nodes.exec.stream.StreamExecLocalWindowAggregate",
    "grouping" : [ 0 ],
    "aggCalls" : [ {
      "name" : "cnt",
      "aggFunction" : {
        "name" : "COUNT",
        "kind" : "COUNT",
        "syntax" : "FUNCTION_STAR"
      },
      "argList" : [ ],
      "filterArg" : -1,
      "distinct" : false,
      "approximate" : false,
      "ignoreNulls" : false,
      "type" : {
        "typeName" : "BIGINT",
        "nullable" : false
      }
    }, {
      "name" : "uv",
      "aggFunction" : {
        "name" : "COUNT",
        "kind" : "COUNT",
        "syntax" : "FUNCTION_STAR"
      },
      "argList" : [ 1 ],
      "filterArg" : -1,
      "distinct" : true,
      "approximate" : false,
      "ignoreNulls" : false,
      "type" : {
        "typeName" : "BIGINT",
        "nullable" : false
      }
    } ],
    "windowing" : {
      "strategy" : "TimeAttribute",
      "window" : {
        "type" : "TumblingWindow",
        "size" : "PT15M"
      },
      "timeAttributeType" : {
        "type" : "TIMESTAMP_WITHOUT_TIME_ZONE",
        "nullable" : true,
        "precision" : 3,
        "kind" : "ROWTIME"
      },
      "timeAttributeIndex" : 2,
      "isRowtime" : true
    },
    "id" : 4,
    "inputProperties" : [ {
      "requiredDistribution" : {
        "type" : "UNKNOWN"
      },
      "damBehavior" : "PIPELINED",
      "priority" : 0
    } ],
    "outputType" : {
      "type" : "ROW",
      "nullable" : true,
      "fields" : [ {
        "a" : "INT"
      }, {
        "count1$0" : "BIGINT"
      }, {
        "count$1" : "BIGINT"
      }, {
        "distinct$0" : {
          "type" : "RAW",
          "nullable" : true,
          "dataViewClass" : "org.apache.flink.table.api.dataview.MapView",
          "keyType" : {
            "isInternal" : true,
            "type" : "VARCHAR(2147483647)"
          },
          "valueType" : {
            "isInternal" : true,
            "type" : "BIGINT NOT NULL"
          }
        }
      }, {
        "$slice_end" : "BIGINT"
      } ]
    },
    "description" : "LocalWindowAggregate(groupBy=[a], window=[TUMBLE(time_col=[rowtime], size=[15 min])], select=[a, COUNT(*) AS count1$0, COUNT(distinct$0 c) AS count$1, DISTINCT(c) AS distinct$0, slice_end('w$) AS $slice_end])"
  }, {
    "class" : "org.apache.flink.table.planner.plan.nodes.exec.stream.StreamExecExchange",
    "id" : 5,
    "inputProperties" : [ {
      "requiredDistribution" : {
        "type" : "HASH",
        "keys" : [ 0 ]
      },
      "damBehavior" : "PIPELINED",
      "priority" : 0
    } ],
    "outputType" : {
      "type" : "ROW",
      "nullable" : true,
      "fields" : [ {
        "a" : "INT"
      }, {
        "count1$0" : "BIGINT"
      }, {
        "count$1" : "BIGINT"
      }, {
        "distinct$0" : {
          "type" : "RAW",
          "nullable" : true,
          "dataViewClass" : "org.apache.flink.table.api.dataview.MapView",
          "keyType" : {
            "isInternal" : true,
            "type" : "VARCHAR(2147483647)"
          },
          "valueType" : {
            "isInternal" : true,
            "type" : "BIGINT NOT NULL"
          }
        }
      }, {
        "$slice_end" : "BIGINT"
      } ]
    },
    "description" : "Exchange(distribution=[hash[a]])"
  }, {
    "class" : "org.apache.flink.table.planner.plan.nodes.exec.stream.StreamExecGlobalWindowAggregate",
    "grouping" : [ 0 ],
    "aggCalls" : [ {
      "name" : "cnt",
      "aggFunction" : {
        "name" : "COUNT",
        "kind" : "COUNT",
        "syntax" : "FUNCTION_STAR"
      },
      "argList" : [ ],
      "filterArg" : -1,
      "distinct" : false,
      "approximate" : false,
      "ignoreNulls" : false,
      "type" : {
        "typeName" : "BIGINT",
        "nullable" : false
      }
    }, {
      "name" : "uv",
      "aggFunction" : {
        "name" : "COUNT",
        "kind" : "COUNT",
        "syntax" : "FUNCTION_STAR"
      },
      "argList" : [ 1 ],
      "filterArg" : -1,
      "distinct" : true,
      "approximate" : false,
      "ignoreNulls" : false,
      "type" : {
        "typeName" : "BIGINT",
        "nullable" : false
      }
    } ],
    "windowing" : {
      "strategy" : "SliceAttached",
      "window" : {
        "type" : "TumblingWindow",
        "size" : "PT15M"
      },
      "timeAttributeType" : {
        "type" : "TIMESTAMP_WITHOUT_TIME_ZONE",
        "nullable" : true,
        "precision" : 3,
        "kind" : "ROWTIME"
      },
      "sliceEnd" : 4,
      "isRowtime" : true
    },
    "namedWindowProperties" : [ {
      "name" : "window_start",
      "property" : {
        "kind" : "WindowStart",
        "reference" : {
          "name" : "w$",
          "type" : {
            "type" : "TIMESTAMP_WITHOUT_TIME_ZONE",
            "nullable" : true,
            "precision" : 3,
            "kind" : "ROWTIME"
          }
        }
      }
    }, {
      "name" : "window_end",
      "property" : {
        "kind" : "WindowEnd",
        "reference" : {
          "name" : "w$",
          "type" : {
            "type" : "TIMESTAMP_WITHOUT_TIME_ZONE",
            "nullable" : true,
            "precision" : 3,
            "kind" : "ROWTIME"
          }
        }
      }
    }, {
      "name" : "window_time",
      "property" : {
        "kind" : "Rowtime",
        "reference" : {
          "name" : "w$",
          "type" : {
            "type" : "TIMESTAMP_WITHOUT_TIME_ZONE",
            "nullable" : true,
            "precision" : 3,
            "kind" : "ROWTIME"
          }
        }
      }
    } ],
    "id" : 6,
    "inputProperties" : [ {
      "requiredDistribution" : {
        "type" : "UNKNOWN"
      },
      "damBehavior" : "PIPELINED",
      "priority" : 0
    } ],
    "localAggInputRowType" : {
      "type" : "ROW",
      "nullable" : true,
      "fields" : [ {
        "a" : "INT"
      }, {
        "c" : "VARCHAR(2147483647)"
      }, {
        "rowtime" : {
          "type" : "TIMESTAMP_WITHOUT_TIME_ZONE",
          "nullable" : true,
          "precision" : 3,
          "kind" : "ROWTIME"
        }
      } ]
    },
    "outputType" : {
      "type" : "ROW",
      "nullable" : true,
      "fields" : [ {
        "a" : "INT"
      }, {
        "cnt" : "BIGINT NOT NULL"
      }, {
        "uv" : "BIGINT NOT NULL"
      }, {
        "window_start" : {
          "type" : "TIMESTAMP_WITHOUT_TIME_ZONE",
          "nullable" : false,
          "precision" : 3,
          "kind" : "REGULAR"
        }
      }, {
        "window_end" : {
          "type" : "TIMESTAMP_WITHOUT_TIME_ZONE",
          "nullable" : false,
          "precision" : 3,
          "kind" : "REGULAR"
        }
      }, {
        "window_time" : {
          "type" : "TIMESTAMP_WITHOUT_TIME_ZONE",
          "nullable" : false,
          "precision" : 3,
          "kind" : "ROWTIME"
        }
      } ]
    },
    "description" : "GlobalWindowAggregate(groupBy=[a], window=[TUMBLE(slice_end=[$slice_end], size=[15 min])], select=[a, COUNT(count1$0) AS cnt, COUNT(distinct$0 count$1) AS uv, start('w$) AS window_start, end('w$) AS window_end, rowtime('w$) AS window_time])"
  }, {
    "class" : "org.apache.flink.table.planner.plan.nodes.exec.stream.StreamExecCalc",
    "projection" : [ {
      "kind" : "INPUT_REF",
      "inputIndex" : 0,
      "type" : {
        "typeName" : "INTEGER",
        "nullable" : true
      }
    }, {
      "kind" : "INPUT_REF",
      "inputIndex" : 3,
      "type" : {
        "typeName" : "TIMESTAMP",
        "nullable" : false,
        "precision" : 3
      }
    }, {
      "kind" : "INPUT_REF",
      "inputIndex" : 4,
      "type" : {
        "typeName" : "TIMESTAMP",
        "nullable" : false,
        "precision" : 3
      }
    }, {
      "kind" : "INPUT_REF",
      "inputIndex" : 1,
      "type" : {
        "typeName" : "BIGINT",
        "nullable" : false
      }
    }, {
      "kind" : "INPUT_REF",
      "inputIndex" : 2,
      "type" : {
        "typeName" : "BIGINT",
        "nullable" : false
      }
    } ],
    "condition" : null,
    "id" : 7,
    "inputProperties" : [ {
      "requiredDistribution" : {
        "type" : "UNKNOWN"
      },
      "damBehavior" : "PIPELINED",
      "priority" : 0
    } ],
    "outputType" : {
      "type" : "ROW",
      "nullable" : true,
      "fields" : [ {
        "a" : "INT"
      }, {
        "window_start" : {
          "type" : "TIMESTAMP_WITHOUT_TIME_ZONE",
          "nullable" : false,
          "precision" : 3,
          "kind" : "REGULAR"
        }
      }, {
        "window_end" : {
          "type" : "TIMESTAMP_WITHOUT_TIME_ZONE",
          "nullable" : false,
          "precision" : 3,
          "kind" : "REGULAR"
        }
      }, {
        "cnt" : "BIGINT NOT NULL"
      }, {
        "uv" : "BIGINT NOT NULL"
      } ]
    },
    "description" : "Calc(select=[a, window_start, window_end, cnt, uv])"
  }, {
    "class" : "org.apache.flink.table.planner.plan.nodes.exec.stream.StreamExecExchange",
    "id" : 8,
    "inputProperties" : [ {
      "requiredDistribution" : {
        "type" : "HASH",
        "keys" : [ 0 ]
      },
      "damBehavior" : "PIPELINED",
      "priority" : 0
    } ],
    "outputType" : {
      "type" : "ROW",
      "nullable" : true,
      "fields" : [ {
        "a" : "INT"
      }, {
        "window_start" : {
          "type" : "TIMESTAMP_WITHOUT_TIME_ZONE",
          "nullable" : false,
          "precision" : 3,
          "kind" : "REGULAR"
        }
      }, {
        "window_end" : {
          "type" : "TIMESTAMP_WITHOUT_TIME_ZONE",
          "nullable" : false,
          "precision" : 3,
          "kind" : "REGULAR"
        }
      }, {
        "cnt" : "BIGINT NOT NULL"
      }, {
        "uv" : "BIGINT NOT NULL"
      } ]
    },
    "description" : "Exchange(distribution=[hash[a]])"
  }, {
    "class" : "org.apache.flink.table.planner.plan.nodes.exec.stream.StreamExecTableSourceScan",
    "scanTableSource" : {
      "identifier" : {
        "catalogName" : "default_catalog",
        "databaseName" : "default_database",
        "tableName" : "MyTable2"
      },
      "catalogTable" : {
        "schema.watermark.0.strategy.expr" : "`rowtime` - INTERVAL '1' SECOND",
        "schema.4.expr" : "PROCTIME()",
        "schema.0.data-type" : "INT",
        "schema.2.name" : "c",
        "schema.1.name" : "b",
        "schema.4.name" : "proctime",
        "schema.1.data-type" : "BIGINT",
        "schema.3.data-type" : "TIMESTAMP(3)",
        "schema.2.data-type" : "VARCHAR(2147483647)",
        "schema.3.name" : "rowtime",
        "connector" : "values",
        "schema.watermark.0.rowtime" : "rowtime",
        "schema.watermark.0.strategy.data-type" : "TIMESTAMP(3)",
        "schema.3.expr" : "TO_TIMESTAMP(`c`)",
        "schema.4.data-type" : "TIMESTAMP(3) WITH LOCAL TIME ZONE NOT NULL",
        "schema.0.name" : "a"
      },
      "sourceAbilitySpecs" : [ {
        "type" : "ProjectPushDown",
        "projectedFields" : [ [ 0 ], [ 2 ] ],
        "producedType" : {
          "type" : "ROW",
          "nullable" : false,
          "fields" : [ {
            "a" : "INT"
          }, {
            "c" : "VARCHAR(2147483647)"
          } ]
        }
      }, {
        "type" : "ReadingMetadata",
        "metadataKeys" : [ ],
        "producedType" : {
          "type" : "ROW",
          "nullable" : false,
          "fields" : [ {
            "a" : "INT"
          }, {
            "c" : "VARCHAR(2147483647)"
          } ]
        }
      } ]
    },
    "id" : 9,
    "outputType" : {
      "type" : "ROW",
      "nullable" : true,
      "fields" : [ {
        "a" : "INT"
      }, {
        "c" : "VARCHAR(2147483647)"
      } ]
    },
    "description" : "TableSourceScan(table=[[default_catalog, default_database, MyTable2, project=[a, c], metadata=[]]], fields=[a, c])",
    "inputProperties" : [ ]
  }, {
    "class" : "org.apache.flink.table.planner.plan.nodes.exec.stream.StreamExecCalc",
    "projection" : [ {
      "kind" : "INPUT_REF",
      "inputIndex" : 0,
      "type" : {
        "typeName" : "INTEGER",
        "nullable" : true
      }
    }, {
      "kind" : "INPUT_REF",
      "inputIndex" : 1,
      "type" : {
        "typeName" : "VARCHAR",
        "nullable" : true,
        "precision" : 2147483647
      }
    }, {
      "kind" : "REX_CALL",
      "operator" : {
        "name" : "TO_TIMESTAMP",
        "kind" : "OTHER_FUNCTION",
        "syntax" : "FUNCTION"
      },
      "operands" : [ {
        "kind" : "INPUT_REF",
        "inputIndex" : 1,
        "type" : {
          "typeName" : "VARCHAR",
          "nullable" : true,
          "precision" : 2147483647
        }
      } ],
      "type" : {
        "typeName" : "TIMESTAMP",
        "nullable" : true,
        "precision" : 3
      }
    } ],
    "condition" : null,
    "id" : 10,
    "inputProperties" : [ {
      "requiredDistribution" : {
        "type" : "UNKNOWN"
      },
      "damBehavior" : "PIPELINED",
      "priority" : 0
    } ],
    "outputType" : {
      "type" : "ROW",
      "nullable" : true,
      "fields" : [ {
        "a" : "INT"
      }, {
        "c" : "VARCHAR(2147483647)"
      }, {
        "rowtime" : {
          "type" : "TIMESTAMP_WITHOUT_TIME_ZONE",
          "nullable" : true,
          "precision" : 3,
          "kind" : "REGULAR"
        }
      } ]
    },
    "description" : "Calc(select=[a, c, TO_TIMESTAMP(c) AS rowtime])"
  }, {
    "class" : "org.apache.flink.table.planner.plan.nodes.exec.stream.StreamExecWatermarkAssigner",
    "watermarkExpr" : {
      "kind" : "REX_CALL",
      "operator" : {
        "name" : "-",
        "kind" : "MINUS",
        "syntax" : "SPECIAL"
      },
      "operands" : [ {
        "kind" : "INPUT_REF",
        "inputIndex" : 2,
        "type" : {
          "typeName" : "TIMESTAMP",
          "nullable" : true,
          "precision" : 3
        }
      }, {
        "kind" : "LITERAL",
        "value" : 1000,
        "type" : {
          "typeName" : "INTERVAL_SECOND",
          "nullable" : false,
          "precision" : 2,
          "scale" : 6
        }
      } ],
      "type" : {
        "typeName" : "TIMESTAMP",
        "nullable" : true,
        "precision" : 3
      }
    },
    "rowtimeFieldIndex" : 2,
    "id" : 11,
    "inputProperties" : [ {
      "requiredDistribution" : {
        "type" : "UNKNOWN"
      },
      "damBehavior" : "PIPELINED",
      "priority" : 0
    } ],
    "outputType" : {
      "type" : "ROW",
      "nullable" : true,
      "fields" : [ {
        "a" : "INT"
      }, {
        "c" : "VARCHAR(2147483647)"
      }, {
        "rowtime" : {
          "type" : "TIMESTAMP_WITHOUT_TIME_ZONE",
          "nullable" : true,
          "precision" : 3,
          "kind" : "ROWTIME"
        }
      } ]
    },
    "description" : "WatermarkAssigner(rowtime=[rowtime], watermark=[(rowtime - 1000:INTERVAL SECOND)])"
  }, {
    "class" : "org.apache.flink.table.planner.plan.nodes.exec.stream.StreamExecLocalWindowAggregate",
    "grouping" : [ 0 ],
    "aggCalls" : [ {
      "name" : "cnt",
      "aggFunction" : {
        "name" : "COUNT",
        "kind" : "COUNT",
        "syntax" : "FUNCTION_STAR"
      },
      "argList" : [ ],
      "filterArg" : -1,
      "distinct" : false,
      "approximate" : false,
      "ignoreNulls" : false,
      "type" : {
        "typeName" : "BIGINT",
        "nullable" : false
      }
    }, {
      "name" : "uv",
      "aggFunction" : {
        "name" : "COUNT",
        "kind" : "COUNT",
        "syntax" : "FUNCTION_STAR"
      },
      "argList" : [ 1 ],
      "filterArg" : -1,
      "distinct" : true,
      "approximate" : false,
      "ignoreNulls" : false,
      "type" : {
        "typeName" : "BIGINT",
        "nullable" : false
      }
    } ],
    "windowing" : {
      "strategy" : "TimeAttribute",
      "window" : {
        "type" : "TumblingWindow",
        "size" : "PT15M"
      },
      "timeAttributeType" : {
        "type" : "TIMESTAMP_WITHOUT_TIME_ZONE",
        "nullable" : true,
        "precision" : 3,
        "kind" : "ROWTIME"
      },
      "timeAttributeIndex" : 2,
      "isRowtime" : true
    },
    "id" : 12,
    "inputProperties" : [ {
      "requiredDistribution" : {
        "type" : "UNKNOWN"
      },
      "damBehavior" : "PIPELINED",
      "priority" : 0
    } ],
    "outputType" : {
      "type" : "ROW",
      "nullable" : true,
      "fields" : [ {
        "a" : "INT"
      }, {
        "count1$0" : "BIGINT"
      }, {
        "count$1" : "BIGINT"
      }, {
        "distinct$0" : {
          "type" : "RAW",
          "nullable" : true,
          "dataViewClass" : "org.apache.flink.table.api.dataview.MapView",
          "keyType" : {
            "isInternal" : true,
            "type" : "VARCHAR(2147483647)"
          },
          "valueType" : {
            "isInternal" : true,
            "type" : "BIGINT NOT NULL"
          }
        }
      }, {
        "$slice_end" : "BIGINT"
      } ]
    },
    "description" : "LocalWindowAggregate(groupBy=[a], window=[TUMBLE(time_col=[rowtime], size=[15 min])], select=[a, COUNT(*) AS count1$0, COUNT(distinct$0 c) AS count$1, DISTINCT(c) AS distinct$0, slice_end('w$) AS $slice_end])"
  }, {
    "class" : "org.apache.flink.table.planner.plan.nodes.exec.stream.StreamExecExchange",
    "id" : 13,
    "inputProperties" : [ {
      "requiredDistribution" : {
        "type" : "HASH",
        "keys" : [ 0 ]
      },
      "damBehavior" : "PIPELINED",
      "priority" : 0
    } ],
    "outputType" : {
      "type" : "ROW",
      "nullable" : true,
      "fields" : [ {
        "a" : "INT"
      }, {
        "count1$0" : "BIGINT"
      }, {
        "count$1" : "BIGINT"
      }, {
        "distinct$0" : {
          "type" : "RAW",
          "nullable" : true,
          "dataViewClass" : "org.apache.flink.table.api.dataview.MapView",
          "keyType" : {
            "isInternal" : true,
            "type" : "VARCHAR(2147483647)"
          },
          "valueType" : {
            "isInternal" : true,
            "type" : "BIGINT NOT NULL"
          }
        }
      }, {
        "$slice_end" : "BIGINT"
      } ]
    },
    "description" : "Exchange(distribution=[hash[a]])"
  }, {
    "class" : "org.apache.flink.table.planner.plan.nodes.exec.stream.StreamExecGlobalWindowAggregate",
    "grouping" : [ 0 ],
    "aggCalls" : [ {
      "name" : "cnt",
      "aggFunction" : {
        "name" : "COUNT",
        "kind" : "COUNT",
        "syntax" : "FUNCTION_STAR"
      },
      "argList" : [ ],
      "filterArg" : -1,
      "distinct" : false,
      "approximate" : false,
      "ignoreNulls" : false,
      "type" : {
        "typeName" : "BIGINT",
        "nullable" : false
      }
    }, {
      "name" : "uv",
      "aggFunction" : {
        "name" : "COUNT",
        "kind" : "COUNT",
        "syntax" : "FUNCTION_STAR"
      },
      "argList" : [ 1 ],
      "filterArg" : -1,
      "distinct" : true,
      "approximate" : false,
      "ignoreNulls" : false,
      "type" : {
        "typeName" : "BIGINT",
        "nullable" : false
      }
    } ],
    "windowing" : {
      "strategy" : "SliceAttached",
      "window" : {
        "type" : "TumblingWindow",
        "size" : "PT15M"
      },
      "timeAttributeType" : {
        "type" : "TIMESTAMP_WITHOUT_TIME_ZONE",
        "nullable" : true,
        "precision" : 3,
        "kind" : "ROWTIME"
      },
      "sliceEnd" : 4,
      "isRowtime" : true
    },
    "namedWindowProperties" : [ {
      "name" : "window_start",
      "property" : {
        "kind" : "WindowStart",
        "reference" : {
          "name" : "w$",
          "type" : {
            "type" : "TIMESTAMP_WITHOUT_TIME_ZONE",
            "nullable" : true,
            "precision" : 3,
            "kind" : "ROWTIME"
          }
        }
      }
    }, {
      "name" : "window_end",
      "property" : {
        "kind" : "WindowEnd",
        "reference" : {
          "name" : "w$",
          "type" : {
            "type" : "TIMESTAMP_WITHOUT_TIME_ZONE",
            "nullable" : true,
            "precision" : 3,
            "kind" : "ROWTIME"
          }
        }
      }
    }, {
      "name" : "window_time",
      "property" : {
        "kind" : "Rowtime",
        "reference" : {
          "name" : "w$",
          "type" : {
            "type" : "TIMESTAMP_WITHOUT_TIME_ZONE",
            "nullable" : true,
            "precision" : 3,
            "kind" : "ROWTIME"
          }
        }
      }
    } ],
    "id" : 14,
    "inputProperties" : [ {
      "requiredDistribution" : {
        "type" : "UNKNOWN"
      },
      "damBehavior" : "PIPELINED",
      "priority" : 0
    } ],
    "localAggInputRowType" : {
      "type" : "ROW",
      "nullable" : true,
      "fields" : [ {
        "a" : "INT"
      }, {
        "c" : "VARCHAR(2147483647)"
      }, {
        "rowtime" : {
          "type" : "TIMESTAMP_WITHOUT_TIME_ZONE",
          "nullable" : true,
          "precision" : 3,
          "kind" : "ROWTIME"
        }
      } ]
    },
    "outputType" : {
      "type" : "ROW",
      "nullable" : true,
      "fields" : [ {
        "a" : "INT"
      }, {
        "cnt" : "BIGINT NOT NULL"
      }, {
        "uv" : "BIGINT NOT NULL"
      }, {
        "window_start" : {
          "type" : "TIMESTAMP_WITHOUT_TIME_ZONE",
          "nullable" : false,
          "precision" : 3,
          "kind" : "REGULAR"
        }
      }, {
        "window_end" : {
          "type" : "TIMESTAMP_WITHOUT_TIME_ZONE",
          "nullable" : false,
          "precision" : 3,
          "kind" : "REGULAR"
        }
      }, {
        "window_time" : {
          "type" : "TIMESTAMP_WITHOUT_TIME_ZONE",
          "nullable" : false,
          "precision" : 3,
          "kind" : "ROWTIME"
        }
      } ]
    },
    "description" : "GlobalWindowAggregate(groupBy=[a], window=[TUMBLE(slice_end=[$slice_end], size=[15 min])], select=[a, COUNT(count1$0) AS cnt, COUNT(distinct$0 count$1) AS uv, start('w$) AS window_start, end('w$) AS window_end, rowtime('w$) AS window_time])"
  }, {
    "class" : "org.apache.flink.table.planner.plan.nodes.exec.stream.StreamExecCalc",
    "projection" : [ {
      "kind" : "INPUT_REF",
      "inputIndex" : 0,
      "type" : {
        "typeName" : "INTEGER",
        "nullable" : true
      }
    }, {
      "kind" : "INPUT_REF",
      "inputIndex" : 3,
      "type" : {
        "typeName" : "TIMESTAMP",
        "nullable" : false,
        "precision" : 3
      }
    }, {
      "kind" : "INPUT_REF",
      "inputIndex" : 4,
      "type" : {
        "typeName" : "TIMESTAMP",
        "nullable" : false,
        "precision" : 3
      }
    }, {
      "kind" : "INPUT_REF",
      "inputIndex" : 1,
      "type" : {
        "typeName" : "BIGINT",
        "nullable" : false
      }
    }, {
      "kind" : "INPUT_REF",
      "inputIndex" : 2,
      "type" : {
        "typeName" : "BIGINT",
        "nullable" : false
      }
    } ],
    "condition" : null,
    "id" : 15,
    "inputProperties" : [ {
      "requiredDistribution" : {
        "type" : "UNKNOWN"
      },
      "damBehavior" : "PIPELINED",
      "priority" : 0
    } ],
    "outputType" : {
      "type" : "ROW",
      "nullable" : true,
      "fields" : [ {
        "a" : "INT"
      }, {
        "window_start" : {
          "type" : "TIMESTAMP_WITHOUT_TIME_ZONE",
          "nullable" : false,
          "precision" : 3,
          "kind" : "REGULAR"
        }
      }, {
        "window_end" : {
          "type" : "TIMESTAMP_WITHOUT_TIME_ZONE",
          "nullable" : false,
          "precision" : 3,
          "kind" : "REGULAR"
        }
      }, {
        "cnt" : "BIGINT NOT NULL"
      }, {
        "uv" : "BIGINT NOT NULL"
      } ]
    },
    "description" : "Calc(select=[a, window_start, window_end, cnt, uv])"
  }, {
    "class" : "org.apache.flink.table.planner.plan.nodes.exec.stream.StreamExecExchange",
    "id" : 16,
    "inputProperties" : [ {
      "requiredDistribution" : {
        "type" : "HASH",
        "keys" : [ 0 ]
      },
      "damBehavior" : "PIPELINED",
      "priority" : 0
    } ],
    "outputType" : {
      "type" : "ROW",
      "nullable" : true,
      "fields" : [ {
        "a" : "INT"
      }, {
        "window_start" : {
          "type" : "TIMESTAMP_WITHOUT_TIME_ZONE",
          "nullable" : false,
          "precision" : 3,
          "kind" : "REGULAR"
        }
      }, {
        "window_end" : {
          "type" : "TIMESTAMP_WITHOUT_TIME_ZONE",
          "nullable" : false,
          "precision" : 3,
          "kind" : "REGULAR"
        }
      }, {
        "cnt" : "BIGINT NOT NULL"
      }, {
        "uv" : "BIGINT NOT NULL"
      } ]
    },
    "description" : "Exchange(distribution=[hash[a]])"
  }, {
    "class" : "org.apache.flink.table.planner.plan.nodes.exec.stream.StreamExecWindowJoin",
    "joinSpec" : {
      "joinType" : "INNER",
      "leftKeys" : [ 0 ],
      "rightKeys" : [ 0 ],
      "filterNulls" : [ true ],
      "nonEquiCondition" : null
    },
    "leftWindowing" : {
      "strategy" : "WindowAttached",
      "window" : {
        "type" : "TumblingWindow",
        "size" : "PT15M"
      },
      "timeAttributeType" : {
        "type" : "TIMESTAMP_WITHOUT_TIME_ZONE",
        "nullable" : true,
        "precision" : 3,
        "kind" : "ROWTIME"
      },
      "windowStart" : 1,
      "windowEnd" : 2,
      "isRowtime" : true
    },
    "rightWindowing" : {
      "strategy" : "WindowAttached",
      "window" : {
        "type" : "TumblingWindow",
        "size" : "PT15M"
      },
      "timeAttributeType" : {
        "type" : "TIMESTAMP_WITHOUT_TIME_ZONE",
        "nullable" : true,
        "precision" : 3,
        "kind" : "ROWTIME"
      },
      "windowStart" : 1,
      "windowEnd" : 2,
      "isRowtime" : true
    },
    "id" : 17,
    "inputProperties" : [ {
      "requiredDistribution" : {
        "type" : "UNKNOWN"
      },
      "damBehavior" : "PIPELINED",
      "priority" : 0
    }, {
      "requiredDistribution" : {
        "type" : "UNKNOWN"
      },
      "damBehavior" : "PIPELINED",
      "priority" : 0
    } ],
    "outputType" : {
      "type" : "ROW",
      "nullable" : true,
      "fields" : [ {
        "a" : "INT"
      }, {
        "window_start" : {
          "type" : "TIMESTAMP_WITHOUT_TIME_ZONE",
          "nullable" : false,
          "precision" : 3,
          "kind" : "REGULAR"
        }
      }, {
        "window_end" : {
          "type" : "TIMESTAMP_WITHOUT_TIME_ZONE",
          "nullable" : false,
          "precision" : 3,
          "kind" : "REGULAR"
        }
      }, {
        "cnt" : "BIGINT NOT NULL"
      }, {
        "uv" : "BIGINT NOT NULL"
      }, {
        "a0" : "INT"
      }, {
        "window_start0" : {
          "type" : "TIMESTAMP_WITHOUT_TIME_ZONE",
          "nullable" : false,
          "precision" : 3,
          "kind" : "REGULAR"
        }
      }, {
        "window_end0" : {
          "type" : "TIMESTAMP_WITHOUT_TIME_ZONE",
          "nullable" : false,
          "precision" : 3,
          "kind" : "REGULAR"
        }
      }, {
        "cnt0" : "BIGINT NOT NULL"
      }, {
        "uv0" : "BIGINT NOT NULL"
      } ]
    },
    "description" : "WindowJoin(leftWindow=[TUMBLE(win_start=[window_start], win_end=[window_end], size=[15 min])], rightWindow=[TUMBLE(win_start=[window_start], win_end=[window_end], size=[15 min])], joinType=[InnerJoin], where=[(a = a0)], select=[a, window_start, window_end, cnt, uv, a0, window_start0, window_end0, cnt0, uv0])"
  }, {
    "class" : "org.apache.flink.table.planner.plan.nodes.exec.stream.StreamExecCalc",
    "projection" : [ {
      "kind" : "INPUT_REF",
      "inputIndex" : 0,
      "type" : {
        "typeName" : "INTEGER",
        "nullable" : true
      }
    }, {
      "kind" : "INPUT_REF",
      "inputIndex" : 1,
      "type" : {
        "typeName" : "TIMESTAMP",
        "nullable" : false,
        "precision" : 3
      }
    }, {
      "kind" : "INPUT_REF",
      "inputIndex" : 2,
      "type" : {
        "typeName" : "TIMESTAMP",
        "nullable" : false,
        "precision" : 3
      }
    }, {
      "kind" : "INPUT_REF",
      "inputIndex" : 3,
      "type" : {
        "typeName" : "BIGINT",
        "nullable" : false
      }
    }, {
      "kind" : "INPUT_REF",
      "inputIndex" : 4,
      "type" : {
        "typeName" : "BIGINT",
        "nullable" : false
      }
    }, {
      "kind" : "INPUT_REF",
      "inputIndex" : 5,
      "type" : {
        "typeName" : "INTEGER",
        "nullable" : true
      }
    }, {
      "kind" : "INPUT_REF",
      "inputIndex" : 8,
      "type" : {
        "typeName" : "BIGINT",
        "nullable" : false
      }
    }, {
      "kind" : "INPUT_REF",
      "inputIndex" : 9,
      "type" : {
        "typeName" : "BIGINT",
        "nullable" : false
      }
    } ],
    "condition" : null,
    "id" : 18,
    "inputProperties" : [ {
      "requiredDistribution" : {
        "type" : "UNKNOWN"
      },
      "damBehavior" : "PIPELINED",
      "priority" : 0
    } ],
    "outputType" : {
      "type" : "ROW",
      "nullable" : true,
      "fields" : [ {
        "a" : "INT"
      }, {
        "window_start" : {
          "type" : "TIMESTAMP_WITHOUT_TIME_ZONE",
          "nullable" : false,
          "precision" : 3,
          "kind" : "REGULAR"
        }
      }, {
        "window_end" : {
          "type" : "TIMESTAMP_WITHOUT_TIME_ZONE",
          "nullable" : false,
          "precision" : 3,
          "kind" : "REGULAR"
        }
      }, {
        "cnt" : "BIGINT NOT NULL"
      }, {
        "uv" : "BIGINT NOT NULL"
      }, {
        "a0" : "INT"
      }, {
        "cnt0" : "BIGINT NOT NULL"
      }, {
        "uv0" : "BIGINT NOT NULL"
      } ]
    },
    "description" : "Calc(select=[a, window_start, window_end, cnt, uv, a0, cnt0, uv0])"
  }, {
    "class" : "org.apache.flink.table.planner.plan.nodes.exec.stream.StreamExecSink",
    "dynamicTableSink" : {
      "identifier" : {
        "catalogName" : "default_catalog",
        "databaseName" : "default_database",
        "tableName" : "MySink"
      },
      "catalogTable" : {
        "schema.5.name" : "r_a",
        "schema.7.data-type" : "BIGINT",
        "schema.0.data-type" : "INT",
        "schema.2.name" : "window_end",
        "schema.1.name" : "window_start",
        "schema.6.data-type" : "BIGINT",
        "schema.4.name" : "l_uv",
        "schema.1.data-type" : "TIMESTAMP(3)",
        "schema.3.data-type" : "BIGINT",
        "schema.2.data-type" : "TIMESTAMP(3)",
        "schema.3.name" : "l_cnt",
        "schema.7.name" : "r_uv",
        "connector" : "values",
        "schema.6.name" : "r_cnt",
        "schema.5.data-type" : "INT",
        "schema.4.data-type" : "BIGINT",
        "schema.0.name" : "l_a"
      }
    },
    "inputChangelogMode" : [ "INSERT" ],
    "id" : 19,
    "inputProperties" : [ {
      "requiredDistribution" : {
        "type" : "UNKNOWN"
      },
      "damBehavior" : "PIPELINED",
      "priority" : 0
    } ],
    "outputType" : {
      "type" : "ROW",
      "nullable" : true,
      "fields" : [ {
        "a" : "INT"
      }, {
        "window_start" : {
          "type" : "TIMESTAMP_WITHOUT_TIME_ZONE",
          "nullable" : false,
          "precision" : 3,
          "kind" : "REGULAR"
        }
      }, {
        "window_end" : {
          "type" : "TIMESTAMP_WITHOUT_TIME_ZONE",
          "nullable" : false,
          "precision" : 3,
          "kind" : "REGULAR"
        }
      }, {
        "cnt" : "BIGINT NOT NULL"
      }, {
        "uv" : "BIGINT NOT NULL"
      }, {
        "a0" : "INT"
      }, {
        "cnt0" : "BIGINT NOT NULL"
      }, {
        "uv0" : "BIGINT NOT NULL"
      } ]
    },
    "description" : "Sink(table=[default_catalog.default_database.MySink], fields=[a, window_start, window_end, cnt, uv, a0, cnt0, uv0])"
  } ],
  "edges" : [ {
    "source" : 1,
    "target" : 2,
    "shuffle" : {
      "type" : "FORWARD"
    },
    "shuffleMode" : "PIPELINED"
  }, {
    "source" : 2,
    "target" : 3,
    "shuffle" : {
      "type" : "FORWARD"
    },
    "shuffleMode" : "PIPELINED"
  }, {
    "source" : 3,
    "target" : 4,
    "shuffle" : {
      "type" : "FORWARD"
    },
    "shuffleMode" : "PIPELINED"
  }, {
    "source" : 4,
    "target" : 5,
    "shuffle" : {
      "type" : "FORWARD"
    },
    "shuffleMode" : "PIPELINED"
  }, {
    "source" : 5,
    "target" : 6,
    "shuffle" : {
      "type" : "FORWARD"
    },
    "shuffleMode" : "PIPELINED"
  }, {
    "source" : 6,
    "target" : 7,
    "shuffle" : {
      "type" : "FORWARD"
    },
    "shuffleMode" : "PIPELINED"
  }, {
    "source" : 7,
    "target" : 8,
    "shuffle" : {
      "type" : "FORWARD"
    },
    "shuffleMode" : "PIPELINED"
  }, {
    "source" : 9,
    "target" : 10,
    "shuffle" : {
      "type" : "FORWARD"
    },
    "shuffleMode" : "PIPELINED"
  }, {
    "source" : 10,
    "target" : 11,
    "shuffle" : {
      "type" : "FORWARD"
    },
    "shuffleMode" : "PIPELINED"
  }, {
    "source" : 11,
    "target" : 12,
    "shuffle" : {
      "type" : "FORWARD"
    },
    "shuffleMode" : "PIPELINED"
  }, {
    "source" : 12,
    "target" : 13,
    "shuffle" : {
      "type" : "FORWARD"
    },
    "shuffleMode" : "PIPELINED"
  }, {
    "source" : 13,
    "target" : 14,
    "shuffle" : {
      "type" : "FORWARD"
    },
    "shuffleMode" : "PIPELINED"
  }, {
    "source" : 14,
    "target" : 15,
    "shuffle" : {
      "type" : "FORWARD"
    },
    "shuffleMode" : "PIPELINED"
  }, {
    "source" : 15,
    "target" : 16,
    "shuffle" : {
      "type" : "FORWARD"
    },
    "shuffleMode" : "PIPELINED"
  }, {
    "source" : 8,
    "target" : 17,
    "shuffle" : {
      "type" : "FORWARD"
    },
    "shuffleMode" : "PIPELINED"
  }, {
    "source" : 16,
    "target" : 17,
    "shuffle" : {
      "type" : "FORWARD"
    },
    "shuffleMode" : "PIPELINED"
  }, {
    "source" : 17,
    "target" : 18,
    "shuffle" : {
      "type" : "FORWARD"
    },
    "shuffleMode" : "PIPELINED"
  }, {
    "source" : 18,
    "target" : 19,
    "shuffle" : {
      "type" : "FORWARD"
    },
    "shuffleMode" : "PIPELINED"
  } ]
}