== Abstract Syntax Tree ==
LogicalUnion(all=[true])
:- LogicalProject(a=[$0], b=[$1], c=[$2])
:  +- LogicalTableScan(table=[[default_catalog, default_database, MyTable, source: [CollectionTableSource(a, b, c)]]])
+- LogicalProject(a=[$0], b=[$1], c=[$2])
   +- LogicalTableScan(table=[[default_catalog, default_database, MyTable2, source: [CollectionTableSource(a, b, c)]]])

== Optimized Physical Plan ==
Union(all=[true], union=[a, b, c], changelogMode=[I]): rowcount = 2.0E8, cumulative cost = {4.0E8 rows, 4.0E8 cpu, 4.8E9 io, 0.0 network, 0.0 memory}
:- LegacyTableSourceScan(table=[[default_catalog, default_database, MyTable, source: [CollectionTableSource(a, b, c)]]], fields=[a, b, c], changelogMode=[I]): rowcount = 1.0E8, cumulative cost = {1.0E8 rows, 1.0E8 cpu, 2.4E9 io, 0.0 network, 0.0 memory}
+- LegacyTableSourceScan(table=[[default_catalog, default_database, MyTable2, source: [CollectionTableSource(a, b, c)]]], fields=[a, b, c], changelogMode=[I]): rowcount = 1.0E8, cumulative cost = {1.0E8 rows, 1.0E8 cpu, 2.4E9 io, 0.0 network, 0.0 memory}

== Optimized Execution Plan ==
Union(all=[true], union=[a, b, c])
:- LegacyTableSourceScan(table=[[default_catalog, default_database, MyTable, source: [CollectionTableSource(a, b, c)]]], fields=[a, b, c])
+- LegacyTableSourceScan(table=[[default_catalog, default_database, MyTable2, source: [CollectionTableSource(a, b, c)]]], fields=[a, b, c])

== Physical Execution Plan ==
{
  "nodes" : [ {
    "id" : ,
    "type" : "Source: Custom Source",
    "pact" : "Data Source",
    "contents" : "Source: Custom Source",
    "parallelism" : 1
  }, {
    "id" : ,
    "type" : "SourceConversion[]",
    "pact" : "Operator",
    "contents" : "[]:SourceConversion(table=[default_catalog.default_database.MyTable, source: [CollectionTableSource(a, b, c)]], fields=[a, b, c])",
    "parallelism" : 1,
    "predecessors" : [ {
      "id" : ,
      "ship_strategy" : "FORWARD",
      "side" : "second"
    } ]
  }, {
    "id" : ,
    "type" : "Source: Custom Source",
    "pact" : "Data Source",
    "contents" : "Source: Custom Source",
    "parallelism" : 1
  }, {
    "id" : ,
    "type" : "SourceConversion[]",
    "pact" : "Operator",
    "contents" : "[]:SourceConversion(table=[default_catalog.default_database.MyTable2, source: [CollectionTableSource(a, b, c)]], fields=[a, b, c])",
    "parallelism" : 1,
    "predecessors" : [ {
      "id" : ,
      "ship_strategy" : "FORWARD",
      "side" : "second"
    } ]
  } ]
}