== Abstract Syntax Tree ==
LogicalSink(table=[default_catalog.default_database.MySink], fields=[first])
+- LogicalProject(first=[$0])
   +- LogicalTableScan(table=[[default_catalog, default_database, MyTable]])

== Optimized Physical Plan ==
Sink(table=[default_catalog.default_database.MySink], fields=[first])
+- TableSourceScan(table=[[default_catalog, default_database, MyTable, project=[first], metadata=[]]], fields=[first])

== Optimized Execution Plan ==
Sink(table=[default_catalog.default_database.MySink], fields=[first])
+- TableSourceScan(table=[[default_catalog, default_database, MyTable, project=[first], metadata=[]]], fields=[first])
