== Abstract Syntax Tree ==
LogicalLegacySink(name=[`default_catalog`.`default_database`.`MySink`], fields=[d, e])
+- LogicalProject(a=[$0], EXPR$1=[null:INTEGER])
   +- LogicalFilter(condition=[>($0, 10)])
      +- LogicalTableScan(table=[[default_catalog, default_database, MyTable, source: [CollectionTableSource(a, b, c)]]])

== Optimized Physical Plan ==
LegacySink(name=[`default_catalog`.`default_database`.`MySink`], fields=[d, e])
+- Calc(select=[a, null:INTEGER AS EXPR$1], where=[>(a, 10)])
   +- LegacyTableSourceScan(table=[[default_catalog, default_database, MyTable, source: [CollectionTableSource(a, b, c)]]], fields=[a, b, c])

== Optimized Execution Plan ==
LegacySink(name=[`default_catalog`.`default_database`.`MySink`], fields=[d, e])
+- Calc(select=[a, null:INTEGER AS EXPR$1], where=[(a > 10)])
   +- LegacyTableSourceScan(table=[[default_catalog, default_database, MyTable, source: [CollectionTableSource(a, b, c)]]], fields=[a, b, c])