== Abstract Syntax Tree ==
LogicalLegacySink(name=[`default_catalog`.`default_database`.`MySink1`], fields=[first])
+- LogicalProject(first=[$0])
   +- LogicalTableScan(table=[[default_catalog, default_database, MyTable, source: [CsvTableSource(read fields: first, id, score, last)]]])

LogicalLegacySink(name=[`default_catalog`.`default_database`.`MySink2`], fields=[last])
+- LogicalProject(last=[$3])
   +- LogicalTableScan(table=[[default_catalog, default_database, MyTable, source: [CsvTableSource(read fields: first, id, score, last)]]])

== Optimized Physical Plan With Advice ==
LegacySink(name=[`default_catalog`.`default_database`.`MySink1`], fields=[first])
+- LegacyTableSourceScan(table=[[default_catalog, default_database, MyTable, source: [CsvTableSource(read fields: first)]]], fields=[first])

LegacySink(name=[`default_catalog`.`default_database`.`MySink2`], fields=[last])
+- LegacyTableSourceScan(table=[[default_catalog, default_database, MyTable, source: [CsvTableSource(read fields: last)]]], fields=[last])

No available advice...

== Optimized Execution Plan ==
LegacySink(name=[`default_catalog`.`default_database`.`MySink1`], fields=[first])
+- LegacyTableSourceScan(table=[[default_catalog, default_database, MyTable, source: [CsvTableSource(read fields: first)]]], fields=[first])

LegacySink(name=[`default_catalog`.`default_database`.`MySink2`], fields=[last])
+- LegacyTableSourceScan(table=[[default_catalog, default_database, MyTable, source: [CsvTableSource(read fields: last)]]], fields=[last])
