{
  "flinkVersion" : "",
  "nodes" : [ {
    "class" : "org.apache.flink.table.planner.plan.nodes.exec.stream.StreamExecTableSourceScan",
    "scanTableSource" : {
      "identifier" : {
        "catalogName" : "default_catalog",
        "databaseName" : "default_database",
        "tableName" : "MyTable"
      },
      "catalogTable" : {
        "schema.watermark.0.strategy.expr" : "`rowtime` - INTERVAL '1' SECOND",
        "schema.4.expr" : "PROCTIME()",
        "schema.0.data-type" : "INT",
        "schema.2.name" : "c",
        "schema.1.name" : "b",
        "schema.4.name" : "proctime",
        "schema.1.data-type" : "BIGINT",
        "schema.3.data-type" : "TIMESTAMP(3)",
        "schema.2.data-type" : "VARCHAR(2147483647)",
        "schema.3.name" : "rowtime",
        "connector" : "values",
        "schema.watermark.0.rowtime" : "rowtime",
        "schema.watermark.0.strategy.data-type" : "TIMESTAMP(3)",
        "schema.3.expr" : "TO_TIMESTAMP(`c`)",
        "schema.4.data-type" : "TIMESTAMP(3) WITH LOCAL TIME ZONE NOT NULL",
        "schema.0.name" : "a"
      }
    },
    "id" : 1,
    "outputType" : {
      "type" : "ROW",
      "nullable" : true,
      "fields" : [ {
        "a" : "INT"
      }, {
        "b" : "BIGINT"
      }, {
        "c" : "VARCHAR(2147483647)"
      } ]
    },
    "description" : "TableSourceScan(table=[[default_catalog, default_database, MyTable]], fields=[a, b, c])",
    "inputProperties" : [ ]
  }, {
    "class" : "org.apache.flink.table.planner.plan.nodes.exec.stream.StreamExecCalc",
    "projection" : [ {
      "kind" : "INPUT_REF",
      "inputIndex" : 0,
      "type" : {
        "typeName" : "INTEGER",
        "nullable" : true
      }
    }, {
      "kind" : "INPUT_REF",
      "inputIndex" : 1,
      "type" : {
        "typeName" : "BIGINT",
        "nullable" : true
      }
    }, {
      "kind" : "INPUT_REF",
      "inputIndex" : 2,
      "type" : {
        "typeName" : "VARCHAR",
        "nullable" : true,
        "precision" : 2147483647
      }
    }, {
      "kind" : "REX_CALL",
      "operator" : {
        "name" : "TO_TIMESTAMP",
        "kind" : "OTHER_FUNCTION",
        "syntax" : "FUNCTION"
      },
      "operands" : [ {
        "kind" : "INPUT_REF",
        "inputIndex" : 2,
        "type" : {
          "typeName" : "VARCHAR",
          "nullable" : true,
          "precision" : 2147483647
        }
      } ],
      "type" : {
        "typeName" : "TIMESTAMP",
        "nullable" : true,
        "precision" : 3
      }
    }, {
      "kind" : "REX_CALL",
      "operator" : {
        "name" : "PROCTIME",
        "kind" : "OTHER_FUNCTION",
        "syntax" : "FUNCTION"
      },
      "operands" : [ ],
      "type" : {
        "timestampKind" : "PROCTIME",
        "typeName" : "TIMESTAMP_WITH_LOCAL_TIME_ZONE",
        "nullable" : false
      }
    } ],
    "condition" : null,
    "id" : 2,
    "inputProperties" : [ {
      "requiredDistribution" : {
        "type" : "UNKNOWN"
      },
      "damBehavior" : "PIPELINED",
      "priority" : 0
    } ],
    "outputType" : {
      "type" : "ROW",
      "nullable" : true,
      "fields" : [ {
        "a" : "INT"
      }, {
        "b" : "BIGINT"
      }, {
        "c" : "VARCHAR(2147483647)"
      }, {
        "rowtime" : {
          "type" : "TIMESTAMP_WITHOUT_TIME_ZONE",
          "nullable" : true,
          "precision" : 3,
          "kind" : "REGULAR"
        }
      }, {
        "proctime" : {
          "type" : "TIMESTAMP_WITH_LOCAL_TIME_ZONE",
          "nullable" : false,
          "precision" : 3,
          "kind" : "PROCTIME"
        }
      } ]
    },
    "description" : "Calc(select=[a, b, c, TO_TIMESTAMP(c) AS rowtime, PROCTIME() AS proctime])"
  }, {
    "class" : "org.apache.flink.table.planner.plan.nodes.exec.stream.StreamExecWatermarkAssigner",
    "watermarkExpr" : {
      "kind" : "REX_CALL",
      "operator" : {
        "name" : "-",
        "kind" : "MINUS",
        "syntax" : "SPECIAL"
      },
      "operands" : [ {
        "kind" : "INPUT_REF",
        "inputIndex" : 3,
        "type" : {
          "typeName" : "TIMESTAMP",
          "nullable" : true,
          "precision" : 3
        }
      }, {
        "kind" : "LITERAL",
        "value" : 1000,
        "type" : {
          "typeName" : "INTERVAL_SECOND",
          "nullable" : false,
          "precision" : 2,
          "scale" : 6
        }
      } ],
      "type" : {
        "typeName" : "TIMESTAMP",
        "nullable" : true,
        "precision" : 3
      }
    },
    "rowtimeFieldIndex" : 3,
    "id" : 3,
    "inputProperties" : [ {
      "requiredDistribution" : {
        "type" : "UNKNOWN"
      },
      "damBehavior" : "PIPELINED",
      "priority" : 0
    } ],
    "outputType" : {
      "type" : "ROW",
      "nullable" : true,
      "fields" : [ {
        "a" : "INT"
      }, {
        "b" : "BIGINT"
      }, {
        "c" : "VARCHAR(2147483647)"
      }, {
        "rowtime" : {
          "type" : "TIMESTAMP_WITHOUT_TIME_ZONE",
          "nullable" : true,
          "precision" : 3,
          "kind" : "ROWTIME"
        }
      }, {
        "proctime" : {
          "type" : "TIMESTAMP_WITH_LOCAL_TIME_ZONE",
          "nullable" : false,
          "precision" : 3,
          "kind" : "PROCTIME"
        }
      } ]
    },
    "description" : "WatermarkAssigner(rowtime=[rowtime], watermark=[(rowtime - 1000:INTERVAL SECOND)])"
  }, {
    "class" : "org.apache.flink.table.planner.plan.nodes.exec.stream.StreamExecCalc",
    "projection" : [ {
      "kind" : "INPUT_REF",
      "inputIndex" : 1,
      "type" : {
        "typeName" : "BIGINT",
        "nullable" : true
      }
    }, {
      "kind" : "INPUT_REF",
      "inputIndex" : 0,
      "type" : {
        "typeName" : "INTEGER",
        "nullable" : true
      }
    }, {
      "kind" : "INPUT_REF",
      "inputIndex" : 4,
      "type" : {
        "timestampKind" : "PROCTIME",
        "typeName" : "TIMESTAMP_WITH_LOCAL_TIME_ZONE",
        "nullable" : false
      }
    } ],
    "condition" : null,
    "id" : 4,
    "inputProperties" : [ {
      "requiredDistribution" : {
        "type" : "UNKNOWN"
      },
      "damBehavior" : "PIPELINED",
      "priority" : 0
    } ],
    "outputType" : {
      "type" : "ROW",
      "nullable" : true,
      "fields" : [ {
        "b" : "BIGINT"
      }, {
        "a" : "INT"
      }, {
        "proctime" : {
          "type" : "TIMESTAMP_WITH_LOCAL_TIME_ZONE",
          "nullable" : false,
          "precision" : 3,
          "kind" : "PROCTIME"
        }
      } ]
    },
    "description" : "Calc(select=[b, a, proctime])"
  }, {
    "class" : "org.apache.flink.table.planner.plan.nodes.exec.stream.StreamExecExchange",
    "id" : 5,
    "inputProperties" : [ {
      "requiredDistribution" : {
        "type" : "HASH",
        "keys" : [ 0 ]
      },
      "damBehavior" : "PIPELINED",
      "priority" : 0
    } ],
    "outputType" : {
      "type" : "ROW",
      "nullable" : true,
      "fields" : [ {
        "b" : "BIGINT"
      }, {
        "a" : "INT"
      }, {
        "proctime" : {
          "type" : "TIMESTAMP_WITH_LOCAL_TIME_ZONE",
          "nullable" : false,
          "precision" : 3,
          "kind" : "PROCTIME"
        }
      } ]
    },
    "description" : "Exchange(distribution=[hash[b]])"
  }, {
    "class" : "org.apache.flink.table.planner.plan.nodes.exec.stream.StreamExecWindowAggregate",
    "grouping" : [ 0 ],
    "aggCalls" : [ {
      "name" : "EXPR$1",
      "aggFunction" : {
        "name" : "SUM",
        "kind" : "SUM",
        "syntax" : "FUNCTION"
      },
      "argList" : [ 1 ],
      "filterArg" : -1,
      "distinct" : false,
      "approximate" : false,
      "ignoreNulls" : false,
      "type" : {
        "typeName" : "INTEGER",
        "nullable" : true
      }
    } ],
    "windowing" : {
      "strategy" : "TimeAttribute",
      "window" : {
        "type" : "HoppingWindow",
        "size" : "PT10M",
        "slide" : "PT5M"
      },
      "timeAttributeType" : {
        "type" : "TIMESTAMP_WITH_LOCAL_TIME_ZONE",
        "nullable" : false,
        "precision" : 3,
        "kind" : "PROCTIME"
      },
      "timeAttributeIndex" : 2,
      "isRowtime" : false
    },
    "namedWindowProperties" : [ {
      "name" : "window_start",
      "property" : {
        "kind" : "WindowStart",
        "reference" : {
          "name" : "w$",
          "type" : {
            "type" : "TIMESTAMP_WITH_LOCAL_TIME_ZONE",
            "nullable" : false,
            "precision" : 3,
            "kind" : "PROCTIME"
          }
        }
      }
    }, {
      "name" : "window_end",
      "property" : {
        "kind" : "WindowEnd",
        "reference" : {
          "name" : "w$",
          "type" : {
            "type" : "TIMESTAMP_WITH_LOCAL_TIME_ZONE",
            "nullable" : false,
            "precision" : 3,
            "kind" : "PROCTIME"
          }
        }
      }
    } ],
    "id" : 6,
    "inputProperties" : [ {
      "requiredDistribution" : {
        "type" : "UNKNOWN"
      },
      "damBehavior" : "PIPELINED",
      "priority" : 0
    } ],
    "outputType" : {
      "type" : "ROW",
      "nullable" : true,
      "fields" : [ {
        "b" : "BIGINT"
      }, {
        "EXPR$1" : "INT"
      }, {
        "window_start" : {
          "type" : "TIMESTAMP_WITHOUT_TIME_ZONE",
          "nullable" : false,
          "precision" : 3,
          "kind" : "REGULAR"
        }
      }, {
        "window_end" : {
          "type" : "TIMESTAMP_WITHOUT_TIME_ZONE",
          "nullable" : false,
          "precision" : 3,
          "kind" : "REGULAR"
        }
      } ]
    },
    "description" : "WindowAggregate(groupBy=[b], window=[HOP(time_col=[proctime], size=[10 min], slide=[5 min])], select=[b, SUM(a) AS EXPR$1, start('w$) AS window_start, end('w$) AS window_end])"
  }, {
    "class" : "org.apache.flink.table.planner.plan.nodes.exec.stream.StreamExecCalc",
    "projection" : [ {
      "kind" : "INPUT_REF",
      "inputIndex" : 0,
      "type" : {
        "typeName" : "BIGINT",
        "nullable" : true
      }
    }, {
      "kind" : "INPUT_REF",
      "inputIndex" : 1,
      "type" : {
        "typeName" : "INTEGER",
        "nullable" : true
      }
    } ],
    "condition" : null,
    "id" : 7,
    "inputProperties" : [ {
      "requiredDistribution" : {
        "type" : "UNKNOWN"
      },
      "damBehavior" : "PIPELINED",
      "priority" : 0
    } ],
    "outputType" : {
      "type" : "ROW",
      "nullable" : true,
      "fields" : [ {
        "b" : "BIGINT"
      }, {
        "EXPR$1" : "INT"
      } ]
    },
    "description" : "Calc(select=[b, EXPR$1])"
  }, {
    "class" : "org.apache.flink.table.planner.plan.nodes.exec.stream.StreamExecSink",
    "dynamicTableSink" : {
      "identifier" : {
        "catalogName" : "default_catalog",
        "databaseName" : "default_database",
        "tableName" : "MySink"
      },
      "catalogTable" : {
        "connector" : "values",
        "schema.0.data-type" : "BIGINT",
        "schema.1.name" : "sum_a",
        "schema.0.name" : "b",
        "schema.1.data-type" : "INT"
      }
    },
    "inputChangelogMode" : [ "INSERT" ],
    "id" : 8,
    "inputProperties" : [ {
      "requiredDistribution" : {
        "type" : "UNKNOWN"
      },
      "damBehavior" : "PIPELINED",
      "priority" : 0
    } ],
    "outputType" : {
      "type" : "ROW",
      "nullable" : true,
      "fields" : [ {
        "b" : "BIGINT"
      }, {
        "EXPR$1" : "INT"
      } ]
    },
    "description" : "Sink(table=[default_catalog.default_database.MySink], fields=[b, EXPR$1])"
  } ],
  "edges" : [ {
    "source" : 1,
    "target" : 2,
    "shuffle" : {
      "type" : "FORWARD"
    },
    "shuffleMode" : "PIPELINED"
  }, {
    "source" : 2,
    "target" : 3,
    "shuffle" : {
      "type" : "FORWARD"
    },
    "shuffleMode" : "PIPELINED"
  }, {
    "source" : 3,
    "target" : 4,
    "shuffle" : {
      "type" : "FORWARD"
    },
    "shuffleMode" : "PIPELINED"
  }, {
    "source" : 4,
    "target" : 5,
    "shuffle" : {
      "type" : "FORWARD"
    },
    "shuffleMode" : "PIPELINED"
  }, {
    "source" : 5,
    "target" : 6,
    "shuffle" : {
      "type" : "FORWARD"
    },
    "shuffleMode" : "PIPELINED"
  }, {
    "source" : 6,
    "target" : 7,
    "shuffle" : {
      "type" : "FORWARD"
    },
    "shuffleMode" : "PIPELINED"
  }, {
    "source" : 7,
    "target" : 8,
    "shuffle" : {
      "type" : "FORWARD"
    },
    "shuffleMode" : "PIPELINED"
  } ]
}