{
  "flinkVersion" : "",
  "nodes" : [ {
    "class" : "org.apache.flink.table.planner.plan.nodes.exec.stream.StreamExecTableSourceScan",
    "scanTableSource" : {
      "identifier" : "`default_catalog`.`default_database`.`MyTable`",
      "catalogTable" : {
        "schema.watermark.0.strategy.expr" : "`rowtime` - INTERVAL '1' SECOND",
        "schema.4.expr" : "PROCTIME()",
        "schema.0.data-type" : "INT",
        "schema.2.name" : "c",
        "schema.1.name" : "b",
        "schema.4.name" : "proctime",
        "schema.1.data-type" : "BIGINT",
        "schema.3.data-type" : "TIMESTAMP(3)",
        "schema.2.data-type" : "VARCHAR(2147483647)",
        "schema.3.name" : "rowtime",
        "connector" : "values",
        "schema.watermark.0.rowtime" : "rowtime",
        "schema.watermark.0.strategy.data-type" : "TIMESTAMP(3)",
        "schema.3.expr" : "TO_TIMESTAMP(`c`)",
        "schema.4.data-type" : "TIMESTAMP(3) WITH LOCAL TIME ZONE NOT NULL",
        "schema.0.name" : "a"
      },
      "sourceAbilitySpecs" : [ {
        "type" : "ProjectPushDown",
        "projectedFields" : [ [ 1 ], [ 2 ] ],
        "producedType" : "ROW<`b` BIGINT, `c` VARCHAR(2147483647)> NOT NULL"
      }, {
        "type" : "ReadingMetadata",
        "metadataKeys" : [ ],
        "producedType" : "ROW<`b` BIGINT, `c` VARCHAR(2147483647)> NOT NULL"
      } ]
    },
    "id" : 1,
    "outputType" : "ROW<`b` BIGINT, `c` VARCHAR(2147483647)>",
    "description" : "TableSourceScan(table=[[default_catalog, default_database, MyTable, project=[b, c], metadata=[]]], fields=[b, c])",
    "inputProperties" : [ ]
  }, {
    "class" : "org.apache.flink.table.planner.plan.nodes.exec.stream.StreamExecCalc",
    "projection" : [ {
      "kind" : "INPUT_REF",
      "inputIndex" : 0,
      "type" : "BIGINT"
    }, {
      "kind" : "REX_CALL",
      "operator" : {
        "name" : "PROCTIME",
        "kind" : "OTHER_FUNCTION",
        "syntax" : "FUNCTION"
      },
      "operands" : [ ],
      "type" : {
        "type" : "TIMESTAMP_WITH_LOCAL_TIME_ZONE",
        "nullable" : false,
        "precision" : 3,
        "kind" : "PROCTIME"
      }
    }, {
      "kind" : "REX_CALL",
      "operator" : {
        "name" : "TO_TIMESTAMP",
        "kind" : "OTHER_FUNCTION",
        "syntax" : "FUNCTION"
      },
      "operands" : [ {
        "kind" : "INPUT_REF",
        "inputIndex" : 1,
        "type" : "VARCHAR(2147483647)"
      } ],
      "type" : "TIMESTAMP(3)"
    } ],
    "condition" : null,
    "id" : 2,
    "inputProperties" : [ {
      "requiredDistribution" : {
        "type" : "UNKNOWN"
      },
      "damBehavior" : "PIPELINED",
      "priority" : 0
    } ],
    "outputType" : {
      "type" : "ROW",
      "fields" : [ {
        "name" : "b",
        "fieldType" : "BIGINT"
      }, {
        "name" : "proctime",
        "fieldType" : {
          "type" : "TIMESTAMP_WITH_LOCAL_TIME_ZONE",
          "nullable" : false,
          "precision" : 3,
          "kind" : "PROCTIME"
        }
      }, {
        "name" : "rowtime",
        "fieldType" : "TIMESTAMP(3)"
      } ]
    },
    "description" : "Calc(select=[b, PROCTIME() AS proctime, TO_TIMESTAMP(c) AS rowtime])"
  }, {
    "class" : "org.apache.flink.table.planner.plan.nodes.exec.stream.StreamExecWatermarkAssigner",
    "watermarkExpr" : {
      "kind" : "REX_CALL",
      "operator" : {
        "name" : "-",
        "kind" : "MINUS",
        "syntax" : "SPECIAL"
      },
      "operands" : [ {
        "kind" : "INPUT_REF",
        "inputIndex" : 2,
        "type" : "TIMESTAMP(3)"
      }, {
        "kind" : "LITERAL",
        "value" : 1000,
        "type" : "INTERVAL SECOND(6) NOT NULL"
      } ],
      "type" : "TIMESTAMP(3)"
    },
    "rowtimeFieldIndex" : 2,
    "id" : 3,
    "inputProperties" : [ {
      "requiredDistribution" : {
        "type" : "UNKNOWN"
      },
      "damBehavior" : "PIPELINED",
      "priority" : 0
    } ],
    "outputType" : {
      "type" : "ROW",
      "fields" : [ {
        "name" : "b",
        "fieldType" : "BIGINT"
      }, {
        "name" : "proctime",
        "fieldType" : {
          "type" : "TIMESTAMP_WITH_LOCAL_TIME_ZONE",
          "nullable" : false,
          "precision" : 3,
          "kind" : "PROCTIME"
        }
      }, {
        "name" : "rowtime",
        "fieldType" : {
          "type" : "TIMESTAMP_WITHOUT_TIME_ZONE",
          "precision" : 3,
          "kind" : "ROWTIME"
        }
      } ]
    },
    "description" : "WatermarkAssigner(rowtime=[rowtime], watermark=[(rowtime - 1000:INTERVAL SECOND)])"
  }, {
    "class" : "org.apache.flink.table.planner.plan.nodes.exec.stream.StreamExecCalc",
    "projection" : [ {
      "kind" : "INPUT_REF",
      "inputIndex" : 0,
      "type" : "BIGINT"
    }, {
      "kind" : "INPUT_REF",
      "inputIndex" : 1,
      "type" : {
        "type" : "TIMESTAMP_WITH_LOCAL_TIME_ZONE",
        "nullable" : false,
        "precision" : 3,
        "kind" : "PROCTIME"
      }
    } ],
    "condition" : null,
    "id" : 4,
    "inputProperties" : [ {
      "requiredDistribution" : {
        "type" : "UNKNOWN"
      },
      "damBehavior" : "PIPELINED",
      "priority" : 0
    } ],
    "outputType" : {
      "type" : "ROW",
      "fields" : [ {
        "name" : "b",
        "fieldType" : "BIGINT"
      }, {
        "name" : "proctime",
        "fieldType" : {
          "type" : "TIMESTAMP_WITH_LOCAL_TIME_ZONE",
          "nullable" : false,
          "precision" : 3,
          "kind" : "PROCTIME"
        }
      } ]
    },
    "description" : "Calc(select=[b, proctime])"
  }, {
    "class" : "org.apache.flink.table.planner.plan.nodes.exec.stream.StreamExecExchange",
    "id" : 5,
    "inputProperties" : [ {
      "requiredDistribution" : {
        "type" : "HASH",
        "keys" : [ 0 ]
      },
      "damBehavior" : "PIPELINED",
      "priority" : 0
    } ],
    "outputType" : {
      "type" : "ROW",
      "fields" : [ {
        "name" : "b",
        "fieldType" : "BIGINT"
      }, {
        "name" : "proctime",
        "fieldType" : {
          "type" : "TIMESTAMP_WITH_LOCAL_TIME_ZONE",
          "nullable" : false,
          "precision" : 3,
          "kind" : "PROCTIME"
        }
      } ]
    },
    "description" : "Exchange(distribution=[hash[b]])"
  }, {
    "class" : "org.apache.flink.table.planner.plan.nodes.exec.stream.StreamExecWindowAggregate",
    "grouping" : [ 0 ],
    "aggCalls" : [ {
      "name" : "EXPR$2",
      "aggFunction" : {
        "name" : "COUNT",
        "kind" : "COUNT",
        "syntax" : "FUNCTION_STAR"
      },
      "argList" : [ ],
      "filterArg" : -1,
      "distinct" : false,
      "approximate" : false,
      "ignoreNulls" : false,
      "type" : "BIGINT NOT NULL"
    } ],
    "windowing" : {
      "strategy" : "TimeAttribute",
      "window" : {
        "type" : "TumblingWindow",
        "size" : "PT15M"
      },
      "timeAttributeType" : {
        "type" : "TIMESTAMP_WITH_LOCAL_TIME_ZONE",
        "nullable" : false,
        "precision" : 3,
        "kind" : "PROCTIME"
      },
      "timeAttributeIndex" : 1,
      "isRowtime" : false
    },
    "namedWindowProperties" : [ {
      "name" : "window_start",
      "property" : {
        "kind" : "WindowStart",
        "reference" : {
          "name" : "w$",
          "type" : {
            "type" : "TIMESTAMP_WITH_LOCAL_TIME_ZONE",
            "nullable" : false,
            "precision" : 3,
            "kind" : "PROCTIME"
          }
        }
      }
    }, {
      "name" : "window_end",
      "property" : {
        "kind" : "WindowEnd",
        "reference" : {
          "name" : "w$",
          "type" : {
            "type" : "TIMESTAMP_WITH_LOCAL_TIME_ZONE",
            "nullable" : false,
            "precision" : 3,
            "kind" : "PROCTIME"
          }
        }
      }
    } ],
    "id" : 6,
    "inputProperties" : [ {
      "requiredDistribution" : {
        "type" : "UNKNOWN"
      },
      "damBehavior" : "PIPELINED",
      "priority" : 0
    } ],
    "outputType" : "ROW<`b` BIGINT, `EXPR$2` BIGINT NOT NULL, `window_start` TIMESTAMP(3) NOT NULL, `window_end` TIMESTAMP(3) NOT NULL>",
    "description" : "WindowAggregate(groupBy=[b], window=[TUMBLE(time_col=[proctime], size=[15 min])], select=[b, COUNT(*) AS EXPR$2, start('w$) AS window_start, end('w$) AS window_end])"
  }, {
    "class" : "org.apache.flink.table.planner.plan.nodes.exec.stream.StreamExecCalc",
    "projection" : [ {
      "kind" : "INPUT_REF",
      "inputIndex" : 0,
      "type" : "BIGINT"
    }, {
      "kind" : "INPUT_REF",
      "inputIndex" : 3,
      "type" : "TIMESTAMP(3) NOT NULL"
    }, {
      "kind" : "INPUT_REF",
      "inputIndex" : 1,
      "type" : "BIGINT NOT NULL"
    } ],
    "condition" : null,
    "id" : 7,
    "inputProperties" : [ {
      "requiredDistribution" : {
        "type" : "UNKNOWN"
      },
      "damBehavior" : "PIPELINED",
      "priority" : 0
    } ],
    "outputType" : "ROW<`b` BIGINT, `window_end` TIMESTAMP(3) NOT NULL, `EXPR$2` BIGINT NOT NULL>",
    "description" : "Calc(select=[b, window_end, EXPR$2])"
  }, {
    "class" : "org.apache.flink.table.planner.plan.nodes.exec.stream.StreamExecSink",
    "dynamicTableSink" : {
      "identifier" : "`default_catalog`.`default_database`.`MySink`",
      "catalogTable" : {
        "schema.2.data-type" : "BIGINT",
        "connector" : "values",
        "schema.0.data-type" : "BIGINT",
        "schema.2.name" : "cnt",
        "schema.1.name" : "window_end",
        "schema.0.name" : "b",
        "schema.1.data-type" : "TIMESTAMP(3)"
      }
    },
    "inputChangelogMode" : [ "INSERT" ],
    "id" : 8,
    "inputProperties" : [ {
      "requiredDistribution" : {
        "type" : "UNKNOWN"
      },
      "damBehavior" : "PIPELINED",
      "priority" : 0
    } ],
    "outputType" : "ROW<`b` BIGINT, `window_end` TIMESTAMP(3) NOT NULL, `EXPR$2` BIGINT NOT NULL>",
    "description" : "Sink(table=[default_catalog.default_database.MySink], fields=[b, window_end, EXPR$2])"
  } ],
  "edges" : [ {
    "source" : 1,
    "target" : 2,
    "shuffle" : {
      "type" : "FORWARD"
    },
    "shuffleMode" : "PIPELINED"
  }, {
    "source" : 2,
    "target" : 3,
    "shuffle" : {
      "type" : "FORWARD"
    },
    "shuffleMode" : "PIPELINED"
  }, {
    "source" : 3,
    "target" : 4,
    "shuffle" : {
      "type" : "FORWARD"
    },
    "shuffleMode" : "PIPELINED"
  }, {
    "source" : 4,
    "target" : 5,
    "shuffle" : {
      "type" : "FORWARD"
    },
    "shuffleMode" : "PIPELINED"
  }, {
    "source" : 5,
    "target" : 6,
    "shuffle" : {
      "type" : "FORWARD"
    },
    "shuffleMode" : "PIPELINED"
  }, {
    "source" : 6,
    "target" : 7,
    "shuffle" : {
      "type" : "FORWARD"
    },
    "shuffleMode" : "PIPELINED"
  }, {
    "source" : 7,
    "target" : 8,
    "shuffle" : {
      "type" : "FORWARD"
    },
    "shuffleMode" : "PIPELINED"
  } ]
}