{
  "flinkVersion" : "",
  "nodes" : [ {
    "id" : 1,
    "type" : "stream-exec-table-source-scan_1",
    "scanTableSource" : {
      "table" : {
        "identifier" : "`default_catalog`.`default_database`.`MyTable`",
        "resolvedTable" : {
          "schema" : {
            "columns" : [ {
              "name" : "a",
              "dataType" : "INT"
            }, {
              "name" : "b",
              "dataType" : "BIGINT"
            }, {
              "name" : "c",
              "dataType" : "VARCHAR(2147483647)"
            }, {
              "name" : "rowtime",
              "kind" : "COMPUTED",
              "expression" : {
                "rexNode" : {
                  "kind" : "CALL",
                  "internalName" : "$TO_TIMESTAMP$1",
                  "operands" : [ {
                    "kind" : "INPUT_REF",
                    "inputIndex" : 2,
                    "type" : "VARCHAR(2147483647)"
                  } ],
                  "type" : "TIMESTAMP(3)"
                },
                "serializableString" : "TO_TIMESTAMP(`c`)"
              }
            }, {
              "name" : "proctime",
              "kind" : "COMPUTED",
              "expression" : {
                "rexNode" : {
                  "kind" : "CALL",
                  "internalName" : "$PROCTIME$1",
                  "operands" : [ ],
                  "type" : {
                    "type" : "TIMESTAMP_WITH_LOCAL_TIME_ZONE",
                    "nullable" : false,
                    "precision" : 3,
                    "kind" : "PROCTIME"
                  }
                },
                "serializableString" : "PROCTIME()"
              }
            } ],
            "watermarkSpecs" : [ {
              "rowtimeAttribute" : "rowtime",
              "expression" : {
                "rexNode" : {
                  "kind" : "CALL",
                  "syntax" : "SPECIAL",
                  "internalName" : "$-$1",
                  "operands" : [ {
                    "kind" : "INPUT_REF",
                    "inputIndex" : 3,
                    "type" : "TIMESTAMP(3)"
                  }, {
                    "kind" : "LITERAL",
                    "value" : "1000",
                    "type" : "INTERVAL SECOND(6) NOT NULL"
                  } ],
                  "type" : "TIMESTAMP(3)"
                },
                "serializableString" : "`rowtime` - INTERVAL '1' SECOND"
              }
            } ]
          },
          "partitionKeys" : [ ],
          "options" : {
            "connector" : "values"
          }
        }
      },
      "abilities" : [ {
        "type" : "ProjectPushDown",
        "projectedFields" : [ [ 2 ] ],
        "producedType" : "ROW<`c` VARCHAR(2147483647)> NOT NULL"
      }, {
        "type" : "ReadingMetadata",
        "metadataKeys" : [ ],
        "producedType" : "ROW<`c` VARCHAR(2147483647)> NOT NULL"
      } ]
    },
    "outputType" : "ROW<`c` VARCHAR(2147483647)>",
    "description" : "TableSourceScan(table=[[default_catalog, default_database, MyTable, project=[c], metadata=[]]], fields=[c])",
    "inputProperties" : [ ]
  }, {
    "id" : 2,
    "type" : "stream-exec-calc_1",
    "projection" : [ {
      "kind" : "CALL",
      "internalName" : "$PROCTIME$1",
      "operands" : [ ],
      "type" : {
        "type" : "TIMESTAMP_WITH_LOCAL_TIME_ZONE",
        "nullable" : false,
        "precision" : 3,
        "kind" : "PROCTIME"
      }
    }, {
      "kind" : "CALL",
      "internalName" : "$TO_TIMESTAMP$1",
      "operands" : [ {
        "kind" : "INPUT_REF",
        "inputIndex" : 0,
        "type" : "VARCHAR(2147483647)"
      } ],
      "type" : "TIMESTAMP(3)"
    } ],
    "condition" : null,
    "inputProperties" : [ {
      "requiredDistribution" : {
        "type" : "UNKNOWN"
      },
      "damBehavior" : "PIPELINED",
      "priority" : 0
    } ],
    "outputType" : {
      "type" : "ROW",
      "fields" : [ {
        "name" : "proctime",
        "fieldType" : {
          "type" : "TIMESTAMP_WITH_LOCAL_TIME_ZONE",
          "nullable" : false,
          "precision" : 3,
          "kind" : "PROCTIME"
        }
      }, {
        "name" : "rowtime",
        "fieldType" : "TIMESTAMP(3)"
      } ]
    },
    "description" : "Calc(select=[PROCTIME() AS proctime, TO_TIMESTAMP(c) AS rowtime])"
  }, {
    "id" : 3,
    "type" : "stream-exec-watermark-assigner_1",
    "watermarkExpr" : {
      "kind" : "CALL",
      "syntax" : "SPECIAL",
      "internalName" : "$-$1",
      "operands" : [ {
        "kind" : "INPUT_REF",
        "inputIndex" : 1,
        "type" : "TIMESTAMP(3)"
      }, {
        "kind" : "LITERAL",
        "value" : "1000",
        "type" : "INTERVAL SECOND(6) NOT NULL"
      } ],
      "type" : "TIMESTAMP(3)"
    },
    "rowtimeFieldIndex" : 1,
    "inputProperties" : [ {
      "requiredDistribution" : {
        "type" : "UNKNOWN"
      },
      "damBehavior" : "PIPELINED",
      "priority" : 0
    } ],
    "outputType" : {
      "type" : "ROW",
      "fields" : [ {
        "name" : "proctime",
        "fieldType" : {
          "type" : "TIMESTAMP_WITH_LOCAL_TIME_ZONE",
          "nullable" : false,
          "precision" : 3,
          "kind" : "PROCTIME"
        }
      }, {
        "name" : "rowtime",
        "fieldType" : {
          "type" : "TIMESTAMP_WITHOUT_TIME_ZONE",
          "precision" : 3,
          "kind" : "ROWTIME"
        }
      } ]
    },
    "description" : "WatermarkAssigner(rowtime=[rowtime], watermark=[(rowtime - 1000:INTERVAL SECOND)])"
  }, {
    "id" : 4,
    "type" : "stream-exec-calc_1",
    "projection" : [ {
      "kind" : "INPUT_REF",
      "inputIndex" : 0,
      "type" : {
        "type" : "TIMESTAMP_WITH_LOCAL_TIME_ZONE",
        "nullable" : false,
        "precision" : 3,
        "kind" : "PROCTIME"
      }
    } ],
    "condition" : null,
    "inputProperties" : [ {
      "requiredDistribution" : {
        "type" : "UNKNOWN"
      },
      "damBehavior" : "PIPELINED",
      "priority" : 0
    } ],
    "outputType" : {
      "type" : "ROW",
      "fields" : [ {
        "name" : "proctime",
        "fieldType" : {
          "type" : "TIMESTAMP_WITH_LOCAL_TIME_ZONE",
          "nullable" : false,
          "precision" : 3,
          "kind" : "PROCTIME"
        }
      } ]
    },
    "description" : "Calc(select=[proctime])"
  }, {
    "id" : 5,
    "type" : "stream-exec-exchange_1",
    "inputProperties" : [ {
      "requiredDistribution" : {
        "type" : "SINGLETON"
      },
      "damBehavior" : "PIPELINED",
      "priority" : 0
    } ],
    "outputType" : {
      "type" : "ROW",
      "fields" : [ {
        "name" : "proctime",
        "fieldType" : {
          "type" : "TIMESTAMP_WITH_LOCAL_TIME_ZONE",
          "nullable" : false,
          "precision" : 3,
          "kind" : "PROCTIME"
        }
      } ]
    },
    "description" : "Exchange(distribution=[single])"
  }, {
    "id" : 6,
    "type" : "stream-exec-window-aggregate_1",
    "configuration" : {
      "table.local-time-zone" : "default"
    },
    "grouping" : [ ],
    "aggCalls" : [ {
      "name" : "EXPR$1",
      "syntax" : "FUNCTION_STAR",
      "internalName" : "$COUNT$1",
      "argList" : [ ],
      "filterArg" : -1,
      "distinct" : false,
      "approximate" : false,
      "ignoreNulls" : false,
      "type" : "BIGINT NOT NULL"
    } ],
    "windowing" : {
      "strategy" : "TimeAttribute",
      "window" : {
        "type" : "SessionWindow",
        "gap" : "PT15M",
        "partition_key_indices" : [ ]
      },
      "timeAttributeType" : {
        "type" : "TIMESTAMP_WITH_LOCAL_TIME_ZONE",
        "nullable" : false,
        "precision" : 3,
        "kind" : "PROCTIME"
      },
      "timeAttributeIndex" : 0,
      "isRowtime" : false
    },
    "namedWindowProperties" : [ {
      "name" : "window_start",
      "property" : {
        "kind" : "WindowStart",
        "reference" : {
          "name" : "w$",
          "type" : {
            "type" : "TIMESTAMP_WITH_LOCAL_TIME_ZONE",
            "nullable" : false,
            "precision" : 3,
            "kind" : "PROCTIME"
          }
        }
      }
    }, {
      "name" : "window_end",
      "property" : {
        "kind" : "WindowEnd",
        "reference" : {
          "name" : "w$",
          "type" : {
            "type" : "TIMESTAMP_WITH_LOCAL_TIME_ZONE",
            "nullable" : false,
            "precision" : 3,
            "kind" : "PROCTIME"
          }
        }
      }
    } ],
    "needRetraction" : false,
    "inputProperties" : [ {
      "requiredDistribution" : {
        "type" : "UNKNOWN"
      },
      "damBehavior" : "PIPELINED",
      "priority" : 0
    } ],
    "outputType" : "ROW<`EXPR$1` BIGINT NOT NULL, `window_start` TIMESTAMP(3) NOT NULL, `window_end` TIMESTAMP(3) NOT NULL>",
    "description" : "WindowAggregate(window=[SESSION(time_col=[proctime], gap=[15 min])], select=[COUNT(*) AS EXPR$1, start('w$) AS window_start, end('w$) AS window_end])"
  }, {
    "id" : 7,
    "type" : "stream-exec-calc_1",
    "projection" : [ {
      "kind" : "INPUT_REF",
      "inputIndex" : 2,
      "type" : "TIMESTAMP(3) NOT NULL"
    }, {
      "kind" : "INPUT_REF",
      "inputIndex" : 0,
      "type" : "BIGINT NOT NULL"
    } ],
    "condition" : null,
    "inputProperties" : [ {
      "requiredDistribution" : {
        "type" : "UNKNOWN"
      },
      "damBehavior" : "PIPELINED",
      "priority" : 0
    } ],
    "outputType" : "ROW<`window_end` TIMESTAMP(3) NOT NULL, `EXPR$1` BIGINT NOT NULL>",
    "description" : "Calc(select=[window_end, EXPR$1])"
  }, {
    "id" : 8,
    "type" : "stream-exec-sink_1",
    "configuration" : {
      "table.exec.sink.keyed-shuffle" : "AUTO",
      "table.exec.sink.not-null-enforcer" : "ERROR",
      "table.exec.sink.rowtime-inserter" : "ENABLED",
      "table.exec.sink.type-length-enforcer" : "IGNORE",
      "table.exec.sink.upsert-materialize" : "AUTO"
    },
    "dynamicTableSink" : {
      "table" : {
        "identifier" : "`default_catalog`.`default_database`.`MySink`",
        "resolvedTable" : {
          "schema" : {
            "columns" : [ {
              "name" : "window_end",
              "dataType" : "TIMESTAMP(3)"
            }, {
              "name" : "cnt",
              "dataType" : "BIGINT"
            } ],
            "watermarkSpecs" : [ ]
          },
          "partitionKeys" : [ ],
          "options" : {
            "connector" : "values"
          }
        }
      }
    },
    "inputChangelogMode" : [ "INSERT" ],
    "inputProperties" : [ {
      "requiredDistribution" : {
        "type" : "UNKNOWN"
      },
      "damBehavior" : "PIPELINED",
      "priority" : 0
    } ],
    "outputType" : "ROW<`window_end` TIMESTAMP(3) NOT NULL, `EXPR$1` BIGINT NOT NULL>",
    "description" : "Sink(table=[default_catalog.default_database.MySink], fields=[window_end, EXPR$1])"
  } ],
  "edges" : [ {
    "source" : 1,
    "target" : 2,
    "shuffle" : {
      "type" : "FORWARD"
    },
    "shuffleMode" : "PIPELINED"
  }, {
    "source" : 2,
    "target" : 3,
    "shuffle" : {
      "type" : "FORWARD"
    },
    "shuffleMode" : "PIPELINED"
  }, {
    "source" : 3,
    "target" : 4,
    "shuffle" : {
      "type" : "FORWARD"
    },
    "shuffleMode" : "PIPELINED"
  }, {
    "source" : 4,
    "target" : 5,
    "shuffle" : {
      "type" : "FORWARD"
    },
    "shuffleMode" : "PIPELINED"
  }, {
    "source" : 5,
    "target" : 6,
    "shuffle" : {
      "type" : "FORWARD"
    },
    "shuffleMode" : "PIPELINED"
  }, {
    "source" : 6,
    "target" : 7,
    "shuffle" : {
      "type" : "FORWARD"
    },
    "shuffleMode" : "PIPELINED"
  }, {
    "source" : 7,
    "target" : 8,
    "shuffle" : {
      "type" : "FORWARD"
    },
    "shuffleMode" : "PIPELINED"
  } ]
}