{
  "flinkVersion" : "",
  "nodes" : [ {
    "id" : 1,
    "type" : "stream-exec-table-source-scan_1",
    "scanTableSource" : {
      "table" : {
        "identifier" : "`default_catalog`.`default_database`.`MyTable`",
        "resolvedTable" : {
          "schema" : {
            "columns" : [ {
              "name" : "a",
              "dataType" : "INT"
            }, {
              "name" : "b",
              "dataType" : "BIGINT"
            }, {
              "name" : "c",
              "dataType" : "VARCHAR(2147483647)"
            }, {
              "name" : "rowtime",
              "kind" : "COMPUTED",
              "expression" : {
                "rexNode" : {
                  "kind" : "CALL",
                  "internalName" : "$TO_TIMESTAMP$1",
                  "operands" : [ {
                    "kind" : "INPUT_REF",
                    "inputIndex" : 2,
                    "type" : "VARCHAR(2147483647)"
                  } ],
                  "type" : "TIMESTAMP(3)"
                },
                "serializableString" : "TO_TIMESTAMP(`c`)"
              }
            }, {
              "name" : "proctime",
              "kind" : "COMPUTED",
              "expression" : {
                "rexNode" : {
                  "kind" : "CALL",
                  "internalName" : "$PROCTIME$1",
                  "operands" : [ ],
                  "type" : {
                    "type" : "TIMESTAMP_WITH_LOCAL_TIME_ZONE",
                    "nullable" : false,
                    "precision" : 3,
                    "kind" : "PROCTIME"
                  }
                },
                "serializableString" : "PROCTIME()"
              }
            } ],
            "watermarkSpecs" : [ {
              "rowtimeAttribute" : "rowtime",
              "expression" : {
                "rexNode" : {
                  "kind" : "CALL",
                  "syntax" : "SPECIAL",
                  "internalName" : "$-$1",
                  "operands" : [ {
                    "kind" : "INPUT_REF",
                    "inputIndex" : 3,
                    "type" : "TIMESTAMP(3)"
                  }, {
                    "kind" : "LITERAL",
                    "value" : "1000",
                    "type" : "INTERVAL SECOND(6) NOT NULL"
                  } ],
                  "type" : "TIMESTAMP(3)"
                },
                "serializableString" : "`rowtime` - INTERVAL '1' SECOND"
              }
            } ]
          },
          "partitionKeys" : [ ],
          "options" : {
            "connector" : "values"
          }
        }
      }
    },
    "outputType" : "ROW<`a` INT, `b` BIGINT, `c` VARCHAR(2147483647)>",
    "description" : "TableSourceScan(table=[[default_catalog, default_database, MyTable]], fields=[a, b, c])",
    "inputProperties" : [ ]
  }, {
    "id" : 2,
    "type" : "stream-exec-calc_1",
    "projection" : [ {
      "kind" : "INPUT_REF",
      "inputIndex" : 0,
      "type" : "INT"
    }, {
      "kind" : "INPUT_REF",
      "inputIndex" : 1,
      "type" : "BIGINT"
    }, {
      "kind" : "INPUT_REF",
      "inputIndex" : 2,
      "type" : "VARCHAR(2147483647)"
    }, {
      "kind" : "CALL",
      "internalName" : "$TO_TIMESTAMP$1",
      "operands" : [ {
        "kind" : "INPUT_REF",
        "inputIndex" : 2,
        "type" : "VARCHAR(2147483647)"
      } ],
      "type" : "TIMESTAMP(3)"
    } ],
    "condition" : null,
    "inputProperties" : [ {
      "requiredDistribution" : {
        "type" : "UNKNOWN"
      },
      "damBehavior" : "PIPELINED",
      "priority" : 0
    } ],
    "outputType" : "ROW<`a` INT, `b` BIGINT, `c` VARCHAR(2147483647), `rowtime` TIMESTAMP(3)>",
    "description" : "Calc(select=[a, b, c, TO_TIMESTAMP(c) AS rowtime])"
  }, {
    "id" : 3,
    "type" : "stream-exec-watermark-assigner_1",
    "watermarkExpr" : {
      "kind" : "CALL",
      "syntax" : "SPECIAL",
      "internalName" : "$-$1",
      "operands" : [ {
        "kind" : "INPUT_REF",
        "inputIndex" : 3,
        "type" : "TIMESTAMP(3)"
      }, {
        "kind" : "LITERAL",
        "value" : "1000",
        "type" : "INTERVAL SECOND(6) NOT NULL"
      } ],
      "type" : "TIMESTAMP(3)"
    },
    "rowtimeFieldIndex" : 3,
    "inputProperties" : [ {
      "requiredDistribution" : {
        "type" : "UNKNOWN"
      },
      "damBehavior" : "PIPELINED",
      "priority" : 0
    } ],
    "outputType" : {
      "type" : "ROW",
      "fields" : [ {
        "name" : "a",
        "fieldType" : "INT"
      }, {
        "name" : "b",
        "fieldType" : "BIGINT"
      }, {
        "name" : "c",
        "fieldType" : "VARCHAR(2147483647)"
      }, {
        "name" : "rowtime",
        "fieldType" : {
          "type" : "TIMESTAMP_WITHOUT_TIME_ZONE",
          "precision" : 3,
          "kind" : "ROWTIME"
        }
      } ]
    },
    "description" : "WatermarkAssigner(rowtime=[rowtime], watermark=[(rowtime - 1000:INTERVAL SECOND)])"
  }, {
    "id" : 4,
    "type" : "stream-exec-calc_1",
    "projection" : [ {
      "kind" : "INPUT_REF",
      "inputIndex" : 1,
      "type" : "BIGINT"
    }, {
      "kind" : "INPUT_REF",
      "inputIndex" : 0,
      "type" : "INT"
    }, {
      "kind" : "INPUT_REF",
      "inputIndex" : 2,
      "type" : "VARCHAR(2147483647)"
    }, {
      "kind" : "INPUT_REF",
      "inputIndex" : 3,
      "type" : {
        "type" : "TIMESTAMP_WITHOUT_TIME_ZONE",
        "precision" : 3,
        "kind" : "ROWTIME"
      }
    } ],
    "condition" : null,
    "inputProperties" : [ {
      "requiredDistribution" : {
        "type" : "UNKNOWN"
      },
      "damBehavior" : "PIPELINED",
      "priority" : 0
    } ],
    "outputType" : {
      "type" : "ROW",
      "fields" : [ {
        "name" : "b",
        "fieldType" : "BIGINT"
      }, {
        "name" : "a",
        "fieldType" : "INT"
      }, {
        "name" : "c",
        "fieldType" : "VARCHAR(2147483647)"
      }, {
        "name" : "rowtime",
        "fieldType" : {
          "type" : "TIMESTAMP_WITHOUT_TIME_ZONE",
          "precision" : 3,
          "kind" : "ROWTIME"
        }
      } ]
    },
    "description" : "Calc(select=[b, a, c, rowtime])"
  }, {
    "id" : 5,
    "type" : "stream-exec-local-window-aggregate_1",
    "configuration" : {
      "table.local-time-zone" : "default"
    },
    "grouping" : [ 0 ],
    "aggCalls" : [ {
      "name" : "EXPR$3",
      "syntax" : "FUNCTION_STAR",
      "internalName" : "$COUNT$1",
      "argList" : [ ],
      "filterArg" : -1,
      "distinct" : false,
      "approximate" : false,
      "ignoreNulls" : false,
      "type" : "BIGINT NOT NULL"
    }, {
      "name" : "EXPR$4",
      "internalName" : "$SUM$1",
      "argList" : [ 1 ],
      "filterArg" : -1,
      "distinct" : false,
      "approximate" : false,
      "ignoreNulls" : false,
      "type" : "INT"
    }, {
      "name" : "EXPR$5",
      "syntax" : "FUNCTION_STAR",
      "internalName" : "$COUNT$1",
      "argList" : [ 2 ],
      "filterArg" : -1,
      "distinct" : true,
      "approximate" : false,
      "ignoreNulls" : false,
      "type" : "BIGINT NOT NULL"
    }, {
      "name" : "EXPR$6",
      "catalogName" : "`default_catalog`.`default_database`.`concat_distinct_agg`",
      "class" : "org.apache.flink.table.planner.plan.utils.JavaUserDefinedAggFunctions$ConcatDistinctAggFunction",
      "argList" : [ 2 ],
      "filterArg" : -1,
      "distinct" : false,
      "approximate" : false,
      "ignoreNulls" : false,
      "type" : "VARCHAR(2147483647)"
    } ],
    "windowing" : {
      "strategy" : "TimeAttribute",
      "window" : {
        "type" : "TumblingWindow",
        "size" : "PT5S",
        "offset" : "PT5S"
      },
      "timeAttributeType" : {
        "type" : "TIMESTAMP_WITHOUT_TIME_ZONE",
        "precision" : 3,
        "kind" : "ROWTIME"
      },
      "timeAttributeIndex" : 3,
      "isRowtime" : true
    },
    "inputProperties" : [ {
      "requiredDistribution" : {
        "type" : "UNKNOWN"
      },
      "damBehavior" : "PIPELINED",
      "priority" : 0
    } ],
    "outputType" : {
      "type" : "ROW",
      "fields" : [ {
        "name" : "b",
        "fieldType" : "BIGINT"
      }, {
        "name" : "count1$0",
        "fieldType" : "BIGINT"
      }, {
        "name" : "sum$1",
        "fieldType" : "INT"
      }, {
        "name" : "count$2",
        "fieldType" : "BIGINT"
      }, {
        "name" : "concat_distinct_agg$3",
        "fieldType" : {
          "type" : "STRUCTURED_TYPE",
          "implementationClass" : "org.apache.flink.table.planner.plan.utils.JavaUserDefinedAggFunctions$ConcatAcc",
          "attributes" : [ {
            "name" : "list",
            "attributeType" : {
              "type" : "RAW",
              "class" : "org.apache.flink.table.api.dataview.ListView",
              "externalDataType" : {
                "logicalType" : {
                  "type" : "STRUCTURED_TYPE",
                  "implementationClass" : "org.apache.flink.table.api.dataview.ListView",
                  "attributes" : [ {
                    "name" : "list",
                    "attributeType" : "ARRAY<VARCHAR(2147483647)>"
                  } ]
                },
                "fields" : [ {
                  "name" : "list",
                  "conversionClass" : "java.util.List"
                } ]
              }
            }
          }, {
            "name" : "map",
            "attributeType" : {
              "type" : "RAW",
              "class" : "org.apache.flink.table.api.dataview.MapView",
              "externalDataType" : {
                "type" : "STRUCTURED_TYPE",
                "implementationClass" : "org.apache.flink.table.api.dataview.MapView",
                "attributes" : [ {
                  "name" : "map",
                  "attributeType" : "MAP<VARCHAR(2147483647), BOOLEAN>"
                } ]
              }
            }
          } ]
        }
      }, {
        "name" : "distinct$0",
        "fieldType" : {
          "type" : "RAW",
          "class" : "org.apache.flink.table.api.dataview.MapView",
          "externalDataType" : {
            "logicalType" : {
              "type" : "STRUCTURED_TYPE",
              "implementationClass" : "org.apache.flink.table.api.dataview.MapView",
              "attributes" : [ {
                "name" : "map",
                "attributeType" : "MAP<VARCHAR(2147483647), BIGINT NOT NULL>"
              } ]
            },
            "fields" : [ {
              "name" : "map",
              "keyClass" : {
                "conversionClass" : "org.apache.flink.table.data.StringData"
              }
            } ]
          }
        }
      }, {
        "name" : "$slice_end",
        "fieldType" : "BIGINT"
      } ]
    },
    "description" : "LocalWindowAggregate(groupBy=[b], window=[TUMBLE(time_col=[rowtime], size=[5 s], offset=[5 s])], select=[b, COUNT(*) AS count1$0, SUM(a) AS sum$1, COUNT(distinct$0 c) AS count$2, concat_distinct_agg(c) AS concat_distinct_agg$3, DISTINCT(c) AS distinct$0, slice_end('w$) AS $slice_end])"
  }, {
    "id" : 6,
    "type" : "stream-exec-exchange_1",
    "inputProperties" : [ {
      "requiredDistribution" : {
        "type" : "HASH",
        "keys" : [ 0 ]
      },
      "damBehavior" : "PIPELINED",
      "priority" : 0
    } ],
    "outputType" : {
      "type" : "ROW",
      "fields" : [ {
        "name" : "b",
        "fieldType" : "BIGINT"
      }, {
        "name" : "count1$0",
        "fieldType" : "BIGINT"
      }, {
        "name" : "sum$1",
        "fieldType" : "INT"
      }, {
        "name" : "count$2",
        "fieldType" : "BIGINT"
      }, {
        "name" : "concat_distinct_agg$3",
        "fieldType" : {
          "type" : "STRUCTURED_TYPE",
          "implementationClass" : "org.apache.flink.table.planner.plan.utils.JavaUserDefinedAggFunctions$ConcatAcc",
          "attributes" : [ {
            "name" : "list",
            "attributeType" : {
              "type" : "RAW",
              "class" : "org.apache.flink.table.api.dataview.ListView",
              "externalDataType" : {
                "logicalType" : {
                  "type" : "STRUCTURED_TYPE",
                  "implementationClass" : "org.apache.flink.table.api.dataview.ListView",
                  "attributes" : [ {
                    "name" : "list",
                    "attributeType" : "ARRAY<VARCHAR(2147483647)>"
                  } ]
                },
                "fields" : [ {
                  "name" : "list",
                  "conversionClass" : "java.util.List"
                } ]
              }
            }
          }, {
            "name" : "map",
            "attributeType" : {
              "type" : "RAW",
              "class" : "org.apache.flink.table.api.dataview.MapView",
              "externalDataType" : {
                "type" : "STRUCTURED_TYPE",
                "implementationClass" : "org.apache.flink.table.api.dataview.MapView",
                "attributes" : [ {
                  "name" : "map",
                  "attributeType" : "MAP<VARCHAR(2147483647), BOOLEAN>"
                } ]
              }
            }
          } ]
        }
      }, {
        "name" : "distinct$0",
        "fieldType" : {
          "type" : "RAW",
          "class" : "org.apache.flink.table.api.dataview.MapView",
          "externalDataType" : {
            "logicalType" : {
              "type" : "STRUCTURED_TYPE",
              "implementationClass" : "org.apache.flink.table.api.dataview.MapView",
              "attributes" : [ {
                "name" : "map",
                "attributeType" : "MAP<VARCHAR(2147483647), BIGINT NOT NULL>"
              } ]
            },
            "fields" : [ {
              "name" : "map",
              "keyClass" : {
                "conversionClass" : "org.apache.flink.table.data.StringData"
              }
            } ]
          }
        }
      }, {
        "name" : "$slice_end",
        "fieldType" : "BIGINT"
      } ]
    },
    "description" : "Exchange(distribution=[hash[b]])"
  }, {
    "id" : 7,
    "type" : "stream-exec-global-window-aggregate_1",
    "configuration" : {
      "table.local-time-zone" : "default"
    },
    "grouping" : [ 0 ],
    "aggCalls" : [ {
      "name" : "EXPR$3",
      "syntax" : "FUNCTION_STAR",
      "internalName" : "$COUNT$1",
      "argList" : [ ],
      "filterArg" : -1,
      "distinct" : false,
      "approximate" : false,
      "ignoreNulls" : false,
      "type" : "BIGINT NOT NULL"
    }, {
      "name" : "EXPR$4",
      "internalName" : "$SUM$1",
      "argList" : [ 1 ],
      "filterArg" : -1,
      "distinct" : false,
      "approximate" : false,
      "ignoreNulls" : false,
      "type" : "INT"
    }, {
      "name" : "EXPR$5",
      "syntax" : "FUNCTION_STAR",
      "internalName" : "$COUNT$1",
      "argList" : [ 2 ],
      "filterArg" : -1,
      "distinct" : true,
      "approximate" : false,
      "ignoreNulls" : false,
      "type" : "BIGINT NOT NULL"
    }, {
      "name" : "EXPR$6",
      "catalogName" : "`default_catalog`.`default_database`.`concat_distinct_agg`",
      "class" : "org.apache.flink.table.planner.plan.utils.JavaUserDefinedAggFunctions$ConcatDistinctAggFunction",
      "argList" : [ 2 ],
      "filterArg" : -1,
      "distinct" : false,
      "approximate" : false,
      "ignoreNulls" : false,
      "type" : "VARCHAR(2147483647)"
    } ],
    "windowing" : {
      "strategy" : "SliceAttached",
      "window" : {
        "type" : "TumblingWindow",
        "size" : "PT5S",
        "offset" : "PT5S"
      },
      "timeAttributeType" : {
        "type" : "TIMESTAMP_WITHOUT_TIME_ZONE",
        "precision" : 3,
        "kind" : "ROWTIME"
      },
      "sliceEnd" : 6,
      "isRowtime" : true
    },
    "namedWindowProperties" : [ {
      "name" : "window_start",
      "property" : {
        "kind" : "WindowStart",
        "reference" : {
          "name" : "w$",
          "type" : {
            "type" : "TIMESTAMP_WITHOUT_TIME_ZONE",
            "precision" : 3,
            "kind" : "ROWTIME"
          }
        }
      }
    }, {
      "name" : "window_end",
      "property" : {
        "kind" : "WindowEnd",
        "reference" : {
          "name" : "w$",
          "type" : {
            "type" : "TIMESTAMP_WITHOUT_TIME_ZONE",
            "precision" : 3,
            "kind" : "ROWTIME"
          }
        }
      }
    } ],
    "inputProperties" : [ {
      "requiredDistribution" : {
        "type" : "UNKNOWN"
      },
      "damBehavior" : "PIPELINED",
      "priority" : 0
    } ],
    "localAggInputRowType" : {
      "type" : "ROW",
      "fields" : [ {
        "name" : "b",
        "fieldType" : "BIGINT"
      }, {
        "name" : "a",
        "fieldType" : "INT"
      }, {
        "name" : "c",
        "fieldType" : "VARCHAR(2147483647)"
      }, {
        "name" : "rowtime",
        "fieldType" : {
          "type" : "TIMESTAMP_WITHOUT_TIME_ZONE",
          "precision" : 3,
          "kind" : "ROWTIME"
        }
      } ]
    },
    "outputType" : "ROW<`b` BIGINT, `EXPR$3` BIGINT NOT NULL, `EXPR$4` INT, `EXPR$5` BIGINT NOT NULL, `EXPR$6` VARCHAR(2147483647), `window_start` TIMESTAMP(3) NOT NULL, `window_end` TIMESTAMP(3) NOT NULL>",
    "description" : "GlobalWindowAggregate(groupBy=[b], window=[TUMBLE(slice_end=[$slice_end], size=[5 s], offset=[5 s])], select=[b, COUNT(count1$0) AS EXPR$3, SUM(sum$1) AS EXPR$4, COUNT(distinct$0 count$2) AS EXPR$5, concat_distinct_agg(concat_distinct_agg$3) AS EXPR$6, start('w$) AS window_start, end('w$) AS window_end])"
  }, {
    "id" : 8,
    "type" : "stream-exec-calc_1",
    "projection" : [ {
      "kind" : "INPUT_REF",
      "inputIndex" : 0,
      "type" : "BIGINT"
    }, {
      "kind" : "INPUT_REF",
      "inputIndex" : 5,
      "type" : "TIMESTAMP(3) NOT NULL"
    }, {
      "kind" : "INPUT_REF",
      "inputIndex" : 6,
      "type" : "TIMESTAMP(3) NOT NULL"
    }, {
      "kind" : "INPUT_REF",
      "inputIndex" : 1,
      "type" : "BIGINT NOT NULL"
    }, {
      "kind" : "INPUT_REF",
      "inputIndex" : 2,
      "type" : "INT"
    }, {
      "kind" : "INPUT_REF",
      "inputIndex" : 3,
      "type" : "BIGINT NOT NULL"
    }, {
      "kind" : "INPUT_REF",
      "inputIndex" : 4,
      "type" : "VARCHAR(2147483647)"
    } ],
    "condition" : null,
    "inputProperties" : [ {
      "requiredDistribution" : {
        "type" : "UNKNOWN"
      },
      "damBehavior" : "PIPELINED",
      "priority" : 0
    } ],
    "outputType" : "ROW<`b` BIGINT, `window_start` TIMESTAMP(3) NOT NULL, `window_end` TIMESTAMP(3) NOT NULL, `EXPR$3` BIGINT NOT NULL, `EXPR$4` INT, `EXPR$5` BIGINT NOT NULL, `EXPR$6` VARCHAR(2147483647)>",
    "description" : "Calc(select=[b, window_start, window_end, EXPR$3, EXPR$4, EXPR$5, EXPR$6])"
  }, {
    "id" : 9,
    "type" : "stream-exec-sink_1",
    "configuration" : {
      "table.exec.sink.keyed-shuffle" : "AUTO",
      "table.exec.sink.not-null-enforcer" : "ERROR",
      "table.exec.sink.rowtime-inserter" : "ENABLED",
      "table.exec.sink.type-length-enforcer" : "IGNORE",
      "table.exec.sink.upsert-materialize" : "AUTO"
    },
    "dynamicTableSink" : {
      "table" : {
        "identifier" : "`default_catalog`.`default_database`.`MySink`",
        "resolvedTable" : {
          "schema" : {
            "columns" : [ {
              "name" : "b",
              "dataType" : "BIGINT"
            }, {
              "name" : "window_start",
              "dataType" : "TIMESTAMP(3)"
            }, {
              "name" : "window_end",
              "dataType" : "TIMESTAMP(3)"
            }, {
              "name" : "cnt",
              "dataType" : "BIGINT"
            }, {
              "name" : "sum_a",
              "dataType" : "INT"
            }, {
              "name" : "distinct_cnt",
              "dataType" : "BIGINT"
            }, {
              "name" : "concat_distinct",
              "dataType" : "VARCHAR(2147483647)"
            } ],
            "watermarkSpecs" : [ ]
          },
          "partitionKeys" : [ ],
          "options" : {
            "connector" : "values"
          }
        }
      }
    },
    "inputChangelogMode" : [ "INSERT" ],
    "inputProperties" : [ {
      "requiredDistribution" : {
        "type" : "UNKNOWN"
      },
      "damBehavior" : "PIPELINED",
      "priority" : 0
    } ],
    "outputType" : "ROW<`b` BIGINT, `window_start` TIMESTAMP(3) NOT NULL, `window_end` TIMESTAMP(3) NOT NULL, `EXPR$3` BIGINT NOT NULL, `EXPR$4` INT, `EXPR$5` BIGINT NOT NULL, `EXPR$6` VARCHAR(2147483647)>",
    "description" : "Sink(table=[default_catalog.default_database.MySink], fields=[b, window_start, window_end, EXPR$3, EXPR$4, EXPR$5, EXPR$6])"
  } ],
  "edges" : [ {
    "source" : 1,
    "target" : 2,
    "shuffle" : {
      "type" : "FORWARD"
    },
    "shuffleMode" : "PIPELINED"
  }, {
    "source" : 2,
    "target" : 3,
    "shuffle" : {
      "type" : "FORWARD"
    },
    "shuffleMode" : "PIPELINED"
  }, {
    "source" : 3,
    "target" : 4,
    "shuffle" : {
      "type" : "FORWARD"
    },
    "shuffleMode" : "PIPELINED"
  }, {
    "source" : 4,
    "target" : 5,
    "shuffle" : {
      "type" : "FORWARD"
    },
    "shuffleMode" : "PIPELINED"
  }, {
    "source" : 5,
    "target" : 6,
    "shuffle" : {
      "type" : "FORWARD"
    },
    "shuffleMode" : "PIPELINED"
  }, {
    "source" : 6,
    "target" : 7,
    "shuffle" : {
      "type" : "FORWARD"
    },
    "shuffleMode" : "PIPELINED"
  }, {
    "source" : 7,
    "target" : 8,
    "shuffle" : {
      "type" : "FORWARD"
    },
    "shuffleMode" : "PIPELINED"
  }, {
    "source" : 8,
    "target" : 9,
    "shuffle" : {
      "type" : "FORWARD"
    },
    "shuffleMode" : "PIPELINED"
  } ]
}
