{
  "flinkVersion" : "",
  "nodes" : [ {
    "class" : "org.apache.flink.table.planner.plan.nodes.exec.stream.StreamExecTableSourceScan",
    "scanTableSource" : {
      "identifier" : {
        "catalogName" : "default_catalog",
        "databaseName" : "default_database",
        "tableName" : "MyTable"
      },
      "catalogTable" : {
        "schema.watermark.0.strategy.expr" : "`rowtime` - INTERVAL '1' SECOND",
        "schema.4.expr" : "PROCTIME()",
        "schema.0.data-type" : "INT",
        "schema.2.name" : "c",
        "schema.1.name" : "b",
        "schema.4.name" : "proctime",
        "schema.1.data-type" : "BIGINT",
        "schema.3.data-type" : "TIMESTAMP(3)",
        "schema.2.data-type" : "VARCHAR(2147483647)",
        "schema.3.name" : "rowtime",
        "connector" : "values",
        "schema.watermark.0.rowtime" : "rowtime",
        "schema.watermark.0.strategy.data-type" : "TIMESTAMP(3)",
        "schema.3.expr" : "TO_TIMESTAMP(`c`)",
        "schema.4.data-type" : "TIMESTAMP(3) WITH LOCAL TIME ZONE NOT NULL",
        "schema.0.name" : "a"
      }
    },
    "id" : 1,
    "outputType" : {
      "type" : "ROW",
      "nullable" : true,
      "fields" : [ {
        "a" : "INT"
      }, {
        "b" : "BIGINT"
      }, {
        "c" : "VARCHAR(2147483647)"
      } ]
    },
    "description" : "TableSourceScan(table=[[default_catalog, default_database, MyTable]], fields=[a, b, c])",
    "inputProperties" : [ ]
  }, {
    "class" : "org.apache.flink.table.planner.plan.nodes.exec.stream.StreamExecCalc",
    "projection" : [ {
      "kind" : "INPUT_REF",
      "inputIndex" : 0,
      "type" : {
        "typeName" : "INTEGER",
        "nullable" : true
      }
    }, {
      "kind" : "INPUT_REF",
      "inputIndex" : 1,
      "type" : {
        "typeName" : "BIGINT",
        "nullable" : true
      }
    }, {
      "kind" : "INPUT_REF",
      "inputIndex" : 2,
      "type" : {
        "typeName" : "VARCHAR",
        "nullable" : true,
        "precision" : 2147483647
      }
    }, {
      "kind" : "REX_CALL",
      "operator" : {
        "name" : "TO_TIMESTAMP",
        "kind" : "OTHER_FUNCTION",
        "syntax" : "FUNCTION"
      },
      "operands" : [ {
        "kind" : "INPUT_REF",
        "inputIndex" : 2,
        "type" : {
          "typeName" : "VARCHAR",
          "nullable" : true,
          "precision" : 2147483647
        }
      } ],
      "type" : {
        "typeName" : "TIMESTAMP",
        "nullable" : true,
        "precision" : 3
      }
    }, {
      "kind" : "REX_CALL",
      "operator" : {
        "name" : "PROCTIME",
        "kind" : "OTHER_FUNCTION",
        "syntax" : "FUNCTION"
      },
      "operands" : [ ],
      "type" : {
        "timestampKind" : "PROCTIME",
        "typeName" : "TIMESTAMP_WITH_LOCAL_TIME_ZONE",
        "nullable" : false
      }
    } ],
    "condition" : null,
    "id" : 2,
    "inputProperties" : [ {
      "requiredDistribution" : {
        "type" : "UNKNOWN"
      },
      "damBehavior" : "PIPELINED",
      "priority" : 0
    } ],
    "outputType" : {
      "type" : "ROW",
      "nullable" : true,
      "fields" : [ {
        "a" : "INT"
      }, {
        "b" : "BIGINT"
      }, {
        "c" : "VARCHAR(2147483647)"
      }, {
        "rowtime" : {
          "type" : "TIMESTAMP_WITHOUT_TIME_ZONE",
          "nullable" : true,
          "precision" : 3,
          "kind" : "REGULAR"
        }
      }, {
        "proctime" : {
          "type" : "TIMESTAMP_WITH_LOCAL_TIME_ZONE",
          "nullable" : false,
          "precision" : 3,
          "kind" : "PROCTIME"
        }
      } ]
    },
    "description" : "Calc(select=[a, b, c, TO_TIMESTAMP(c) AS rowtime, PROCTIME() AS proctime])"
  }, {
    "class" : "org.apache.flink.table.planner.plan.nodes.exec.stream.StreamExecWatermarkAssigner",
    "watermarkExpr" : {
      "kind" : "REX_CALL",
      "operator" : {
        "name" : "-",
        "kind" : "MINUS",
        "syntax" : "SPECIAL"
      },
      "operands" : [ {
        "kind" : "INPUT_REF",
        "inputIndex" : 3,
        "type" : {
          "typeName" : "TIMESTAMP",
          "nullable" : true,
          "precision" : 3
        }
      }, {
        "kind" : "LITERAL",
        "value" : 1000,
        "type" : {
          "typeName" : "INTERVAL_SECOND",
          "nullable" : false,
          "precision" : 2,
          "scale" : 6
        }
      } ],
      "type" : {
        "typeName" : "TIMESTAMP",
        "nullable" : true,
        "precision" : 3
      }
    },
    "rowtimeFieldIndex" : 3,
    "id" : 3,
    "inputProperties" : [ {
      "requiredDistribution" : {
        "type" : "UNKNOWN"
      },
      "damBehavior" : "PIPELINED",
      "priority" : 0
    } ],
    "outputType" : {
      "type" : "ROW",
      "nullable" : true,
      "fields" : [ {
        "a" : "INT"
      }, {
        "b" : "BIGINT"
      }, {
        "c" : "VARCHAR(2147483647)"
      }, {
        "rowtime" : {
          "type" : "TIMESTAMP_WITHOUT_TIME_ZONE",
          "nullable" : true,
          "precision" : 3,
          "kind" : "ROWTIME"
        }
      }, {
        "proctime" : {
          "type" : "TIMESTAMP_WITH_LOCAL_TIME_ZONE",
          "nullable" : false,
          "precision" : 3,
          "kind" : "PROCTIME"
        }
      } ]
    },
    "description" : "WatermarkAssigner(rowtime=[rowtime], watermark=[(rowtime - 1000:INTERVAL SECOND)])"
  }, {
    "class" : "org.apache.flink.table.planner.plan.nodes.exec.stream.StreamExecWindowTableFunction",
    "windowing" : {
      "strategy" : "TimeAttribute",
      "window" : {
        "type" : "TumblingWindow",
        "size" : "PT15M"
      },
      "timeAttributeType" : {
        "type" : "TIMESTAMP_WITHOUT_TIME_ZONE",
        "nullable" : true,
        "precision" : 3,
        "kind" : "ROWTIME"
      },
      "timeAttributeIndex" : 3,
      "isRowtime" : true
    },
    "emitPerRecord" : true,
    "id" : 4,
    "inputProperties" : [ {
      "requiredDistribution" : {
        "type" : "UNKNOWN"
      },
      "damBehavior" : "PIPELINED",
      "priority" : 0
    } ],
    "outputType" : {
      "type" : "ROW",
      "nullable" : true,
      "fields" : [ {
        "a" : "INT"
      }, {
        "b" : "BIGINT"
      }, {
        "c" : "VARCHAR(2147483647)"
      }, {
        "rowtime" : {
          "type" : "TIMESTAMP_WITHOUT_TIME_ZONE",
          "nullable" : true,
          "precision" : 3,
          "kind" : "ROWTIME"
        }
      }, {
        "proctime" : {
          "type" : "TIMESTAMP_WITH_LOCAL_TIME_ZONE",
          "nullable" : false,
          "precision" : 3,
          "kind" : "PROCTIME"
        }
      }, {
        "window_start" : {
          "type" : "TIMESTAMP_WITHOUT_TIME_ZONE",
          "nullable" : false,
          "precision" : 3,
          "kind" : "REGULAR"
        }
      }, {
        "window_end" : {
          "type" : "TIMESTAMP_WITHOUT_TIME_ZONE",
          "nullable" : false,
          "precision" : 3,
          "kind" : "REGULAR"
        }
      }, {
        "window_time" : {
          "type" : "TIMESTAMP_WITHOUT_TIME_ZONE",
          "nullable" : false,
          "precision" : 3,
          "kind" : "ROWTIME"
        }
      } ]
    },
    "description" : "WindowTableFunction(window=[TUMBLE(time_col=[rowtime], size=[15 min])], emitPerRecord=[true])"
  }, {
    "class" : "org.apache.flink.table.planner.plan.nodes.exec.stream.StreamExecCalc",
    "projection" : [ {
      "kind" : "INPUT_REF",
      "inputIndex" : 0,
      "type" : {
        "typeName" : "INTEGER",
        "nullable" : true
      }
    }, {
      "kind" : "INPUT_REF",
      "inputIndex" : 1,
      "type" : {
        "typeName" : "BIGINT",
        "nullable" : true
      }
    }, {
      "kind" : "INPUT_REF",
      "inputIndex" : 2,
      "type" : {
        "typeName" : "VARCHAR",
        "nullable" : true,
        "precision" : 2147483647
      }
    }, {
      "kind" : "INPUT_REF",
      "inputIndex" : 5,
      "type" : {
        "typeName" : "TIMESTAMP",
        "nullable" : false,
        "precision" : 3
      }
    }, {
      "kind" : "INPUT_REF",
      "inputIndex" : 6,
      "type" : {
        "typeName" : "TIMESTAMP",
        "nullable" : false,
        "precision" : 3
      }
    } ],
    "condition" : null,
    "id" : 5,
    "inputProperties" : [ {
      "requiredDistribution" : {
        "type" : "UNKNOWN"
      },
      "damBehavior" : "PIPELINED",
      "priority" : 0
    } ],
    "outputType" : {
      "type" : "ROW",
      "nullable" : true,
      "fields" : [ {
        "a" : "INT"
      }, {
        "b" : "BIGINT"
      }, {
        "c" : "VARCHAR(2147483647)"
      }, {
        "window_start" : {
          "type" : "TIMESTAMP_WITHOUT_TIME_ZONE",
          "nullable" : false,
          "precision" : 3,
          "kind" : "REGULAR"
        }
      }, {
        "window_end" : {
          "type" : "TIMESTAMP_WITHOUT_TIME_ZONE",
          "nullable" : false,
          "precision" : 3,
          "kind" : "REGULAR"
        }
      } ]
    },
    "description" : "Calc(select=[a, b, c, window_start, window_end])"
  }, {
    "class" : "org.apache.flink.table.planner.plan.nodes.exec.stream.StreamExecExchange",
    "id" : 6,
    "inputProperties" : [ {
      "requiredDistribution" : {
        "type" : "HASH",
        "keys" : [ 0 ]
      },
      "damBehavior" : "PIPELINED",
      "priority" : 0
    } ],
    "outputType" : {
      "type" : "ROW",
      "nullable" : true,
      "fields" : [ {
        "a" : "INT"
      }, {
        "b" : "BIGINT"
      }, {
        "c" : "VARCHAR(2147483647)"
      }, {
        "window_start" : {
          "type" : "TIMESTAMP_WITHOUT_TIME_ZONE",
          "nullable" : false,
          "precision" : 3,
          "kind" : "REGULAR"
        }
      }, {
        "window_end" : {
          "type" : "TIMESTAMP_WITHOUT_TIME_ZONE",
          "nullable" : false,
          "precision" : 3,
          "kind" : "REGULAR"
        }
      } ]
    },
    "description" : "Exchange(distribution=[hash[a]])"
  }, {
    "class" : "org.apache.flink.table.planner.plan.nodes.exec.stream.StreamExecWindowRank",
    "rankType" : "ROW_NUMBER",
    "partitionSpec" : {
      "fields" : [ 0 ]
    },
    "sortSpec" : {
      "fields" : [ {
        "index" : 1,
        "isAscending" : false,
        "nullIsLast" : true
      } ]
    },
    "rankRange" : {
      "type" : "Constant",
      "start" : 1,
      "end" : 3
    },
    "outputRowNumber" : false,
    "windowing" : {
      "strategy" : "WindowAttached",
      "window" : {
        "type" : "TumblingWindow",
        "size" : "PT15M"
      },
      "timeAttributeType" : {
        "type" : "TIMESTAMP_WITHOUT_TIME_ZONE",
        "nullable" : true,
        "precision" : 3,
        "kind" : "ROWTIME"
      },
      "windowStart" : 3,
      "windowEnd" : 4,
      "isRowtime" : true
    },
    "id" : 7,
    "inputProperties" : [ {
      "requiredDistribution" : {
        "type" : "UNKNOWN"
      },
      "damBehavior" : "PIPELINED",
      "priority" : 0
    } ],
    "outputType" : {
      "type" : "ROW",
      "nullable" : true,
      "fields" : [ {
        "a" : "INT"
      }, {
        "b" : "BIGINT"
      }, {
        "c" : "VARCHAR(2147483647)"
      }, {
        "window_start" : {
          "type" : "TIMESTAMP_WITHOUT_TIME_ZONE",
          "nullable" : false,
          "precision" : 3,
          "kind" : "REGULAR"
        }
      }, {
        "window_end" : {
          "type" : "TIMESTAMP_WITHOUT_TIME_ZONE",
          "nullable" : false,
          "precision" : 3,
          "kind" : "REGULAR"
        }
      } ]
    },
    "description" : "WindowRank(window=[TUMBLE(win_start=[window_start], win_end=[window_end], size=[15 min])], rankType=[ROW_NUMBER], rankRange=[rankStart=1, rankEnd=3], partitionBy=[a], orderBy=[b DESC], select=[a, b, c, window_start, window_end])"
  }, {
    "class" : "org.apache.flink.table.planner.plan.nodes.exec.stream.StreamExecCalc",
    "projection" : [ {
      "kind" : "INPUT_REF",
      "inputIndex" : 3,
      "type" : {
        "typeName" : "TIMESTAMP",
        "nullable" : false,
        "precision" : 3
      }
    }, {
      "kind" : "INPUT_REF",
      "inputIndex" : 4,
      "type" : {
        "typeName" : "TIMESTAMP",
        "nullable" : false,
        "precision" : 3
      }
    }, {
      "kind" : "INPUT_REF",
      "inputIndex" : 0,
      "type" : {
        "typeName" : "INTEGER",
        "nullable" : true
      }
    }, {
      "kind" : "INPUT_REF",
      "inputIndex" : 1,
      "type" : {
        "typeName" : "BIGINT",
        "nullable" : true
      }
    }, {
      "kind" : "INPUT_REF",
      "inputIndex" : 2,
      "type" : {
        "typeName" : "VARCHAR",
        "nullable" : true,
        "precision" : 2147483647
      }
    } ],
    "condition" : null,
    "id" : 8,
    "inputProperties" : [ {
      "requiredDistribution" : {
        "type" : "UNKNOWN"
      },
      "damBehavior" : "PIPELINED",
      "priority" : 0
    } ],
    "outputType" : {
      "type" : "ROW",
      "nullable" : true,
      "fields" : [ {
        "window_start" : {
          "type" : "TIMESTAMP_WITHOUT_TIME_ZONE",
          "nullable" : false,
          "precision" : 3,
          "kind" : "REGULAR"
        }
      }, {
        "window_end" : {
          "type" : "TIMESTAMP_WITHOUT_TIME_ZONE",
          "nullable" : false,
          "precision" : 3,
          "kind" : "REGULAR"
        }
      }, {
        "a" : "INT"
      }, {
        "b" : "BIGINT"
      }, {
        "c" : "VARCHAR(2147483647)"
      } ]
    },
    "description" : "Calc(select=[window_start, window_end, a, b, c])"
  }, {
    "class" : "org.apache.flink.table.planner.plan.nodes.exec.stream.StreamExecSink",
    "dynamicTableSink" : {
      "identifier" : {
        "catalogName" : "default_catalog",
        "databaseName" : "default_database",
        "tableName" : "MySink"
      },
      "catalogTable" : {
        "schema.3.data-type" : "BIGINT",
        "schema.2.data-type" : "INT",
        "schema.3.name" : "b",
        "connector" : "values",
        "schema.0.data-type" : "TIMESTAMP(3)",
        "schema.2.name" : "a",
        "schema.1.name" : "window_end",
        "schema.4.data-type" : "VARCHAR(2147483647)",
        "schema.4.name" : "c",
        "schema.0.name" : "window_start",
        "schema.1.data-type" : "TIMESTAMP(3)"
      }
    },
    "inputChangelogMode" : [ "INSERT" ],
    "id" : 9,
    "inputProperties" : [ {
      "requiredDistribution" : {
        "type" : "UNKNOWN"
      },
      "damBehavior" : "PIPELINED",
      "priority" : 0
    } ],
    "outputType" : {
      "type" : "ROW",
      "nullable" : true,
      "fields" : [ {
        "window_start" : {
          "type" : "TIMESTAMP_WITHOUT_TIME_ZONE",
          "nullable" : false,
          "precision" : 3,
          "kind" : "REGULAR"
        }
      }, {
        "window_end" : {
          "type" : "TIMESTAMP_WITHOUT_TIME_ZONE",
          "nullable" : false,
          "precision" : 3,
          "kind" : "REGULAR"
        }
      }, {
        "a" : "INT"
      }, {
        "b" : "BIGINT"
      }, {
        "c" : "VARCHAR(2147483647)"
      } ]
    },
    "description" : "Sink(table=[default_catalog.default_database.MySink], fields=[window_start, window_end, a, b, c])"
  } ],
  "edges" : [ {
    "source" : 1,
    "target" : 2,
    "shuffle" : {
      "type" : "FORWARD"
    },
    "shuffleMode" : "PIPELINED"
  }, {
    "source" : 2,
    "target" : 3,
    "shuffle" : {
      "type" : "FORWARD"
    },
    "shuffleMode" : "PIPELINED"
  }, {
    "source" : 3,
    "target" : 4,
    "shuffle" : {
      "type" : "FORWARD"
    },
    "shuffleMode" : "PIPELINED"
  }, {
    "source" : 4,
    "target" : 5,
    "shuffle" : {
      "type" : "FORWARD"
    },
    "shuffleMode" : "PIPELINED"
  }, {
    "source" : 5,
    "target" : 6,
    "shuffle" : {
      "type" : "FORWARD"
    },
    "shuffleMode" : "PIPELINED"
  }, {
    "source" : 6,
    "target" : 7,
    "shuffle" : {
      "type" : "FORWARD"
    },
    "shuffleMode" : "PIPELINED"
  }, {
    "source" : 7,
    "target" : 8,
    "shuffle" : {
      "type" : "FORWARD"
    },
    "shuffleMode" : "PIPELINED"
  }, {
    "source" : 8,
    "target" : 9,
    "shuffle" : {
      "type" : "FORWARD"
    },
    "shuffleMode" : "PIPELINED"
  } ]
}