{
  "flinkVersion" : "",
  "nodes" : [ {
    "class" : "org.apache.flink.table.planner.plan.nodes.exec.stream.StreamExecTableSourceScan",
    "scanTableSource" : {
      "identifier" : {
        "catalogName" : "default_catalog",
        "databaseName" : "default_database",
        "tableName" : "MyTable"
      },
      "catalogTable" : {
        "schema.watermark.0.strategy.expr" : "`rowtime` - INTERVAL '1' SECOND",
        "schema.4.expr" : "PROCTIME()",
        "schema.0.data-type" : "INT",
        "schema.2.name" : "c",
        "schema.1.name" : "b",
        "schema.4.name" : "proctime",
        "schema.1.data-type" : "BIGINT",
        "schema.3.data-type" : "TIMESTAMP(3)",
        "schema.2.data-type" : "VARCHAR(2147483647)",
        "schema.3.name" : "rowtime",
        "connector" : "values",
        "schema.watermark.0.rowtime" : "rowtime",
        "schema.watermark.0.strategy.data-type" : "TIMESTAMP(3)",
        "schema.3.expr" : "TO_TIMESTAMP(`c`)",
        "schema.4.data-type" : "TIMESTAMP(3) WITH LOCAL TIME ZONE NOT NULL",
        "schema.0.name" : "a"
      }
    },
    "id" : 29,
    "outputType" : {
      "type" : "ROW",
      "nullable" : true,
      "fields" : [ {
        "a" : "INT"
      }, {
        "b" : "BIGINT"
      }, {
        "c" : "VARCHAR(2147483647)"
      } ]
    },
    "description" : "TableSourceScan(table=[[default_catalog, default_database, MyTable]], fields=[a, b, c])",
    "inputProperties" : [ ]
  }, {
    "class" : "org.apache.flink.table.planner.plan.nodes.exec.stream.StreamExecCalc",
    "projection" : [ {
      "kind" : "INPUT_REF",
      "inputIndex" : 1,
      "type" : {
        "typeName" : "BIGINT",
        "nullable" : true
      }
    }, {
      "kind" : "REX_CALL",
      "operator" : {
        "name" : "TO_TIMESTAMP",
        "kind" : "OTHER_FUNCTION",
        "syntax" : "FUNCTION"
      },
      "operands" : [ {
        "kind" : "INPUT_REF",
        "inputIndex" : 2,
        "type" : {
          "typeName" : "VARCHAR",
          "nullable" : true,
          "precision" : 2147483647
        }
      } ],
      "type" : {
        "typeName" : "TIMESTAMP",
        "nullable" : true,
        "precision" : 3
      }
    }, {
      "kind" : "INPUT_REF",
      "inputIndex" : 2,
      "type" : {
        "typeName" : "VARCHAR",
        "nullable" : true,
        "precision" : 2147483647
      }
    }, {
      "kind" : "INPUT_REF",
      "inputIndex" : 0,
      "type" : {
        "typeName" : "INTEGER",
        "nullable" : true
      }
    } ],
    "condition" : null,
    "id" : 30,
    "inputProperties" : [ {
      "requiredDistribution" : {
        "type" : "UNKNOWN"
      },
      "damBehavior" : "PIPELINED",
      "priority" : 0
    } ],
    "outputType" : {
      "type" : "ROW",
      "nullable" : true,
      "fields" : [ {
        "b" : "BIGINT"
      }, {
        "rowtime" : {
          "type" : "TIMESTAMP_WITHOUT_TIME_ZONE",
          "nullable" : true,
          "precision" : 3,
          "kind" : "REGULAR"
        }
      }, {
        "c" : "VARCHAR(2147483647)"
      }, {
        "a" : "INT"
      } ]
    },
    "description" : "Calc(select=[b, TO_TIMESTAMP(c) AS rowtime, c, a])"
  }, {
    "class" : "org.apache.flink.table.planner.plan.nodes.exec.stream.StreamExecWatermarkAssigner",
    "watermarkExpr" : {
      "kind" : "REX_CALL",
      "operator" : {
        "name" : "-",
        "kind" : "MINUS",
        "syntax" : "SPECIAL"
      },
      "operands" : [ {
        "kind" : "INPUT_REF",
        "inputIndex" : 1,
        "type" : {
          "typeName" : "TIMESTAMP",
          "nullable" : true,
          "precision" : 3
        }
      }, {
        "kind" : "LITERAL",
        "value" : 1000,
        "type" : {
          "typeName" : "INTERVAL_SECOND",
          "nullable" : false,
          "precision" : 2,
          "scale" : 6
        }
      } ],
      "type" : {
        "typeName" : "TIMESTAMP",
        "nullable" : true,
        "precision" : 3
      }
    },
    "rowtimeFieldIndex" : 1,
    "id" : 31,
    "inputProperties" : [ {
      "requiredDistribution" : {
        "type" : "UNKNOWN"
      },
      "damBehavior" : "PIPELINED",
      "priority" : 0
    } ],
    "outputType" : {
      "type" : "ROW",
      "nullable" : true,
      "fields" : [ {
        "b" : "BIGINT"
      }, {
        "rowtime" : {
          "type" : "TIMESTAMP_WITHOUT_TIME_ZONE",
          "nullable" : true,
          "precision" : 3,
          "kind" : "ROWTIME"
        }
      }, {
        "c" : "VARCHAR(2147483647)"
      }, {
        "a" : "INT"
      } ]
    },
    "description" : "WatermarkAssigner(rowtime=[rowtime], watermark=[(rowtime - 1000:INTERVAL SECOND)])"
  }, {
    "class" : "org.apache.flink.table.planner.plan.nodes.exec.stream.StreamExecExchange",
    "id" : 32,
    "inputProperties" : [ {
      "requiredDistribution" : {
        "type" : "HASH",
        "keys" : [ 0 ]
      },
      "damBehavior" : "PIPELINED",
      "priority" : 0
    } ],
    "outputType" : {
      "type" : "ROW",
      "nullable" : true,
      "fields" : [ {
        "b" : "BIGINT"
      }, {
        "rowtime" : {
          "type" : "TIMESTAMP_WITHOUT_TIME_ZONE",
          "nullable" : true,
          "precision" : 3,
          "kind" : "ROWTIME"
        }
      }, {
        "c" : "VARCHAR(2147483647)"
      }, {
        "a" : "INT"
      } ]
    },
    "description" : "Exchange(distribution=[hash[b]])"
  }, {
    "class" : "org.apache.flink.table.planner.plan.nodes.exec.stream.StreamExecGroupWindowAggregate",
    "grouping" : [ 0 ],
    "aggCalls" : [ {
      "name" : "EXPR$1",
      "aggFunction" : {
        "name" : "COUNT",
        "kind" : "COUNT",
        "syntax" : "FUNCTION_STAR"
      },
      "argList" : [ 2 ],
      "filterArg" : -1,
      "distinct" : false,
      "approximate" : false,
      "ignoreNulls" : false,
      "type" : {
        "typeName" : "BIGINT",
        "nullable" : false
      }
    }, {
      "name" : "EXPR$2",
      "aggFunction" : {
        "name" : "SUM",
        "kind" : "SUM",
        "syntax" : "FUNCTION"
      },
      "argList" : [ 3 ],
      "filterArg" : -1,
      "distinct" : false,
      "approximate" : false,
      "ignoreNulls" : false,
      "type" : {
        "typeName" : "INTEGER",
        "nullable" : true
      }
    } ],
    "window" : {
      "kind" : "SESSION",
      "alias" : {
        "name" : "w$",
        "type" : {
          "type" : "TIMESTAMP_WITHOUT_TIME_ZONE",
          "nullable" : true,
          "precision" : 3,
          "kind" : "ROWTIME"
        }
      },
      "timeField" : {
        "fieldName" : "rowtime",
        "fieldIndex" : 1,
        "inputIndex" : 0,
        "fieldType" : {
          "type" : "TIMESTAMP_WITHOUT_TIME_ZONE",
          "nullable" : true,
          "precision" : 3,
          "kind" : "ROWTIME"
        }
      },
      "gap" : "PT10S"
    },
    "namedWindowProperties" : [ ],
    "needRetraction" : false,
    "id" : 33,
    "inputProperties" : [ {
      "requiredDistribution" : {
        "type" : "UNKNOWN"
      },
      "damBehavior" : "PIPELINED",
      "priority" : 0
    } ],
    "outputType" : {
      "type" : "ROW",
      "nullable" : true,
      "fields" : [ {
        "b" : "BIGINT"
      }, {
        "EXPR$1" : "BIGINT NOT NULL"
      }, {
        "EXPR$2" : "INT"
      } ]
    },
    "description" : "GroupWindowAggregate(groupBy=[b], window=[SessionGroupWindow('w$, rowtime, 10000)], select=[b, COUNT(c) AS EXPR$1, SUM(a) AS EXPR$2])"
  }, {
    "class" : "org.apache.flink.table.planner.plan.nodes.exec.stream.StreamExecSink",
    "dynamicTableSink" : {
      "identifier" : {
        "catalogName" : "default_catalog",
        "databaseName" : "default_database",
        "tableName" : "MySink"
      },
      "catalogTable" : {
        "schema.2.data-type" : "INT",
        "connector" : "values",
        "schema.0.data-type" : "BIGINT",
        "schema.2.name" : "sum_a",
        "schema.1.name" : "cnt",
        "schema.0.name" : "b",
        "schema.1.data-type" : "BIGINT"
      }
    },
    "inputChangelogMode" : [ "INSERT" ],
    "id" : 34,
    "inputProperties" : [ {
      "requiredDistribution" : {
        "type" : "UNKNOWN"
      },
      "damBehavior" : "PIPELINED",
      "priority" : 0
    } ],
    "outputType" : {
      "type" : "ROW",
      "nullable" : true,
      "fields" : [ {
        "b" : "BIGINT"
      }, {
        "EXPR$1" : "BIGINT NOT NULL"
      }, {
        "EXPR$2" : "INT"
      } ]
    },
    "description" : "Sink(table=[default_catalog.default_database.MySink], fields=[b, EXPR$1, EXPR$2])"
  } ],
  "edges" : [ {
    "source" : 29,
    "target" : 30,
    "shuffle" : {
      "type" : "FORWARD"
    },
    "shuffleMode" : "PIPELINED"
  }, {
    "source" : 30,
    "target" : 31,
    "shuffle" : {
      "type" : "FORWARD"
    },
    "shuffleMode" : "PIPELINED"
  }, {
    "source" : 31,
    "target" : 32,
    "shuffle" : {
      "type" : "FORWARD"
    },
    "shuffleMode" : "PIPELINED"
  }, {
    "source" : 32,
    "target" : 33,
    "shuffle" : {
      "type" : "FORWARD"
    },
    "shuffleMode" : "PIPELINED"
  }, {
    "source" : 33,
    "target" : 34,
    "shuffle" : {
      "type" : "FORWARD"
    },
    "shuffleMode" : "PIPELINED"
  } ]
}